2025-08-05 22:31:32,431 - INFO - Parsed arguments:
{
    "data_path": "data/100K/sample_100K.csv",
    "output_dir": "logs/training/all/Experiment12/tabgnn",
    "target_column": "tag",
    "important_features": null,
    "similarity_threshold": 0.05,
    "model_type": "tabgnn",
    "gnn_type": "gcn",
    "hidden_dim": 64,
    "num_layers": 2,
    "dropout": 0.1,
    "batch_size": 64,
    "epochs": 100,
    "lr": 0.0005,
    "weight_decay": 0.0001,
    "patience": 30,
    "seed": 42,
    "device": "cuda",
    "precomputed_similarity_path": "data/100K/similarity_output_merged_100K.pt"
}
2025-08-05 22:31:32,439 - INFO - Using device: cuda
2025-08-05 22:31:32,439 - INFO - Initialized I/O data processor for data/100K/sample_100K.csv
2025-08-05 22:31:32,439 - INFO - Loading data from data/100K/sample_100K.csv
2025-08-05 22:31:32,751 - INFO - Loaded data with shape (100000, 46)
2025-08-05 22:31:32,751 - INFO - Preprocessing data
2025-08-05 22:31:32,751 - INFO - Initialized feature similarity graph constructor for nprocs
2025-08-05 22:31:32,751 - INFO - Initialized feature similarity graph constructor for POSIX_OPENS
2025-08-05 22:31:32,751 - INFO - Initialized feature similarity graph constructor for LUSTRE_STRIPE_SIZE
2025-08-05 22:31:32,751 - INFO - Initialized feature similarity graph constructor for LUSTRE_STRIPE_WIDTH
2025-08-05 22:31:32,751 - INFO - Initialized feature similarity graph constructor for POSIX_FILENOS
2025-08-05 22:31:32,751 - INFO - Initialized feature similarity graph constructor for POSIX_MEM_ALIGNMENT
2025-08-05 22:31:32,751 - INFO - Initialized feature similarity graph constructor for POSIX_FILE_ALIGNMENT
2025-08-05 22:31:32,751 - INFO - Initialized feature similarity graph constructor for POSIX_READS
2025-08-05 22:31:32,751 - INFO - Initialized feature similarity graph constructor for POSIX_WRITES
2025-08-05 22:31:32,751 - INFO - Initialized feature similarity graph constructor for POSIX_SEEKS
2025-08-05 22:31:32,751 - INFO - Initialized feature similarity graph constructor for POSIX_STATS
2025-08-05 22:31:32,751 - INFO - Initialized feature similarity graph constructor for POSIX_BYTES_READ
2025-08-05 22:31:32,751 - INFO - Initialized feature similarity graph constructor for POSIX_BYTES_WRITTEN
2025-08-05 22:31:32,751 - INFO - Initialized feature similarity graph constructor for POSIX_CONSEC_READS
2025-08-05 22:31:32,751 - INFO - Initialized feature similarity graph constructor for POSIX_CONSEC_WRITES
2025-08-05 22:31:32,751 - INFO - Initialized feature similarity graph constructor for POSIX_SEQ_READS
2025-08-05 22:31:32,751 - INFO - Initialized feature similarity graph constructor for POSIX_SEQ_WRITES
2025-08-05 22:31:32,751 - INFO - Initialized feature similarity graph constructor for POSIX_RW_SWITCHES
2025-08-05 22:31:32,751 - INFO - Initialized feature similarity graph constructor for POSIX_MEM_NOT_ALIGNED
2025-08-05 22:31:32,751 - INFO - Initialized feature similarity graph constructor for POSIX_FILE_NOT_ALIGNED
2025-08-05 22:31:32,752 - INFO - Initialized feature similarity graph constructor for POSIX_SIZE_READ_0_100
2025-08-05 22:31:32,752 - INFO - Initialized feature similarity graph constructor for POSIX_SIZE_READ_100_1K
2025-08-05 22:31:32,752 - INFO - Initialized feature similarity graph constructor for POSIX_SIZE_READ_1K_10K
2025-08-05 22:31:32,752 - INFO - Initialized feature similarity graph constructor for POSIX_SIZE_READ_100K_1M
2025-08-05 22:31:32,752 - INFO - Initialized feature similarity graph constructor for POSIX_SIZE_WRITE_0_100
2025-08-05 22:31:32,752 - INFO - Initialized feature similarity graph constructor for POSIX_SIZE_WRITE_100_1K
2025-08-05 22:31:32,752 - INFO - Initialized feature similarity graph constructor for POSIX_SIZE_WRITE_1K_10K
2025-08-05 22:31:32,752 - INFO - Initialized feature similarity graph constructor for POSIX_SIZE_WRITE_10K_100K
2025-08-05 22:31:32,752 - INFO - Initialized feature similarity graph constructor for POSIX_SIZE_WRITE_100K_1M
2025-08-05 22:31:32,752 - INFO - Initialized feature similarity graph constructor for POSIX_STRIDE1_STRIDE
2025-08-05 22:31:32,752 - INFO - Initialized feature similarity graph constructor for POSIX_STRIDE2_STRIDE
2025-08-05 22:31:32,752 - INFO - Initialized feature similarity graph constructor for POSIX_STRIDE3_STRIDE
2025-08-05 22:31:32,752 - INFO - Initialized feature similarity graph constructor for POSIX_STRIDE4_STRIDE
2025-08-05 22:31:32,752 - INFO - Initialized feature similarity graph constructor for POSIX_STRIDE1_COUNT
2025-08-05 22:31:32,752 - INFO - Initialized feature similarity graph constructor for POSIX_STRIDE2_COUNT
2025-08-05 22:31:32,752 - INFO - Initialized feature similarity graph constructor for POSIX_STRIDE3_COUNT
2025-08-05 22:31:32,752 - INFO - Initialized feature similarity graph constructor for POSIX_STRIDE4_COUNT
2025-08-05 22:31:32,752 - INFO - Initialized feature similarity graph constructor for POSIX_ACCESS1_ACCESS
2025-08-05 22:31:32,752 - INFO - Initialized feature similarity graph constructor for POSIX_ACCESS2_ACCESS
2025-08-05 22:31:32,752 - INFO - Initialized feature similarity graph constructor for POSIX_ACCESS3_ACCESS
2025-08-05 22:31:32,752 - INFO - Initialized feature similarity graph constructor for POSIX_ACCESS4_ACCESS
2025-08-05 22:31:32,752 - INFO - Initialized feature similarity graph constructor for POSIX_ACCESS1_COUNT
2025-08-05 22:31:32,752 - INFO - Initialized feature similarity graph constructor for POSIX_ACCESS2_COUNT
2025-08-05 22:31:32,752 - INFO - Initialized feature similarity graph constructor for POSIX_ACCESS3_COUNT
2025-08-05 22:31:32,752 - INFO - Initialized feature similarity graph constructor for POSIX_ACCESS4_COUNT
2025-08-05 22:31:32,752 - INFO - Initialized multiplex graph constructor for 45 features
2025-08-05 22:31:32,752 - INFO - Creating combined PyG data
2025-08-05 22:31:32,752 - INFO - Loading precomputed similarity from data/100K/similarity_output_merged_100K.pt
2025-08-05 22:32:22,390 - INFO - Loading precomputed similarity from data/100K/similarity_output_merged_100K.pt
2025-08-05 22:33:06,430 - INFO - Splitting data into train, validation, and test sets
2025-08-05 22:33:06,535 - INFO - Train: 69999, Val: 15001, Test: 15000
2025-08-05 22:33:06,540 - INFO - Saving processed data to logs/training/all/Experiment12/tabgnn/processed_data
2025-08-05 22:33:08,374 - INFO - Constructing multiplex graphs
2025-08-05 22:33:08,375 - INFO - Loading precomputed similarity from data/100K/similarity_output_merged_100K.pt
2025-08-05 22:33:47,107 - INFO - Creating combined PyG data
2025-08-05 22:33:47,107 - INFO - Loading precomputed similarity from data/100K/similarity_output_merged_100K.pt
2025-08-05 22:34:26,795 - INFO - Loading precomputed similarity from data/100K/similarity_output_merged_100K.pt
2025-08-05 22:35:18,046 - INFO - Saved processed data to logs/training/all/Experiment12/tabgnn/processed_data
2025-08-05 22:35:18,411 - INFO - Initialized GCN model with 2 layers
2025-08-05 22:35:18,411 - INFO - Initialized TabGNN regressor with 1 graph types
2025-08-05 22:35:18,740 - INFO - Epoch 1/100: Train Loss: 0.0163, Val Loss: 0.0125, Test Loss: 0.0114
2025-08-05 22:35:18,899 - INFO - Epoch 2/100: Train Loss: 0.0116, Val Loss: 0.0083, Test Loss: 0.0078
2025-08-05 22:35:19,055 - INFO - Epoch 3/100: Train Loss: 0.0083, Val Loss: 0.0061, Test Loss: 0.0060
2025-08-05 22:35:19,211 - INFO - Epoch 4/100: Train Loss: 0.0065, Val Loss: 0.0050, Test Loss: 0.0050
2025-08-05 22:35:19,367 - INFO - Epoch 5/100: Train Loss: 0.0054, Val Loss: 0.0044, Test Loss: 0.0044
2025-08-05 22:35:19,524 - INFO - Epoch 6/100: Train Loss: 0.0049, Val Loss: 0.0041, Test Loss: 0.0041
2025-08-05 22:35:19,680 - INFO - Epoch 7/100: Train Loss: 0.0046, Val Loss: 0.0040, Test Loss: 0.0040
2025-08-05 22:35:19,837 - INFO - Epoch 8/100: Train Loss: 0.0043, Val Loss: 0.0037, Test Loss: 0.0037
2025-08-05 22:35:19,993 - INFO - Epoch 9/100: Train Loss: 0.0039, Val Loss: 0.0033, Test Loss: 0.0033
2025-08-05 22:35:20,151 - INFO - Epoch 10/100: Train Loss: 0.0036, Val Loss: 0.0029, Test Loss: 0.0029
2025-08-05 22:35:20,308 - INFO - Epoch 11/100: Train Loss: 0.0033, Val Loss: 0.0026, Test Loss: 0.0026
2025-08-05 22:35:20,464 - INFO - Epoch 12/100: Train Loss: 0.0031, Val Loss: 0.0024, Test Loss: 0.0024
2025-08-05 22:35:20,621 - INFO - Epoch 13/100: Train Loss: 0.0029, Val Loss: 0.0024, Test Loss: 0.0024
2025-08-05 22:35:20,777 - INFO - Epoch 14/100: Train Loss: 0.0028, Val Loss: 0.0023, Test Loss: 0.0023
2025-08-05 22:35:20,933 - INFO - Epoch 15/100: Train Loss: 0.0029, Val Loss: 0.0022, Test Loss: 0.0021
2025-08-05 22:35:21,089 - INFO - Epoch 16/100: Train Loss: 0.0028, Val Loss: 0.0020, Test Loss: 0.0020
2025-08-05 22:35:21,246 - INFO - Epoch 17/100: Train Loss: 0.0024, Val Loss: 0.0018, Test Loss: 0.0018
2025-08-05 22:35:21,402 - INFO - Epoch 18/100: Train Loss: 0.0023, Val Loss: 0.0016, Test Loss: 0.0016
2025-08-05 22:35:21,558 - INFO - Epoch 19/100: Train Loss: 0.0021, Val Loss: 0.0015, Test Loss: 0.0015
2025-08-05 22:35:21,714 - INFO - Epoch 20/100: Train Loss: 0.0020, Val Loss: 0.0015, Test Loss: 0.0015
2025-08-05 22:35:21,870 - INFO - Epoch 21/100: Train Loss: 0.0019, Val Loss: 0.0015, Test Loss: 0.0015
2025-08-05 22:35:22,026 - INFO - Epoch 22/100: Train Loss: 0.0018, Val Loss: 0.0014, Test Loss: 0.0014
2025-08-05 22:35:22,182 - INFO - Epoch 23/100: Train Loss: 0.0017, Val Loss: 0.0013, Test Loss: 0.0013
2025-08-05 22:35:22,339 - INFO - Epoch 24/100: Train Loss: 0.0017, Val Loss: 0.0012, Test Loss: 0.0012
2025-08-05 22:35:22,495 - INFO - Epoch 25/100: Train Loss: 0.0015, Val Loss: 0.0011, Test Loss: 0.0011
2025-08-05 22:35:22,651 - INFO - Epoch 26/100: Train Loss: 0.0014, Val Loss: 0.0010, Test Loss: 0.0010
2025-08-05 22:35:22,808 - INFO - Epoch 27/100: Train Loss: 0.0014, Val Loss: 0.0009, Test Loss: 0.0009
2025-08-05 22:35:22,964 - INFO - Epoch 28/100: Train Loss: 0.0013, Val Loss: 0.0009, Test Loss: 0.0009
2025-08-05 22:35:23,120 - INFO - Epoch 29/100: Train Loss: 0.0013, Val Loss: 0.0008, Test Loss: 0.0009
2025-08-05 22:35:23,276 - INFO - Epoch 30/100: Train Loss: 0.0013, Val Loss: 0.0008, Test Loss: 0.0008
2025-08-05 22:35:23,433 - INFO - Epoch 31/100: Train Loss: 0.0012, Val Loss: 0.0008, Test Loss: 0.0008
2025-08-05 22:35:23,589 - INFO - Epoch 32/100: Train Loss: 0.0012, Val Loss: 0.0008, Test Loss: 0.0008
2025-08-05 22:35:23,747 - INFO - Epoch 33/100: Train Loss: 0.0012, Val Loss: 0.0008, Test Loss: 0.0008
2025-08-05 22:35:23,903 - INFO - Epoch 34/100: Train Loss: 0.0012, Val Loss: 0.0008, Test Loss: 0.0008
2025-08-05 22:35:24,059 - INFO - Epoch 35/100: Train Loss: 0.0012, Val Loss: 0.0008, Test Loss: 0.0008
2025-08-05 22:35:24,215 - INFO - Epoch 36/100: Train Loss: 0.0011, Val Loss: 0.0008, Test Loss: 0.0008
2025-08-05 22:35:24,372 - INFO - Epoch 37/100: Train Loss: 0.0011, Val Loss: 0.0008, Test Loss: 0.0008
2025-08-05 22:35:24,528 - INFO - Epoch 38/100: Train Loss: 0.0011, Val Loss: 0.0008, Test Loss: 0.0008
2025-08-05 22:35:24,684 - INFO - Epoch 39/100: Train Loss: 0.0011, Val Loss: 0.0007, Test Loss: 0.0008
2025-08-05 22:35:24,840 - INFO - Epoch 40/100: Train Loss: 0.0011, Val Loss: 0.0007, Test Loss: 0.0007
2025-08-05 22:35:24,996 - INFO - Epoch 41/100: Train Loss: 0.0011, Val Loss: 0.0007, Test Loss: 0.0007
2025-08-05 22:35:25,152 - INFO - Epoch 42/100: Train Loss: 0.0010, Val Loss: 0.0007, Test Loss: 0.0007
2025-08-05 22:35:25,308 - INFO - Epoch 43/100: Train Loss: 0.0010, Val Loss: 0.0007, Test Loss: 0.0007
2025-08-05 22:35:25,465 - INFO - Epoch 44/100: Train Loss: 0.0010, Val Loss: 0.0007, Test Loss: 0.0007
2025-08-05 22:35:25,621 - INFO - Epoch 45/100: Train Loss: 0.0010, Val Loss: 0.0007, Test Loss: 0.0007
2025-08-05 22:35:25,777 - INFO - Epoch 46/100: Train Loss: 0.0010, Val Loss: 0.0007, Test Loss: 0.0007
2025-08-05 22:35:25,933 - INFO - Epoch 47/100: Train Loss: 0.0010, Val Loss: 0.0007, Test Loss: 0.0007
2025-08-05 22:35:26,090 - INFO - Epoch 48/100: Train Loss: 0.0010, Val Loss: 0.0007, Test Loss: 0.0007
2025-08-05 22:35:26,246 - INFO - Epoch 49/100: Train Loss: 0.0010, Val Loss: 0.0007, Test Loss: 0.0007
2025-08-05 22:35:26,402 - INFO - Epoch 50/100: Train Loss: 0.0009, Val Loss: 0.0007, Test Loss: 0.0007
2025-08-05 22:35:26,559 - INFO - Epoch 51/100: Train Loss: 0.0010, Val Loss: 0.0007, Test Loss: 0.0007
2025-08-05 22:35:26,715 - INFO - Epoch 52/100: Train Loss: 0.0009, Val Loss: 0.0007, Test Loss: 0.0007
2025-08-05 22:35:26,871 - INFO - Epoch 53/100: Train Loss: 0.0009, Val Loss: 0.0007, Test Loss: 0.0007
2025-08-05 22:35:27,027 - INFO - Epoch 54/100: Train Loss: 0.0009, Val Loss: 0.0007, Test Loss: 0.0007
2025-08-05 22:35:27,184 - INFO - Epoch 55/100: Train Loss: 0.0009, Val Loss: 0.0007, Test Loss: 0.0007
2025-08-05 22:35:27,340 - INFO - Epoch 56/100: Train Loss: 0.0009, Val Loss: 0.0007, Test Loss: 0.0007
2025-08-05 22:35:27,496 - INFO - Epoch 57/100: Train Loss: 0.0009, Val Loss: 0.0006, Test Loss: 0.0007
2025-08-05 22:35:27,652 - INFO - Epoch 58/100: Train Loss: 0.0009, Val Loss: 0.0006, Test Loss: 0.0007
2025-08-05 22:35:27,808 - INFO - Epoch 59/100: Train Loss: 0.0009, Val Loss: 0.0006, Test Loss: 0.0007
2025-08-05 22:35:27,964 - INFO - Epoch 60/100: Train Loss: 0.0009, Val Loss: 0.0006, Test Loss: 0.0007
2025-08-05 22:35:28,121 - INFO - Epoch 61/100: Train Loss: 0.0009, Val Loss: 0.0006, Test Loss: 0.0006
2025-08-05 22:35:28,277 - INFO - Epoch 62/100: Train Loss: 0.0009, Val Loss: 0.0006, Test Loss: 0.0006
2025-08-05 22:35:28,433 - INFO - Epoch 63/100: Train Loss: 0.0009, Val Loss: 0.0006, Test Loss: 0.0006
2025-08-05 22:35:28,589 - INFO - Epoch 64/100: Train Loss: 0.0009, Val Loss: 0.0006, Test Loss: 0.0006
2025-08-05 22:35:28,746 - INFO - Epoch 65/100: Train Loss: 0.0009, Val Loss: 0.0006, Test Loss: 0.0006
2025-08-05 22:35:28,902 - INFO - Epoch 66/100: Train Loss: 0.0009, Val Loss: 0.0006, Test Loss: 0.0006
2025-08-05 22:35:29,058 - INFO - Epoch 67/100: Train Loss: 0.0008, Val Loss: 0.0006, Test Loss: 0.0006
2025-08-05 22:35:29,214 - INFO - Epoch 68/100: Train Loss: 0.0008, Val Loss: 0.0006, Test Loss: 0.0006
2025-08-05 22:35:29,370 - INFO - Epoch 69/100: Train Loss: 0.0008, Val Loss: 0.0006, Test Loss: 0.0006
2025-08-05 22:35:29,527 - INFO - Epoch 70/100: Train Loss: 0.0008, Val Loss: 0.0006, Test Loss: 0.0006
2025-08-05 22:35:29,683 - INFO - Epoch 71/100: Train Loss: 0.0008, Val Loss: 0.0006, Test Loss: 0.0006
2025-08-05 22:35:29,839 - INFO - Epoch 72/100: Train Loss: 0.0008, Val Loss: 0.0006, Test Loss: 0.0006
2025-08-05 22:35:29,995 - INFO - Epoch 73/100: Train Loss: 0.0008, Val Loss: 0.0006, Test Loss: 0.0006
2025-08-05 22:35:30,151 - INFO - Epoch 74/100: Train Loss: 0.0008, Val Loss: 0.0006, Test Loss: 0.0006
2025-08-05 22:35:30,307 - INFO - Epoch 75/100: Train Loss: 0.0008, Val Loss: 0.0006, Test Loss: 0.0006
2025-08-05 22:35:30,463 - INFO - Epoch 76/100: Train Loss: 0.0008, Val Loss: 0.0006, Test Loss: 0.0006
2025-08-05 22:35:30,619 - INFO - Epoch 77/100: Train Loss: 0.0008, Val Loss: 0.0006, Test Loss: 0.0006
2025-08-05 22:35:30,776 - INFO - Epoch 78/100: Train Loss: 0.0008, Val Loss: 0.0006, Test Loss: 0.0006
2025-08-05 22:35:30,932 - INFO - Epoch 79/100: Train Loss: 0.0008, Val Loss: 0.0005, Test Loss: 0.0006
2025-08-05 22:35:31,088 - INFO - Epoch 80/100: Train Loss: 0.0008, Val Loss: 0.0005, Test Loss: 0.0006
2025-08-05 22:35:31,244 - INFO - Epoch 81/100: Train Loss: 0.0008, Val Loss: 0.0005, Test Loss: 0.0006
2025-08-05 22:35:31,400 - INFO - Epoch 82/100: Train Loss: 0.0008, Val Loss: 0.0005, Test Loss: 0.0005
2025-08-05 22:35:31,557 - INFO - Epoch 83/100: Train Loss: 0.0008, Val Loss: 0.0005, Test Loss: 0.0005
2025-08-05 22:35:31,713 - INFO - Epoch 84/100: Train Loss: 0.0008, Val Loss: 0.0005, Test Loss: 0.0005
2025-08-05 22:35:31,869 - INFO - Epoch 85/100: Train Loss: 0.0007, Val Loss: 0.0005, Test Loss: 0.0005
2025-08-05 22:35:32,025 - INFO - Epoch 86/100: Train Loss: 0.0007, Val Loss: 0.0005, Test Loss: 0.0005
2025-08-05 22:35:32,182 - INFO - Epoch 87/100: Train Loss: 0.0007, Val Loss: 0.0005, Test Loss: 0.0005
2025-08-05 22:35:32,338 - INFO - Epoch 88/100: Train Loss: 0.0007, Val Loss: 0.0005, Test Loss: 0.0005
2025-08-05 22:35:32,494 - INFO - Epoch 89/100: Train Loss: 0.0007, Val Loss: 0.0005, Test Loss: 0.0005
2025-08-05 22:35:32,650 - INFO - Epoch 90/100: Train Loss: 0.0007, Val Loss: 0.0005, Test Loss: 0.0005
2025-08-05 22:35:32,807 - INFO - Epoch 91/100: Train Loss: 0.0007, Val Loss: 0.0005, Test Loss: 0.0005
2025-08-05 22:35:32,963 - INFO - Epoch 92/100: Train Loss: 0.0007, Val Loss: 0.0005, Test Loss: 0.0005
2025-08-05 22:35:33,119 - INFO - Epoch 93/100: Train Loss: 0.0007, Val Loss: 0.0005, Test Loss: 0.0005
2025-08-05 22:35:33,275 - INFO - Epoch 94/100: Train Loss: 0.0007, Val Loss: 0.0005, Test Loss: 0.0005
2025-08-05 22:35:33,431 - INFO - Epoch 95/100: Train Loss: 0.0007, Val Loss: 0.0005, Test Loss: 0.0005
2025-08-05 22:35:33,588 - INFO - Epoch 96/100: Train Loss: 0.0007, Val Loss: 0.0005, Test Loss: 0.0005
2025-08-05 22:35:33,744 - INFO - Epoch 97/100: Train Loss: 0.0007, Val Loss: 0.0005, Test Loss: 0.0005
2025-08-05 22:35:33,901 - INFO - Epoch 98/100: Train Loss: 0.0007, Val Loss: 0.0005, Test Loss: 0.0005
2025-08-05 22:35:34,057 - INFO - Epoch 99/100: Train Loss: 0.0007, Val Loss: 0.0005, Test Loss: 0.0005
2025-08-05 22:35:34,213 - INFO - Epoch 100/100: Train Loss: 0.0007, Val Loss: 0.0005, Test Loss: 0.0005
2025-08-05 22:35:34,220 - INFO - Model checkpoint saved to logs/training/all/Experiment12/tabgnn/tabgnn_model.pt
2025-08-05 22:35:34,396 - INFO - Final metrics: {'mse': 0.00048175774281844497, 'rmse': 0.021948980450545875, 'mae': 0.013677268289029598, 'r2': 0.7977733016014099}
2025-08-05 22:35:34,396 - INFO - Model and results saved to logs/training/all/Experiment12/tabgnn
2025-08-05 22:35:40,943 - INFO - Parsed arguments:
{
    "data_path": "data/100K/sample_100K.csv",
    "output_dir": "logs/training/all/Experiment12/lightgbm",
    "target_column": "tag",
    "important_features": null,
    "similarity_threshold": 0.05,
    "model_type": "lightgbm",
    "gnn_type": "gcn",
    "hidden_dim": 64,
    "num_layers": 2,
    "dropout": 0.1,
    "batch_size": 64,
    "epochs": 100,
    "lr": 0.0005,
    "weight_decay": 0.0001,
    "patience": 30,
    "seed": 42,
    "device": "cuda",
    "precomputed_similarity_path": "data/100K/similarity_output_merged_100K.pt"
}
2025-08-05 22:35:40,951 - INFO - Using device: cuda
2025-08-05 22:35:40,951 - INFO - Initialized I/O data processor for data/100K/sample_100K.csv
2025-08-05 22:35:40,951 - INFO - Loading data from data/100K/sample_100K.csv
2025-08-05 22:35:41,248 - INFO - Loaded data with shape (100000, 46)
2025-08-05 22:35:41,249 - INFO - Preprocessing data
2025-08-05 22:35:41,249 - INFO - Initialized feature similarity graph constructor for nprocs
2025-08-05 22:35:41,249 - INFO - Initialized feature similarity graph constructor for POSIX_OPENS
2025-08-05 22:35:41,249 - INFO - Initialized feature similarity graph constructor for LUSTRE_STRIPE_SIZE
2025-08-05 22:35:41,249 - INFO - Initialized feature similarity graph constructor for LUSTRE_STRIPE_WIDTH
2025-08-05 22:35:41,249 - INFO - Initialized feature similarity graph constructor for POSIX_FILENOS
2025-08-05 22:35:41,249 - INFO - Initialized feature similarity graph constructor for POSIX_MEM_ALIGNMENT
2025-08-05 22:35:41,249 - INFO - Initialized feature similarity graph constructor for POSIX_FILE_ALIGNMENT
2025-08-05 22:35:41,249 - INFO - Initialized feature similarity graph constructor for POSIX_READS
2025-08-05 22:35:41,249 - INFO - Initialized feature similarity graph constructor for POSIX_WRITES
2025-08-05 22:35:41,249 - INFO - Initialized feature similarity graph constructor for POSIX_SEEKS
2025-08-05 22:35:41,249 - INFO - Initialized feature similarity graph constructor for POSIX_STATS
2025-08-05 22:35:41,249 - INFO - Initialized feature similarity graph constructor for POSIX_BYTES_READ
2025-08-05 22:35:41,249 - INFO - Initialized feature similarity graph constructor for POSIX_BYTES_WRITTEN
2025-08-05 22:35:41,249 - INFO - Initialized feature similarity graph constructor for POSIX_CONSEC_READS
2025-08-05 22:35:41,249 - INFO - Initialized feature similarity graph constructor for POSIX_CONSEC_WRITES
2025-08-05 22:35:41,249 - INFO - Initialized feature similarity graph constructor for POSIX_SEQ_READS
2025-08-05 22:35:41,249 - INFO - Initialized feature similarity graph constructor for POSIX_SEQ_WRITES
2025-08-05 22:35:41,249 - INFO - Initialized feature similarity graph constructor for POSIX_RW_SWITCHES
2025-08-05 22:35:41,249 - INFO - Initialized feature similarity graph constructor for POSIX_MEM_NOT_ALIGNED
2025-08-05 22:35:41,249 - INFO - Initialized feature similarity graph constructor for POSIX_FILE_NOT_ALIGNED
2025-08-05 22:35:41,249 - INFO - Initialized feature similarity graph constructor for POSIX_SIZE_READ_0_100
2025-08-05 22:35:41,249 - INFO - Initialized feature similarity graph constructor for POSIX_SIZE_READ_100_1K
2025-08-05 22:35:41,249 - INFO - Initialized feature similarity graph constructor for POSIX_SIZE_READ_1K_10K
2025-08-05 22:35:41,249 - INFO - Initialized feature similarity graph constructor for POSIX_SIZE_READ_100K_1M
2025-08-05 22:35:41,249 - INFO - Initialized feature similarity graph constructor for POSIX_SIZE_WRITE_0_100
2025-08-05 22:35:41,249 - INFO - Initialized feature similarity graph constructor for POSIX_SIZE_WRITE_100_1K
2025-08-05 22:35:41,249 - INFO - Initialized feature similarity graph constructor for POSIX_SIZE_WRITE_1K_10K
2025-08-05 22:35:41,249 - INFO - Initialized feature similarity graph constructor for POSIX_SIZE_WRITE_10K_100K
2025-08-05 22:35:41,249 - INFO - Initialized feature similarity graph constructor for POSIX_SIZE_WRITE_100K_1M
2025-08-05 22:35:41,249 - INFO - Initialized feature similarity graph constructor for POSIX_STRIDE1_STRIDE
2025-08-05 22:35:41,249 - INFO - Initialized feature similarity graph constructor for POSIX_STRIDE2_STRIDE
2025-08-05 22:35:41,249 - INFO - Initialized feature similarity graph constructor for POSIX_STRIDE3_STRIDE
2025-08-05 22:35:41,249 - INFO - Initialized feature similarity graph constructor for POSIX_STRIDE4_STRIDE
2025-08-05 22:35:41,249 - INFO - Initialized feature similarity graph constructor for POSIX_STRIDE1_COUNT
2025-08-05 22:35:41,249 - INFO - Initialized feature similarity graph constructor for POSIX_STRIDE2_COUNT
2025-08-05 22:35:41,249 - INFO - Initialized feature similarity graph constructor for POSIX_STRIDE3_COUNT
2025-08-05 22:35:41,249 - INFO - Initialized feature similarity graph constructor for POSIX_STRIDE4_COUNT
2025-08-05 22:35:41,249 - INFO - Initialized feature similarity graph constructor for POSIX_ACCESS1_ACCESS
2025-08-05 22:35:41,249 - INFO - Initialized feature similarity graph constructor for POSIX_ACCESS2_ACCESS
2025-08-05 22:35:41,249 - INFO - Initialized feature similarity graph constructor for POSIX_ACCESS3_ACCESS
2025-08-05 22:35:41,249 - INFO - Initialized feature similarity graph constructor for POSIX_ACCESS4_ACCESS
2025-08-05 22:35:41,249 - INFO - Initialized feature similarity graph constructor for POSIX_ACCESS1_COUNT
2025-08-05 22:35:41,249 - INFO - Initialized feature similarity graph constructor for POSIX_ACCESS2_COUNT
2025-08-05 22:35:41,249 - INFO - Initialized feature similarity graph constructor for POSIX_ACCESS3_COUNT
2025-08-05 22:35:41,249 - INFO - Initialized feature similarity graph constructor for POSIX_ACCESS4_COUNT
2025-08-05 22:35:41,249 - INFO - Initialized multiplex graph constructor for 45 features
2025-08-05 22:35:41,249 - INFO - Creating combined PyG data
2025-08-05 22:35:41,250 - INFO - Loading precomputed similarity from data/100K/similarity_output_merged_100K.pt
2025-08-05 22:36:29,123 - INFO - Loading precomputed similarity from data/100K/similarity_output_merged_100K.pt
2025-08-05 22:37:12,285 - INFO - Splitting data into train, validation, and test sets
2025-08-05 22:37:12,359 - INFO - Train: 69999, Val: 15001, Test: 15000
2025-08-05 22:37:12,363 - INFO - Saving processed data to logs/training/all/Experiment12/lightgbm/processed_data
2025-08-05 22:37:14,175 - INFO - Constructing multiplex graphs
2025-08-05 22:37:14,176 - INFO - Loading precomputed similarity from data/100K/similarity_output_merged_100K.pt
2025-08-05 22:37:51,416 - INFO - Creating combined PyG data
2025-08-05 22:37:51,417 - INFO - Loading precomputed similarity from data/100K/similarity_output_merged_100K.pt
2025-08-05 22:38:30,326 - INFO - Loading precomputed similarity from data/100K/similarity_output_merged_100K.pt
2025-08-05 22:39:21,140 - INFO - Saved processed data to logs/training/all/Experiment12/lightgbm/processed_data
2025-08-05 22:39:21,150 - INFO - Initialized lightgbm model
/u/mbanisharifdehkordi/.conda/envs/gnn4_env/lib/python3.9/site-packages/sklearn/utils/deprecation.py:151: FutureWarning: 'force_all_finite' was renamed to 'ensure_all_finite' in 1.6 and will be removed in 1.8.
  warnings.warn(
2025-08-05 22:40:07,371 - INFO - LightGBM model fitted with 45 features
/u/mbanisharifdehkordi/.conda/envs/gnn4_env/lib/python3.9/site-packages/sklearn/utils/deprecation.py:151: FutureWarning: 'force_all_finite' was renamed to 'ensure_all_finite' in 1.6 and will be removed in 1.8.
  warnings.warn(
2025-08-05 22:40:07,394 - INFO - Evaluation metrics: {'mse': 0.00010251345309648706, 'rmse': 0.010124892744937452, 'mae': 0.005038886044565489, 'r2': 0.956968087767096}
2025-08-05 22:40:07,399 - INFO - Final metrics: {'mse': 0.00010251345309648706, 'rmse': 0.010124892744937452, 'mae': 0.005038886044565489, 'r2': 0.956968087767096}
2025-08-05 22:40:07,399 - INFO - Model and results saved to logs/training/all/Experiment12/lightgbm
2025-08-05 22:40:07,421 - INFO - Model saved to logs/training/all/Experiment12/lightgbm/lightgbm_model.joblib
2025-08-05 22:40:13,678 - INFO - Parsed arguments:
{
    "data_path": "data/100K/sample_100K.csv",
    "output_dir": "logs/training/all/Experiment12/catboost",
    "target_column": "tag",
    "important_features": null,
    "similarity_threshold": 0.05,
    "model_type": "catboost",
    "gnn_type": "gcn",
    "hidden_dim": 64,
    "num_layers": 2,
    "dropout": 0.1,
    "batch_size": 64,
    "epochs": 100,
    "lr": 0.0005,
    "weight_decay": 0.0001,
    "patience": 30,
    "seed": 42,
    "device": "cuda",
    "precomputed_similarity_path": "data/100K/similarity_output_merged_100K.pt"
}
2025-08-05 22:40:13,686 - INFO - Using device: cuda
2025-08-05 22:40:13,686 - INFO - Initialized I/O data processor for data/100K/sample_100K.csv
2025-08-05 22:40:13,686 - INFO - Loading data from data/100K/sample_100K.csv
2025-08-05 22:40:13,989 - INFO - Loaded data with shape (100000, 46)
2025-08-05 22:40:13,989 - INFO - Preprocessing data
2025-08-05 22:40:13,989 - INFO - Initialized feature similarity graph constructor for nprocs
2025-08-05 22:40:13,989 - INFO - Initialized feature similarity graph constructor for POSIX_OPENS
2025-08-05 22:40:13,989 - INFO - Initialized feature similarity graph constructor for LUSTRE_STRIPE_SIZE
2025-08-05 22:40:13,989 - INFO - Initialized feature similarity graph constructor for LUSTRE_STRIPE_WIDTH
2025-08-05 22:40:13,989 - INFO - Initialized feature similarity graph constructor for POSIX_FILENOS
2025-08-05 22:40:13,989 - INFO - Initialized feature similarity graph constructor for POSIX_MEM_ALIGNMENT
2025-08-05 22:40:13,989 - INFO - Initialized feature similarity graph constructor for POSIX_FILE_ALIGNMENT
2025-08-05 22:40:13,989 - INFO - Initialized feature similarity graph constructor for POSIX_READS
2025-08-05 22:40:13,989 - INFO - Initialized feature similarity graph constructor for POSIX_WRITES
2025-08-05 22:40:13,989 - INFO - Initialized feature similarity graph constructor for POSIX_SEEKS
2025-08-05 22:40:13,989 - INFO - Initialized feature similarity graph constructor for POSIX_STATS
2025-08-05 22:40:13,989 - INFO - Initialized feature similarity graph constructor for POSIX_BYTES_READ
2025-08-05 22:40:13,989 - INFO - Initialized feature similarity graph constructor for POSIX_BYTES_WRITTEN
2025-08-05 22:40:13,989 - INFO - Initialized feature similarity graph constructor for POSIX_CONSEC_READS
2025-08-05 22:40:13,989 - INFO - Initialized feature similarity graph constructor for POSIX_CONSEC_WRITES
2025-08-05 22:40:13,989 - INFO - Initialized feature similarity graph constructor for POSIX_SEQ_READS
2025-08-05 22:40:13,989 - INFO - Initialized feature similarity graph constructor for POSIX_SEQ_WRITES
2025-08-05 22:40:13,989 - INFO - Initialized feature similarity graph constructor for POSIX_RW_SWITCHES
2025-08-05 22:40:13,989 - INFO - Initialized feature similarity graph constructor for POSIX_MEM_NOT_ALIGNED
2025-08-05 22:40:13,989 - INFO - Initialized feature similarity graph constructor for POSIX_FILE_NOT_ALIGNED
2025-08-05 22:40:13,989 - INFO - Initialized feature similarity graph constructor for POSIX_SIZE_READ_0_100
2025-08-05 22:40:13,989 - INFO - Initialized feature similarity graph constructor for POSIX_SIZE_READ_100_1K
2025-08-05 22:40:13,989 - INFO - Initialized feature similarity graph constructor for POSIX_SIZE_READ_1K_10K
2025-08-05 22:40:13,989 - INFO - Initialized feature similarity graph constructor for POSIX_SIZE_READ_100K_1M
2025-08-05 22:40:13,989 - INFO - Initialized feature similarity graph constructor for POSIX_SIZE_WRITE_0_100
2025-08-05 22:40:13,989 - INFO - Initialized feature similarity graph constructor for POSIX_SIZE_WRITE_100_1K
2025-08-05 22:40:13,989 - INFO - Initialized feature similarity graph constructor for POSIX_SIZE_WRITE_1K_10K
2025-08-05 22:40:13,989 - INFO - Initialized feature similarity graph constructor for POSIX_SIZE_WRITE_10K_100K
2025-08-05 22:40:13,989 - INFO - Initialized feature similarity graph constructor for POSIX_SIZE_WRITE_100K_1M
2025-08-05 22:40:13,989 - INFO - Initialized feature similarity graph constructor for POSIX_STRIDE1_STRIDE
2025-08-05 22:40:13,989 - INFO - Initialized feature similarity graph constructor for POSIX_STRIDE2_STRIDE
2025-08-05 22:40:13,989 - INFO - Initialized feature similarity graph constructor for POSIX_STRIDE3_STRIDE
2025-08-05 22:40:13,989 - INFO - Initialized feature similarity graph constructor for POSIX_STRIDE4_STRIDE
2025-08-05 22:40:13,989 - INFO - Initialized feature similarity graph constructor for POSIX_STRIDE1_COUNT
2025-08-05 22:40:13,989 - INFO - Initialized feature similarity graph constructor for POSIX_STRIDE2_COUNT
2025-08-05 22:40:13,989 - INFO - Initialized feature similarity graph constructor for POSIX_STRIDE3_COUNT
2025-08-05 22:40:13,989 - INFO - Initialized feature similarity graph constructor for POSIX_STRIDE4_COUNT
2025-08-05 22:40:13,989 - INFO - Initialized feature similarity graph constructor for POSIX_ACCESS1_ACCESS
2025-08-05 22:40:13,989 - INFO - Initialized feature similarity graph constructor for POSIX_ACCESS2_ACCESS
2025-08-05 22:40:13,989 - INFO - Initialized feature similarity graph constructor for POSIX_ACCESS3_ACCESS
2025-08-05 22:40:13,989 - INFO - Initialized feature similarity graph constructor for POSIX_ACCESS4_ACCESS
2025-08-05 22:40:13,989 - INFO - Initialized feature similarity graph constructor for POSIX_ACCESS1_COUNT
2025-08-05 22:40:13,989 - INFO - Initialized feature similarity graph constructor for POSIX_ACCESS2_COUNT
2025-08-05 22:40:13,989 - INFO - Initialized feature similarity graph constructor for POSIX_ACCESS3_COUNT
2025-08-05 22:40:13,989 - INFO - Initialized feature similarity graph constructor for POSIX_ACCESS4_COUNT
2025-08-05 22:40:13,989 - INFO - Initialized multiplex graph constructor for 45 features
2025-08-05 22:40:13,989 - INFO - Creating combined PyG data
2025-08-05 22:40:13,990 - INFO - Loading precomputed similarity from data/100K/similarity_output_merged_100K.pt
2025-08-05 22:41:03,090 - INFO - Loading precomputed similarity from data/100K/similarity_output_merged_100K.pt
2025-08-05 22:41:47,217 - INFO - Splitting data into train, validation, and test sets
2025-08-05 22:41:47,247 - INFO - Train: 69999, Val: 15001, Test: 15000
2025-08-05 22:41:47,251 - INFO - Saving processed data to logs/training/all/Experiment12/catboost/processed_data
2025-08-05 22:41:49,087 - INFO - Constructing multiplex graphs
2025-08-05 22:41:49,088 - INFO - Loading precomputed similarity from data/100K/similarity_output_merged_100K.pt
2025-08-05 22:42:27,003 - INFO - Creating combined PyG data
2025-08-05 22:42:27,003 - INFO - Loading precomputed similarity from data/100K/similarity_output_merged_100K.pt
2025-08-05 22:43:06,420 - INFO - Loading precomputed similarity from data/100K/similarity_output_merged_100K.pt
2025-08-05 22:43:57,331 - INFO - Saved processed data to logs/training/all/Experiment12/catboost/processed_data
2025-08-05 22:43:57,346 - INFO - Initialized catboost model
2025-08-05 22:44:00,616 - INFO - CatBoost model fitted with 45 features
2025-08-05 22:44:00,627 - INFO - Evaluation metrics: {'mse': 0.00011812680738033972, 'rmse': 0.010868615706719036, 'mae': 0.005651529015162931, 'r2': 0.9504140944041799}
2025-08-05 22:44:00,629 - INFO - Final metrics: {'mse': 0.00011812680738033972, 'rmse': 0.010868615706719036, 'mae': 0.005651529015162931, 'r2': 0.9504140944041799}
2025-08-05 22:44:00,629 - INFO - Model and results saved to logs/training/all/Experiment12/catboost
2025-08-05 22:44:00,637 - INFO - Model saved to logs/training/all/Experiment12/catboost/catboost_model.joblib
2025-08-05 22:44:07,567 - INFO - Parsed arguments:
{
    "data_path": "data/100K/sample_100K.csv",
    "output_dir": "logs/training/all/Experiment12/xgboost",
    "target_column": "tag",
    "important_features": null,
    "similarity_threshold": 0.05,
    "model_type": "xgboost",
    "gnn_type": "gcn",
    "hidden_dim": 64,
    "num_layers": 2,
    "dropout": 0.1,
    "batch_size": 64,
    "epochs": 100,
    "lr": 0.0005,
    "weight_decay": 0.0001,
    "patience": 30,
    "seed": 42,
    "device": "cuda",
    "precomputed_similarity_path": "data/100K/similarity_output_merged_100K.pt"
}
2025-08-05 22:44:07,574 - INFO - Using device: cuda
2025-08-05 22:44:07,574 - INFO - Initialized I/O data processor for data/100K/sample_100K.csv
2025-08-05 22:44:07,574 - INFO - Loading data from data/100K/sample_100K.csv
2025-08-05 22:44:07,873 - INFO - Loaded data with shape (100000, 46)
2025-08-05 22:44:07,873 - INFO - Preprocessing data
2025-08-05 22:44:07,873 - INFO - Initialized feature similarity graph constructor for nprocs
2025-08-05 22:44:07,873 - INFO - Initialized feature similarity graph constructor for POSIX_OPENS
2025-08-05 22:44:07,873 - INFO - Initialized feature similarity graph constructor for LUSTRE_STRIPE_SIZE
2025-08-05 22:44:07,873 - INFO - Initialized feature similarity graph constructor for LUSTRE_STRIPE_WIDTH
2025-08-05 22:44:07,873 - INFO - Initialized feature similarity graph constructor for POSIX_FILENOS
2025-08-05 22:44:07,873 - INFO - Initialized feature similarity graph constructor for POSIX_MEM_ALIGNMENT
2025-08-05 22:44:07,873 - INFO - Initialized feature similarity graph constructor for POSIX_FILE_ALIGNMENT
2025-08-05 22:44:07,873 - INFO - Initialized feature similarity graph constructor for POSIX_READS
2025-08-05 22:44:07,873 - INFO - Initialized feature similarity graph constructor for POSIX_WRITES
2025-08-05 22:44:07,873 - INFO - Initialized feature similarity graph constructor for POSIX_SEEKS
2025-08-05 22:44:07,873 - INFO - Initialized feature similarity graph constructor for POSIX_STATS
2025-08-05 22:44:07,874 - INFO - Initialized feature similarity graph constructor for POSIX_BYTES_READ
2025-08-05 22:44:07,874 - INFO - Initialized feature similarity graph constructor for POSIX_BYTES_WRITTEN
2025-08-05 22:44:07,874 - INFO - Initialized feature similarity graph constructor for POSIX_CONSEC_READS
2025-08-05 22:44:07,874 - INFO - Initialized feature similarity graph constructor for POSIX_CONSEC_WRITES
2025-08-05 22:44:07,874 - INFO - Initialized feature similarity graph constructor for POSIX_SEQ_READS
2025-08-05 22:44:07,874 - INFO - Initialized feature similarity graph constructor for POSIX_SEQ_WRITES
2025-08-05 22:44:07,874 - INFO - Initialized feature similarity graph constructor for POSIX_RW_SWITCHES
2025-08-05 22:44:07,874 - INFO - Initialized feature similarity graph constructor for POSIX_MEM_NOT_ALIGNED
2025-08-05 22:44:07,874 - INFO - Initialized feature similarity graph constructor for POSIX_FILE_NOT_ALIGNED
2025-08-05 22:44:07,874 - INFO - Initialized feature similarity graph constructor for POSIX_SIZE_READ_0_100
2025-08-05 22:44:07,874 - INFO - Initialized feature similarity graph constructor for POSIX_SIZE_READ_100_1K
2025-08-05 22:44:07,874 - INFO - Initialized feature similarity graph constructor for POSIX_SIZE_READ_1K_10K
2025-08-05 22:44:07,874 - INFO - Initialized feature similarity graph constructor for POSIX_SIZE_READ_100K_1M
2025-08-05 22:44:07,874 - INFO - Initialized feature similarity graph constructor for POSIX_SIZE_WRITE_0_100
2025-08-05 22:44:07,874 - INFO - Initialized feature similarity graph constructor for POSIX_SIZE_WRITE_100_1K
2025-08-05 22:44:07,874 - INFO - Initialized feature similarity graph constructor for POSIX_SIZE_WRITE_1K_10K
2025-08-05 22:44:07,874 - INFO - Initialized feature similarity graph constructor for POSIX_SIZE_WRITE_10K_100K
2025-08-05 22:44:07,874 - INFO - Initialized feature similarity graph constructor for POSIX_SIZE_WRITE_100K_1M
2025-08-05 22:44:07,874 - INFO - Initialized feature similarity graph constructor for POSIX_STRIDE1_STRIDE
2025-08-05 22:44:07,874 - INFO - Initialized feature similarity graph constructor for POSIX_STRIDE2_STRIDE
2025-08-05 22:44:07,874 - INFO - Initialized feature similarity graph constructor for POSIX_STRIDE3_STRIDE
2025-08-05 22:44:07,874 - INFO - Initialized feature similarity graph constructor for POSIX_STRIDE4_STRIDE
2025-08-05 22:44:07,874 - INFO - Initialized feature similarity graph constructor for POSIX_STRIDE1_COUNT
2025-08-05 22:44:07,874 - INFO - Initialized feature similarity graph constructor for POSIX_STRIDE2_COUNT
2025-08-05 22:44:07,874 - INFO - Initialized feature similarity graph constructor for POSIX_STRIDE3_COUNT
2025-08-05 22:44:07,874 - INFO - Initialized feature similarity graph constructor for POSIX_STRIDE4_COUNT
2025-08-05 22:44:07,874 - INFO - Initialized feature similarity graph constructor for POSIX_ACCESS1_ACCESS
2025-08-05 22:44:07,874 - INFO - Initialized feature similarity graph constructor for POSIX_ACCESS2_ACCESS
2025-08-05 22:44:07,874 - INFO - Initialized feature similarity graph constructor for POSIX_ACCESS3_ACCESS
2025-08-05 22:44:07,874 - INFO - Initialized feature similarity graph constructor for POSIX_ACCESS4_ACCESS
2025-08-05 22:44:07,874 - INFO - Initialized feature similarity graph constructor for POSIX_ACCESS1_COUNT
2025-08-05 22:44:07,874 - INFO - Initialized feature similarity graph constructor for POSIX_ACCESS2_COUNT
2025-08-05 22:44:07,874 - INFO - Initialized feature similarity graph constructor for POSIX_ACCESS3_COUNT
2025-08-05 22:44:07,874 - INFO - Initialized feature similarity graph constructor for POSIX_ACCESS4_COUNT
2025-08-05 22:44:07,874 - INFO - Initialized multiplex graph constructor for 45 features
2025-08-05 22:44:07,874 - INFO - Creating combined PyG data
2025-08-05 22:44:07,874 - INFO - Loading precomputed similarity from data/100K/similarity_output_merged_100K.pt
2025-08-05 22:44:57,365 - INFO - Loading precomputed similarity from data/100K/similarity_output_merged_100K.pt
2025-08-05 22:45:41,424 - INFO - Splitting data into train, validation, and test sets
2025-08-05 22:45:41,494 - INFO - Train: 69999, Val: 15001, Test: 15000
2025-08-05 22:45:41,497 - INFO - Saving processed data to logs/training/all/Experiment12/xgboost/processed_data
2025-08-05 22:45:43,333 - INFO - Constructing multiplex graphs
2025-08-05 22:45:43,334 - INFO - Loading precomputed similarity from data/100K/similarity_output_merged_100K.pt
2025-08-05 22:46:22,488 - INFO - Creating combined PyG data
2025-08-05 22:46:22,489 - INFO - Loading precomputed similarity from data/100K/similarity_output_merged_100K.pt
2025-08-05 22:47:03,199 - INFO - Loading precomputed similarity from data/100K/similarity_output_merged_100K.pt
2025-08-05 22:47:58,738 - INFO - Saved processed data to logs/training/all/Experiment12/xgboost/processed_data
2025-08-05 22:47:58,755 - INFO - Initialized xgboost model
2025-08-05 22:48:01,339 - INFO - XGBoost model fitted with 45 features
2025-08-05 22:48:01,350 - INFO - Evaluation metrics: {'mse': 9.786496229935437e-05, 'rmse': 0.009892672151615779, 'mae': 0.0048816814087331295, 'r2': 0.9589194059371948}
2025-08-05 22:48:01,353 - INFO - Final metrics: {'mse': 9.786496229935437e-05, 'rmse': 0.009892672151615779, 'mae': 0.0048816814087331295, 'r2': 0.9589194059371948}
2025-08-05 22:48:01,353 - INFO - Model and results saved to logs/training/all/Experiment12/xgboost
2025-08-05 22:48:01,372 - INFO - Model saved to logs/training/all/Experiment12/xgboost/xgboost_model.joblib
2025-08-05 22:48:08,571 - INFO - Parsed arguments:
{
    "data_path": "data/100K/sample_100K.csv",
    "output_dir": "logs/training/all/Experiment12/mlp",
    "target_column": "tag",
    "important_features": null,
    "similarity_threshold": 0.05,
    "model_type": "mlp",
    "gnn_type": "gcn",
    "hidden_dim": 64,
    "num_layers": 2,
    "dropout": 0.1,
    "batch_size": 64,
    "epochs": 100,
    "lr": 0.0005,
    "weight_decay": 0.0001,
    "patience": 30,
    "seed": 42,
    "device": "cuda",
    "precomputed_similarity_path": "data/100K/similarity_output_merged_100K.pt"
}
2025-08-05 22:48:08,580 - INFO - Using device: cuda
2025-08-05 22:48:08,580 - INFO - Initialized I/O data processor for data/100K/sample_100K.csv
2025-08-05 22:48:08,580 - INFO - Loading data from data/100K/sample_100K.csv
2025-08-05 22:48:08,878 - INFO - Loaded data with shape (100000, 46)
2025-08-05 22:48:08,878 - INFO - Preprocessing data
2025-08-05 22:48:08,878 - INFO - Initialized feature similarity graph constructor for nprocs
2025-08-05 22:48:08,878 - INFO - Initialized feature similarity graph constructor for POSIX_OPENS
2025-08-05 22:48:08,878 - INFO - Initialized feature similarity graph constructor for LUSTRE_STRIPE_SIZE
2025-08-05 22:48:08,878 - INFO - Initialized feature similarity graph constructor for LUSTRE_STRIPE_WIDTH
2025-08-05 22:48:08,878 - INFO - Initialized feature similarity graph constructor for POSIX_FILENOS
2025-08-05 22:48:08,878 - INFO - Initialized feature similarity graph constructor for POSIX_MEM_ALIGNMENT
2025-08-05 22:48:08,878 - INFO - Initialized feature similarity graph constructor for POSIX_FILE_ALIGNMENT
2025-08-05 22:48:08,878 - INFO - Initialized feature similarity graph constructor for POSIX_READS
2025-08-05 22:48:08,878 - INFO - Initialized feature similarity graph constructor for POSIX_WRITES
2025-08-05 22:48:08,878 - INFO - Initialized feature similarity graph constructor for POSIX_SEEKS
2025-08-05 22:48:08,878 - INFO - Initialized feature similarity graph constructor for POSIX_STATS
2025-08-05 22:48:08,878 - INFO - Initialized feature similarity graph constructor for POSIX_BYTES_READ
2025-08-05 22:48:08,878 - INFO - Initialized feature similarity graph constructor for POSIX_BYTES_WRITTEN
2025-08-05 22:48:08,878 - INFO - Initialized feature similarity graph constructor for POSIX_CONSEC_READS
2025-08-05 22:48:08,878 - INFO - Initialized feature similarity graph constructor for POSIX_CONSEC_WRITES
2025-08-05 22:48:08,878 - INFO - Initialized feature similarity graph constructor for POSIX_SEQ_READS
2025-08-05 22:48:08,878 - INFO - Initialized feature similarity graph constructor for POSIX_SEQ_WRITES
2025-08-05 22:48:08,878 - INFO - Initialized feature similarity graph constructor for POSIX_RW_SWITCHES
2025-08-05 22:48:08,878 - INFO - Initialized feature similarity graph constructor for POSIX_MEM_NOT_ALIGNED
2025-08-05 22:48:08,878 - INFO - Initialized feature similarity graph constructor for POSIX_FILE_NOT_ALIGNED
2025-08-05 22:48:08,878 - INFO - Initialized feature similarity graph constructor for POSIX_SIZE_READ_0_100
2025-08-05 22:48:08,878 - INFO - Initialized feature similarity graph constructor for POSIX_SIZE_READ_100_1K
2025-08-05 22:48:08,878 - INFO - Initialized feature similarity graph constructor for POSIX_SIZE_READ_1K_10K
2025-08-05 22:48:08,878 - INFO - Initialized feature similarity graph constructor for POSIX_SIZE_READ_100K_1M
2025-08-05 22:48:08,878 - INFO - Initialized feature similarity graph constructor for POSIX_SIZE_WRITE_0_100
2025-08-05 22:48:08,878 - INFO - Initialized feature similarity graph constructor for POSIX_SIZE_WRITE_100_1K
2025-08-05 22:48:08,878 - INFO - Initialized feature similarity graph constructor for POSIX_SIZE_WRITE_1K_10K
2025-08-05 22:48:08,878 - INFO - Initialized feature similarity graph constructor for POSIX_SIZE_WRITE_10K_100K
2025-08-05 22:48:08,878 - INFO - Initialized feature similarity graph constructor for POSIX_SIZE_WRITE_100K_1M
2025-08-05 22:48:08,878 - INFO - Initialized feature similarity graph constructor for POSIX_STRIDE1_STRIDE
2025-08-05 22:48:08,878 - INFO - Initialized feature similarity graph constructor for POSIX_STRIDE2_STRIDE
2025-08-05 22:48:08,878 - INFO - Initialized feature similarity graph constructor for POSIX_STRIDE3_STRIDE
2025-08-05 22:48:08,878 - INFO - Initialized feature similarity graph constructor for POSIX_STRIDE4_STRIDE
2025-08-05 22:48:08,878 - INFO - Initialized feature similarity graph constructor for POSIX_STRIDE1_COUNT
2025-08-05 22:48:08,878 - INFO - Initialized feature similarity graph constructor for POSIX_STRIDE2_COUNT
2025-08-05 22:48:08,878 - INFO - Initialized feature similarity graph constructor for POSIX_STRIDE3_COUNT
2025-08-05 22:48:08,878 - INFO - Initialized feature similarity graph constructor for POSIX_STRIDE4_COUNT
2025-08-05 22:48:08,878 - INFO - Initialized feature similarity graph constructor for POSIX_ACCESS1_ACCESS
2025-08-05 22:48:08,878 - INFO - Initialized feature similarity graph constructor for POSIX_ACCESS2_ACCESS
2025-08-05 22:48:08,878 - INFO - Initialized feature similarity graph constructor for POSIX_ACCESS3_ACCESS
2025-08-05 22:48:08,878 - INFO - Initialized feature similarity graph constructor for POSIX_ACCESS4_ACCESS
2025-08-05 22:48:08,878 - INFO - Initialized feature similarity graph constructor for POSIX_ACCESS1_COUNT
2025-08-05 22:48:08,878 - INFO - Initialized feature similarity graph constructor for POSIX_ACCESS2_COUNT
2025-08-05 22:48:08,878 - INFO - Initialized feature similarity graph constructor for POSIX_ACCESS3_COUNT
2025-08-05 22:48:08,878 - INFO - Initialized feature similarity graph constructor for POSIX_ACCESS4_COUNT
2025-08-05 22:48:08,878 - INFO - Initialized multiplex graph constructor for 45 features
2025-08-05 22:48:08,878 - INFO - Creating combined PyG data
2025-08-05 22:48:08,879 - INFO - Loading precomputed similarity from data/100K/similarity_output_merged_100K.pt
2025-08-05 22:48:58,223 - INFO - Loading precomputed similarity from data/100K/similarity_output_merged_100K.pt
2025-08-05 22:49:42,354 - INFO - Splitting data into train, validation, and test sets
2025-08-05 22:49:42,418 - INFO - Train: 69999, Val: 15001, Test: 15000
2025-08-05 22:49:42,421 - INFO - Saving processed data to logs/training/all/Experiment12/mlp/processed_data
2025-08-05 22:49:44,228 - INFO - Constructing multiplex graphs
2025-08-05 22:49:44,229 - INFO - Loading precomputed similarity from data/100K/similarity_output_merged_100K.pt
2025-08-05 22:50:21,845 - INFO - Creating combined PyG data
2025-08-05 22:50:21,845 - INFO - Loading precomputed similarity from data/100K/similarity_output_merged_100K.pt
2025-08-05 22:51:00,963 - INFO - Loading precomputed similarity from data/100K/similarity_output_merged_100K.pt
2025-08-05 22:51:51,332 - INFO - Saved processed data to logs/training/all/Experiment12/mlp/processed_data
2025-08-05 22:51:51,345 - INFO - Initialized mlp model
2025-08-05 22:52:11,092 - INFO - MLP model fitted with 45 features
2025-08-05 22:52:11,114 - INFO - Evaluation metrics: {'mse': 0.00016342374146915972, 'rmse': 0.012783729560232403, 'mae': 0.006873586215078831, 'r2': 0.9313998818397522}
2025-08-05 22:52:11,118 - INFO - Final metrics: {'mse': 0.00016342374146915972, 'rmse': 0.012783729560232403, 'mae': 0.006873586215078831, 'r2': 0.9313998818397522}
2025-08-05 22:52:11,118 - INFO - Model and results saved to logs/training/all/Experiment12/mlp
2025-08-05 22:52:11,124 - INFO - Model saved to logs/training/all/Experiment12/mlp/mlp_model.joblib
2025-08-05 22:52:18,038 - INFO - Parsed arguments:
{
    "data_path": "data/100K/sample_100K.csv",
    "output_dir": "logs/training/all/Experiment12/tabnet",
    "target_column": "tag",
    "important_features": null,
    "similarity_threshold": 0.05,
    "model_type": "tabnet",
    "gnn_type": "gcn",
    "hidden_dim": 64,
    "num_layers": 2,
    "dropout": 0.1,
    "batch_size": 64,
    "epochs": 100,
    "lr": 0.0005,
    "weight_decay": 0.0001,
    "patience": 30,
    "seed": 42,
    "device": "cuda",
    "precomputed_similarity_path": "data/100K/similarity_output_merged_100K.pt"
}
2025-08-05 22:52:18,046 - INFO - Using device: cuda
2025-08-05 22:52:18,046 - INFO - Initialized I/O data processor for data/100K/sample_100K.csv
2025-08-05 22:52:18,046 - INFO - Loading data from data/100K/sample_100K.csv
2025-08-05 22:52:18,346 - INFO - Loaded data with shape (100000, 46)
2025-08-05 22:52:18,346 - INFO - Preprocessing data
2025-08-05 22:52:18,346 - INFO - Initialized feature similarity graph constructor for nprocs
2025-08-05 22:52:18,346 - INFO - Initialized feature similarity graph constructor for POSIX_OPENS
2025-08-05 22:52:18,346 - INFO - Initialized feature similarity graph constructor for LUSTRE_STRIPE_SIZE
2025-08-05 22:52:18,346 - INFO - Initialized feature similarity graph constructor for LUSTRE_STRIPE_WIDTH
2025-08-05 22:52:18,346 - INFO - Initialized feature similarity graph constructor for POSIX_FILENOS
2025-08-05 22:52:18,346 - INFO - Initialized feature similarity graph constructor for POSIX_MEM_ALIGNMENT
2025-08-05 22:52:18,346 - INFO - Initialized feature similarity graph constructor for POSIX_FILE_ALIGNMENT
2025-08-05 22:52:18,346 - INFO - Initialized feature similarity graph constructor for POSIX_READS
2025-08-05 22:52:18,346 - INFO - Initialized feature similarity graph constructor for POSIX_WRITES
2025-08-05 22:52:18,346 - INFO - Initialized feature similarity graph constructor for POSIX_SEEKS
2025-08-05 22:52:18,346 - INFO - Initialized feature similarity graph constructor for POSIX_STATS
2025-08-05 22:52:18,346 - INFO - Initialized feature similarity graph constructor for POSIX_BYTES_READ
2025-08-05 22:52:18,346 - INFO - Initialized feature similarity graph constructor for POSIX_BYTES_WRITTEN
2025-08-05 22:52:18,346 - INFO - Initialized feature similarity graph constructor for POSIX_CONSEC_READS
2025-08-05 22:52:18,346 - INFO - Initialized feature similarity graph constructor for POSIX_CONSEC_WRITES
2025-08-05 22:52:18,346 - INFO - Initialized feature similarity graph constructor for POSIX_SEQ_READS
2025-08-05 22:52:18,346 - INFO - Initialized feature similarity graph constructor for POSIX_SEQ_WRITES
2025-08-05 22:52:18,346 - INFO - Initialized feature similarity graph constructor for POSIX_RW_SWITCHES
2025-08-05 22:52:18,346 - INFO - Initialized feature similarity graph constructor for POSIX_MEM_NOT_ALIGNED
2025-08-05 22:52:18,346 - INFO - Initialized feature similarity graph constructor for POSIX_FILE_NOT_ALIGNED
2025-08-05 22:52:18,346 - INFO - Initialized feature similarity graph constructor for POSIX_SIZE_READ_0_100
2025-08-05 22:52:18,346 - INFO - Initialized feature similarity graph constructor for POSIX_SIZE_READ_100_1K
2025-08-05 22:52:18,346 - INFO - Initialized feature similarity graph constructor for POSIX_SIZE_READ_1K_10K
2025-08-05 22:52:18,346 - INFO - Initialized feature similarity graph constructor for POSIX_SIZE_READ_100K_1M
2025-08-05 22:52:18,346 - INFO - Initialized feature similarity graph constructor for POSIX_SIZE_WRITE_0_100
2025-08-05 22:52:18,346 - INFO - Initialized feature similarity graph constructor for POSIX_SIZE_WRITE_100_1K
2025-08-05 22:52:18,346 - INFO - Initialized feature similarity graph constructor for POSIX_SIZE_WRITE_1K_10K
2025-08-05 22:52:18,346 - INFO - Initialized feature similarity graph constructor for POSIX_SIZE_WRITE_10K_100K
2025-08-05 22:52:18,346 - INFO - Initialized feature similarity graph constructor for POSIX_SIZE_WRITE_100K_1M
2025-08-05 22:52:18,346 - INFO - Initialized feature similarity graph constructor for POSIX_STRIDE1_STRIDE
2025-08-05 22:52:18,346 - INFO - Initialized feature similarity graph constructor for POSIX_STRIDE2_STRIDE
2025-08-05 22:52:18,346 - INFO - Initialized feature similarity graph constructor for POSIX_STRIDE3_STRIDE
2025-08-05 22:52:18,346 - INFO - Initialized feature similarity graph constructor for POSIX_STRIDE4_STRIDE
2025-08-05 22:52:18,346 - INFO - Initialized feature similarity graph constructor for POSIX_STRIDE1_COUNT
2025-08-05 22:52:18,346 - INFO - Initialized feature similarity graph constructor for POSIX_STRIDE2_COUNT
2025-08-05 22:52:18,346 - INFO - Initialized feature similarity graph constructor for POSIX_STRIDE3_COUNT
2025-08-05 22:52:18,346 - INFO - Initialized feature similarity graph constructor for POSIX_STRIDE4_COUNT
2025-08-05 22:52:18,346 - INFO - Initialized feature similarity graph constructor for POSIX_ACCESS1_ACCESS
2025-08-05 22:52:18,346 - INFO - Initialized feature similarity graph constructor for POSIX_ACCESS2_ACCESS
2025-08-05 22:52:18,346 - INFO - Initialized feature similarity graph constructor for POSIX_ACCESS3_ACCESS
2025-08-05 22:52:18,346 - INFO - Initialized feature similarity graph constructor for POSIX_ACCESS4_ACCESS
2025-08-05 22:52:18,346 - INFO - Initialized feature similarity graph constructor for POSIX_ACCESS1_COUNT
2025-08-05 22:52:18,346 - INFO - Initialized feature similarity graph constructor for POSIX_ACCESS2_COUNT
2025-08-05 22:52:18,346 - INFO - Initialized feature similarity graph constructor for POSIX_ACCESS3_COUNT
2025-08-05 22:52:18,346 - INFO - Initialized feature similarity graph constructor for POSIX_ACCESS4_COUNT
2025-08-05 22:52:18,346 - INFO - Initialized multiplex graph constructor for 45 features
2025-08-05 22:52:18,346 - INFO - Creating combined PyG data
2025-08-05 22:52:18,347 - INFO - Loading precomputed similarity from data/100K/similarity_output_merged_100K.pt
2025-08-05 22:53:07,442 - INFO - Loading precomputed similarity from data/100K/similarity_output_merged_100K.pt
2025-08-05 22:53:51,712 - INFO - Splitting data into train, validation, and test sets
2025-08-05 22:53:51,721 - INFO - Train: 69999, Val: 15001, Test: 15000
2025-08-05 22:53:51,724 - INFO - Saving processed data to logs/training/all/Experiment12/tabnet/processed_data
2025-08-05 22:53:53,547 - INFO - Constructing multiplex graphs
2025-08-05 22:53:53,548 - INFO - Loading precomputed similarity from data/100K/similarity_output_merged_100K.pt
2025-08-05 22:54:32,821 - INFO - Creating combined PyG data
2025-08-05 22:54:32,821 - INFO - Loading precomputed similarity from data/100K/similarity_output_merged_100K.pt
2025-08-05 22:55:12,769 - INFO - Loading precomputed similarity from data/100K/similarity_output_merged_100K.pt
2025-08-05 22:56:04,190 - INFO - Saved processed data to logs/training/all/Experiment12/tabnet/processed_data
2025-08-05 22:56:04,204 - INFO - Initialized tabnet model
/u/mbanisharifdehkordi/.local/lib/python3.9/site-packages/pytorch_tabnet/abstract_model.py:82: UserWarning: Device used : cuda
  warnings.warn(f"Device used : {self.device}")
/u/mbanisharifdehkordi/.local/lib/python3.9/site-packages/pytorch_tabnet/abstract_model.py:687: UserWarning: No early stopping will be performed, last training weights will be used.
  warnings.warn(wrn_msg)
2025-08-05 22:58:27,455 - INFO - TabNet model fitted with 45 features
2025-08-05 22:58:27,678 - INFO - Evaluation metrics: {'mse': 0.0007138645160011947, 'rmse': 0.02671824313088708, 'mae': 0.020810380578041077, 'r2': 0.7003421783447266}
2025-08-05 22:58:27,684 - INFO - Final metrics: {'mse': 0.0007138645160011947, 'rmse': 0.02671824313088708, 'mae': 0.020810380578041077, 'r2': 0.7003421783447266}
2025-08-05 22:58:27,684 - INFO - Model and results saved to logs/training/all/Experiment12/tabnet
2025-08-05 22:58:27,730 - INFO - Model saved to logs/training/all/Experiment12/tabnet/tabnet_model.joblib
2025-08-05 22:58:35,658 - INFO - Parsed arguments:
{
    "data_path": "data/100K/sample_100K.csv",
    "output_dir": "logs/training/all/Experiment12/combined",
    "target_column": "tag",
    "important_features": null,
    "similarity_threshold": 0.05,
    "model_type": "combined",
    "gnn_type": "gcn",
    "hidden_dim": 64,
    "num_layers": 2,
    "dropout": 0.1,
    "batch_size": 64,
    "epochs": 100,
    "lr": 0.0005,
    "weight_decay": 0.0001,
    "patience": 30,
    "seed": 42,
    "device": "cuda",
    "precomputed_similarity_path": "data/100K/similarity_output_merged_100K.pt"
}
2025-08-05 22:58:35,666 - INFO - Using device: cuda
2025-08-05 22:58:35,666 - INFO - Initialized I/O data processor for data/100K/sample_100K.csv
2025-08-05 22:58:35,666 - INFO - Loading data from data/100K/sample_100K.csv
2025-08-05 22:58:35,959 - INFO - Loaded data with shape (100000, 46)
2025-08-05 22:58:35,959 - INFO - Preprocessing data
2025-08-05 22:58:35,959 - INFO - Initialized feature similarity graph constructor for nprocs
2025-08-05 22:58:35,959 - INFO - Initialized feature similarity graph constructor for POSIX_OPENS
2025-08-05 22:58:35,959 - INFO - Initialized feature similarity graph constructor for LUSTRE_STRIPE_SIZE
2025-08-05 22:58:35,959 - INFO - Initialized feature similarity graph constructor for LUSTRE_STRIPE_WIDTH
2025-08-05 22:58:35,959 - INFO - Initialized feature similarity graph constructor for POSIX_FILENOS
2025-08-05 22:58:35,959 - INFO - Initialized feature similarity graph constructor for POSIX_MEM_ALIGNMENT
2025-08-05 22:58:35,959 - INFO - Initialized feature similarity graph constructor for POSIX_FILE_ALIGNMENT
2025-08-05 22:58:35,959 - INFO - Initialized feature similarity graph constructor for POSIX_READS
2025-08-05 22:58:35,959 - INFO - Initialized feature similarity graph constructor for POSIX_WRITES
2025-08-05 22:58:35,959 - INFO - Initialized feature similarity graph constructor for POSIX_SEEKS
2025-08-05 22:58:35,959 - INFO - Initialized feature similarity graph constructor for POSIX_STATS
2025-08-05 22:58:35,959 - INFO - Initialized feature similarity graph constructor for POSIX_BYTES_READ
2025-08-05 22:58:35,959 - INFO - Initialized feature similarity graph constructor for POSIX_BYTES_WRITTEN
2025-08-05 22:58:35,959 - INFO - Initialized feature similarity graph constructor for POSIX_CONSEC_READS
2025-08-05 22:58:35,959 - INFO - Initialized feature similarity graph constructor for POSIX_CONSEC_WRITES
2025-08-05 22:58:35,959 - INFO - Initialized feature similarity graph constructor for POSIX_SEQ_READS
2025-08-05 22:58:35,959 - INFO - Initialized feature similarity graph constructor for POSIX_SEQ_WRITES
2025-08-05 22:58:35,959 - INFO - Initialized feature similarity graph constructor for POSIX_RW_SWITCHES
2025-08-05 22:58:35,959 - INFO - Initialized feature similarity graph constructor for POSIX_MEM_NOT_ALIGNED
2025-08-05 22:58:35,959 - INFO - Initialized feature similarity graph constructor for POSIX_FILE_NOT_ALIGNED
2025-08-05 22:58:35,959 - INFO - Initialized feature similarity graph constructor for POSIX_SIZE_READ_0_100
2025-08-05 22:58:35,959 - INFO - Initialized feature similarity graph constructor for POSIX_SIZE_READ_100_1K
2025-08-05 22:58:35,959 - INFO - Initialized feature similarity graph constructor for POSIX_SIZE_READ_1K_10K
2025-08-05 22:58:35,959 - INFO - Initialized feature similarity graph constructor for POSIX_SIZE_READ_100K_1M
2025-08-05 22:58:35,959 - INFO - Initialized feature similarity graph constructor for POSIX_SIZE_WRITE_0_100
2025-08-05 22:58:35,959 - INFO - Initialized feature similarity graph constructor for POSIX_SIZE_WRITE_100_1K
2025-08-05 22:58:35,959 - INFO - Initialized feature similarity graph constructor for POSIX_SIZE_WRITE_1K_10K
2025-08-05 22:58:35,959 - INFO - Initialized feature similarity graph constructor for POSIX_SIZE_WRITE_10K_100K
2025-08-05 22:58:35,959 - INFO - Initialized feature similarity graph constructor for POSIX_SIZE_WRITE_100K_1M
2025-08-05 22:58:35,959 - INFO - Initialized feature similarity graph constructor for POSIX_STRIDE1_STRIDE
2025-08-05 22:58:35,959 - INFO - Initialized feature similarity graph constructor for POSIX_STRIDE2_STRIDE
2025-08-05 22:58:35,959 - INFO - Initialized feature similarity graph constructor for POSIX_STRIDE3_STRIDE
2025-08-05 22:58:35,959 - INFO - Initialized feature similarity graph constructor for POSIX_STRIDE4_STRIDE
2025-08-05 22:58:35,959 - INFO - Initialized feature similarity graph constructor for POSIX_STRIDE1_COUNT
2025-08-05 22:58:35,959 - INFO - Initialized feature similarity graph constructor for POSIX_STRIDE2_COUNT
2025-08-05 22:58:35,959 - INFO - Initialized feature similarity graph constructor for POSIX_STRIDE3_COUNT
2025-08-05 22:58:35,959 - INFO - Initialized feature similarity graph constructor for POSIX_STRIDE4_COUNT
2025-08-05 22:58:35,959 - INFO - Initialized feature similarity graph constructor for POSIX_ACCESS1_ACCESS
2025-08-05 22:58:35,959 - INFO - Initialized feature similarity graph constructor for POSIX_ACCESS2_ACCESS
2025-08-05 22:58:35,959 - INFO - Initialized feature similarity graph constructor for POSIX_ACCESS3_ACCESS
2025-08-05 22:58:35,959 - INFO - Initialized feature similarity graph constructor for POSIX_ACCESS4_ACCESS
2025-08-05 22:58:35,959 - INFO - Initialized feature similarity graph constructor for POSIX_ACCESS1_COUNT
2025-08-05 22:58:35,959 - INFO - Initialized feature similarity graph constructor for POSIX_ACCESS2_COUNT
2025-08-05 22:58:35,959 - INFO - Initialized feature similarity graph constructor for POSIX_ACCESS3_COUNT
2025-08-05 22:58:35,959 - INFO - Initialized feature similarity graph constructor for POSIX_ACCESS4_COUNT
2025-08-05 22:58:35,959 - INFO - Initialized multiplex graph constructor for 45 features
2025-08-05 22:58:35,959 - INFO - Creating combined PyG data
2025-08-05 22:58:35,960 - INFO - Loading precomputed similarity from data/100K/similarity_output_merged_100K.pt
2025-08-05 22:59:24,623 - INFO - Loading precomputed similarity from data/100K/similarity_output_merged_100K.pt
2025-08-05 23:00:08,444 - INFO - Splitting data into train, validation, and test sets
2025-08-05 23:00:08,544 - INFO - Train: 69999, Val: 15001, Test: 15000
2025-08-05 23:00:08,552 - INFO - Saving processed data to logs/training/all/Experiment12/combined/processed_data
2025-08-05 23:00:10,365 - INFO - Constructing multiplex graphs
2025-08-05 23:00:10,366 - INFO - Loading precomputed similarity from data/100K/similarity_output_merged_100K.pt
2025-08-05 23:00:48,350 - INFO - Creating combined PyG data
2025-08-05 23:00:48,350 - INFO - Loading precomputed similarity from data/100K/similarity_output_merged_100K.pt
2025-08-05 23:01:27,671 - INFO - Loading precomputed similarity from data/100K/similarity_output_merged_100K.pt
2025-08-05 23:02:18,640 - INFO - Saved processed data to logs/training/all/Experiment12/combined/processed_data
2025-08-05 23:02:19,019 - INFO - Initialized GCN model with 2 layers
2025-08-05 23:02:19,019 - INFO - Initialized TabGNN regressor with 1 graph types
2025-08-05 23:02:19,340 - INFO - Epoch 1/100: Train Loss: 0.0163, Val Loss: 0.0125, Test Loss: 0.0114
2025-08-05 23:02:19,498 - INFO - Epoch 2/100: Train Loss: 0.0116, Val Loss: 0.0083, Test Loss: 0.0078
2025-08-05 23:02:19,654 - INFO - Epoch 3/100: Train Loss: 0.0083, Val Loss: 0.0061, Test Loss: 0.0060
2025-08-05 23:02:19,810 - INFO - Epoch 4/100: Train Loss: 0.0065, Val Loss: 0.0050, Test Loss: 0.0050
2025-08-05 23:02:19,966 - INFO - Epoch 5/100: Train Loss: 0.0054, Val Loss: 0.0044, Test Loss: 0.0044
2025-08-05 23:02:20,123 - INFO - Epoch 6/100: Train Loss: 0.0049, Val Loss: 0.0041, Test Loss: 0.0041
2025-08-05 23:02:20,279 - INFO - Epoch 7/100: Train Loss: 0.0046, Val Loss: 0.0040, Test Loss: 0.0040
2025-08-05 23:02:20,436 - INFO - Epoch 8/100: Train Loss: 0.0043, Val Loss: 0.0037, Test Loss: 0.0037
2025-08-05 23:02:20,593 - INFO - Epoch 9/100: Train Loss: 0.0039, Val Loss: 0.0033, Test Loss: 0.0033
2025-08-05 23:02:20,750 - INFO - Epoch 10/100: Train Loss: 0.0036, Val Loss: 0.0029, Test Loss: 0.0029
2025-08-05 23:02:20,907 - INFO - Epoch 11/100: Train Loss: 0.0033, Val Loss: 0.0026, Test Loss: 0.0026
2025-08-05 23:02:21,063 - INFO - Epoch 12/100: Train Loss: 0.0031, Val Loss: 0.0024, Test Loss: 0.0024
2025-08-05 23:02:21,219 - INFO - Epoch 13/100: Train Loss: 0.0029, Val Loss: 0.0024, Test Loss: 0.0024
2025-08-05 23:02:21,375 - INFO - Epoch 14/100: Train Loss: 0.0028, Val Loss: 0.0023, Test Loss: 0.0023
2025-08-05 23:02:21,532 - INFO - Epoch 15/100: Train Loss: 0.0029, Val Loss: 0.0022, Test Loss: 0.0021
2025-08-05 23:02:21,688 - INFO - Epoch 16/100: Train Loss: 0.0028, Val Loss: 0.0020, Test Loss: 0.0020
2025-08-05 23:02:21,844 - INFO - Epoch 17/100: Train Loss: 0.0024, Val Loss: 0.0018, Test Loss: 0.0018
2025-08-05 23:02:22,000 - INFO - Epoch 18/100: Train Loss: 0.0023, Val Loss: 0.0016, Test Loss: 0.0016
2025-08-05 23:02:22,156 - INFO - Epoch 19/100: Train Loss: 0.0021, Val Loss: 0.0015, Test Loss: 0.0015
2025-08-05 23:02:22,312 - INFO - Epoch 20/100: Train Loss: 0.0020, Val Loss: 0.0015, Test Loss: 0.0015
2025-08-05 23:02:22,468 - INFO - Epoch 21/100: Train Loss: 0.0019, Val Loss: 0.0015, Test Loss: 0.0015
2025-08-05 23:02:22,625 - INFO - Epoch 22/100: Train Loss: 0.0018, Val Loss: 0.0014, Test Loss: 0.0014
2025-08-05 23:02:22,781 - INFO - Epoch 23/100: Train Loss: 0.0017, Val Loss: 0.0013, Test Loss: 0.0013
2025-08-05 23:02:22,937 - INFO - Epoch 24/100: Train Loss: 0.0017, Val Loss: 0.0012, Test Loss: 0.0012
2025-08-05 23:02:23,093 - INFO - Epoch 25/100: Train Loss: 0.0015, Val Loss: 0.0011, Test Loss: 0.0011
2025-08-05 23:02:23,249 - INFO - Epoch 26/100: Train Loss: 0.0014, Val Loss: 0.0010, Test Loss: 0.0010
2025-08-05 23:02:23,405 - INFO - Epoch 27/100: Train Loss: 0.0014, Val Loss: 0.0009, Test Loss: 0.0009
2025-08-05 23:02:23,562 - INFO - Epoch 28/100: Train Loss: 0.0013, Val Loss: 0.0009, Test Loss: 0.0009
2025-08-05 23:02:23,718 - INFO - Epoch 29/100: Train Loss: 0.0013, Val Loss: 0.0008, Test Loss: 0.0009
2025-08-05 23:02:23,874 - INFO - Epoch 30/100: Train Loss: 0.0013, Val Loss: 0.0008, Test Loss: 0.0008
2025-08-05 23:02:24,030 - INFO - Epoch 31/100: Train Loss: 0.0012, Val Loss: 0.0008, Test Loss: 0.0008
2025-08-05 23:02:24,186 - INFO - Epoch 32/100: Train Loss: 0.0012, Val Loss: 0.0008, Test Loss: 0.0008
2025-08-05 23:02:24,342 - INFO - Epoch 33/100: Train Loss: 0.0012, Val Loss: 0.0008, Test Loss: 0.0008
2025-08-05 23:02:24,499 - INFO - Epoch 34/100: Train Loss: 0.0012, Val Loss: 0.0008, Test Loss: 0.0008
2025-08-05 23:02:24,655 - INFO - Epoch 35/100: Train Loss: 0.0012, Val Loss: 0.0008, Test Loss: 0.0008
2025-08-05 23:02:24,811 - INFO - Epoch 36/100: Train Loss: 0.0011, Val Loss: 0.0008, Test Loss: 0.0008
2025-08-05 23:02:24,967 - INFO - Epoch 37/100: Train Loss: 0.0011, Val Loss: 0.0008, Test Loss: 0.0008
2025-08-05 23:02:25,123 - INFO - Epoch 38/100: Train Loss: 0.0011, Val Loss: 0.0008, Test Loss: 0.0008
2025-08-05 23:02:25,280 - INFO - Epoch 39/100: Train Loss: 0.0011, Val Loss: 0.0007, Test Loss: 0.0008
2025-08-05 23:02:25,436 - INFO - Epoch 40/100: Train Loss: 0.0011, Val Loss: 0.0007, Test Loss: 0.0007
2025-08-05 23:02:25,593 - INFO - Epoch 41/100: Train Loss: 0.0011, Val Loss: 0.0007, Test Loss: 0.0007
2025-08-05 23:02:25,749 - INFO - Epoch 42/100: Train Loss: 0.0010, Val Loss: 0.0007, Test Loss: 0.0007
2025-08-05 23:02:25,905 - INFO - Epoch 43/100: Train Loss: 0.0010, Val Loss: 0.0007, Test Loss: 0.0007
2025-08-05 23:02:26,062 - INFO - Epoch 44/100: Train Loss: 0.0010, Val Loss: 0.0007, Test Loss: 0.0007
2025-08-05 23:02:26,218 - INFO - Epoch 45/100: Train Loss: 0.0010, Val Loss: 0.0007, Test Loss: 0.0007
2025-08-05 23:02:26,374 - INFO - Epoch 46/100: Train Loss: 0.0010, Val Loss: 0.0007, Test Loss: 0.0007
2025-08-05 23:02:26,530 - INFO - Epoch 47/100: Train Loss: 0.0010, Val Loss: 0.0007, Test Loss: 0.0007
2025-08-05 23:02:26,687 - INFO - Epoch 48/100: Train Loss: 0.0010, Val Loss: 0.0007, Test Loss: 0.0007
2025-08-05 23:02:26,843 - INFO - Epoch 49/100: Train Loss: 0.0010, Val Loss: 0.0007, Test Loss: 0.0007
2025-08-05 23:02:26,999 - INFO - Epoch 50/100: Train Loss: 0.0009, Val Loss: 0.0007, Test Loss: 0.0007
2025-08-05 23:02:27,155 - INFO - Epoch 51/100: Train Loss: 0.0010, Val Loss: 0.0007, Test Loss: 0.0007
2025-08-05 23:02:27,311 - INFO - Epoch 52/100: Train Loss: 0.0009, Val Loss: 0.0007, Test Loss: 0.0007
2025-08-05 23:02:27,467 - INFO - Epoch 53/100: Train Loss: 0.0009, Val Loss: 0.0007, Test Loss: 0.0007
2025-08-05 23:02:27,623 - INFO - Epoch 54/100: Train Loss: 0.0009, Val Loss: 0.0007, Test Loss: 0.0007
2025-08-05 23:02:27,779 - INFO - Epoch 55/100: Train Loss: 0.0009, Val Loss: 0.0007, Test Loss: 0.0007
2025-08-05 23:02:27,935 - INFO - Epoch 56/100: Train Loss: 0.0009, Val Loss: 0.0007, Test Loss: 0.0007
2025-08-05 23:02:28,092 - INFO - Epoch 57/100: Train Loss: 0.0009, Val Loss: 0.0006, Test Loss: 0.0007
2025-08-05 23:02:28,249 - INFO - Epoch 58/100: Train Loss: 0.0009, Val Loss: 0.0006, Test Loss: 0.0007
2025-08-05 23:02:28,406 - INFO - Epoch 59/100: Train Loss: 0.0009, Val Loss: 0.0006, Test Loss: 0.0007
2025-08-05 23:02:28,562 - INFO - Epoch 60/100: Train Loss: 0.0009, Val Loss: 0.0006, Test Loss: 0.0007
2025-08-05 23:02:28,718 - INFO - Epoch 61/100: Train Loss: 0.0009, Val Loss: 0.0006, Test Loss: 0.0006
2025-08-05 23:02:28,874 - INFO - Epoch 62/100: Train Loss: 0.0009, Val Loss: 0.0006, Test Loss: 0.0006
2025-08-05 23:02:29,030 - INFO - Epoch 63/100: Train Loss: 0.0009, Val Loss: 0.0006, Test Loss: 0.0006
2025-08-05 23:02:29,187 - INFO - Epoch 64/100: Train Loss: 0.0009, Val Loss: 0.0006, Test Loss: 0.0006
2025-08-05 23:02:29,343 - INFO - Epoch 65/100: Train Loss: 0.0009, Val Loss: 0.0006, Test Loss: 0.0006
2025-08-05 23:02:29,499 - INFO - Epoch 66/100: Train Loss: 0.0009, Val Loss: 0.0006, Test Loss: 0.0006
2025-08-05 23:02:29,655 - INFO - Epoch 67/100: Train Loss: 0.0008, Val Loss: 0.0006, Test Loss: 0.0006
2025-08-05 23:02:29,811 - INFO - Epoch 68/100: Train Loss: 0.0008, Val Loss: 0.0006, Test Loss: 0.0006
2025-08-05 23:02:29,967 - INFO - Epoch 69/100: Train Loss: 0.0008, Val Loss: 0.0006, Test Loss: 0.0006
2025-08-05 23:02:30,124 - INFO - Epoch 70/100: Train Loss: 0.0008, Val Loss: 0.0006, Test Loss: 0.0006
2025-08-05 23:02:30,280 - INFO - Epoch 71/100: Train Loss: 0.0008, Val Loss: 0.0006, Test Loss: 0.0006
2025-08-05 23:02:30,436 - INFO - Epoch 72/100: Train Loss: 0.0008, Val Loss: 0.0006, Test Loss: 0.0006
2025-08-05 23:02:30,592 - INFO - Epoch 73/100: Train Loss: 0.0008, Val Loss: 0.0006, Test Loss: 0.0006
2025-08-05 23:02:30,748 - INFO - Epoch 74/100: Train Loss: 0.0008, Val Loss: 0.0006, Test Loss: 0.0006
2025-08-05 23:02:30,904 - INFO - Epoch 75/100: Train Loss: 0.0008, Val Loss: 0.0006, Test Loss: 0.0006
2025-08-05 23:02:31,061 - INFO - Epoch 76/100: Train Loss: 0.0008, Val Loss: 0.0006, Test Loss: 0.0006
2025-08-05 23:02:31,217 - INFO - Epoch 77/100: Train Loss: 0.0008, Val Loss: 0.0006, Test Loss: 0.0006
2025-08-05 23:02:31,373 - INFO - Epoch 78/100: Train Loss: 0.0008, Val Loss: 0.0006, Test Loss: 0.0006
2025-08-05 23:02:31,529 - INFO - Epoch 79/100: Train Loss: 0.0008, Val Loss: 0.0005, Test Loss: 0.0006
2025-08-05 23:02:31,686 - INFO - Epoch 80/100: Train Loss: 0.0008, Val Loss: 0.0005, Test Loss: 0.0006
2025-08-05 23:02:31,842 - INFO - Epoch 81/100: Train Loss: 0.0008, Val Loss: 0.0005, Test Loss: 0.0006
2025-08-05 23:02:31,998 - INFO - Epoch 82/100: Train Loss: 0.0008, Val Loss: 0.0005, Test Loss: 0.0005
2025-08-05 23:02:32,154 - INFO - Epoch 83/100: Train Loss: 0.0008, Val Loss: 0.0005, Test Loss: 0.0005
2025-08-05 23:02:32,310 - INFO - Epoch 84/100: Train Loss: 0.0008, Val Loss: 0.0005, Test Loss: 0.0005
2025-08-05 23:02:32,466 - INFO - Epoch 85/100: Train Loss: 0.0007, Val Loss: 0.0005, Test Loss: 0.0005
2025-08-05 23:02:32,623 - INFO - Epoch 86/100: Train Loss: 0.0007, Val Loss: 0.0005, Test Loss: 0.0005
2025-08-05 23:02:32,779 - INFO - Epoch 87/100: Train Loss: 0.0007, Val Loss: 0.0005, Test Loss: 0.0005
2025-08-05 23:02:32,935 - INFO - Epoch 88/100: Train Loss: 0.0007, Val Loss: 0.0005, Test Loss: 0.0005
2025-08-05 23:02:33,091 - INFO - Epoch 89/100: Train Loss: 0.0007, Val Loss: 0.0005, Test Loss: 0.0005
2025-08-05 23:02:33,248 - INFO - Epoch 90/100: Train Loss: 0.0007, Val Loss: 0.0005, Test Loss: 0.0005
2025-08-05 23:02:33,404 - INFO - Epoch 91/100: Train Loss: 0.0007, Val Loss: 0.0005, Test Loss: 0.0005
2025-08-05 23:02:33,560 - INFO - Epoch 92/100: Train Loss: 0.0007, Val Loss: 0.0005, Test Loss: 0.0005
2025-08-05 23:02:33,717 - INFO - Epoch 93/100: Train Loss: 0.0007, Val Loss: 0.0005, Test Loss: 0.0005
2025-08-05 23:02:33,873 - INFO - Epoch 94/100: Train Loss: 0.0007, Val Loss: 0.0005, Test Loss: 0.0005
2025-08-05 23:02:34,029 - INFO - Epoch 95/100: Train Loss: 0.0007, Val Loss: 0.0005, Test Loss: 0.0005
2025-08-05 23:02:34,185 - INFO - Epoch 96/100: Train Loss: 0.0007, Val Loss: 0.0005, Test Loss: 0.0005
2025-08-05 23:02:34,342 - INFO - Epoch 97/100: Train Loss: 0.0007, Val Loss: 0.0005, Test Loss: 0.0005
2025-08-05 23:02:34,498 - INFO - Epoch 98/100: Train Loss: 0.0007, Val Loss: 0.0005, Test Loss: 0.0005
2025-08-05 23:02:34,654 - INFO - Epoch 99/100: Train Loss: 0.0007, Val Loss: 0.0005, Test Loss: 0.0005
2025-08-05 23:02:34,810 - INFO - Epoch 100/100: Train Loss: 0.0007, Val Loss: 0.0005, Test Loss: 0.0005
2025-08-05 23:02:34,811 - INFO - Initialized lightgbm model
2025-08-05 23:02:34,811 - INFO - Initialized TabGNN tabular model with lightgbm base model
/u/mbanisharifdehkordi/.conda/envs/gnn4_env/lib/python3.9/site-packages/sklearn/utils/deprecation.py:151: FutureWarning: 'force_all_finite' was renamed to 'ensure_all_finite' in 1.6 and will be removed in 1.8.
  warnings.warn(
2025-08-05 23:03:08,853 - INFO - LightGBM model fitted with 109 features
2025-08-05 23:03:08,853 - INFO - TabGNN tabular model fitted with 109 features
/u/mbanisharifdehkordi/.conda/envs/gnn4_env/lib/python3.9/site-packages/sklearn/utils/deprecation.py:151: FutureWarning: 'force_all_finite' was renamed to 'ensure_all_finite' in 1.6 and will be removed in 1.8.
  warnings.warn(
2025-08-05 23:03:09,077 - INFO - Evaluation metrics: {'mse': 5.086042247674645e-05, 'rmse': 0.007131649351780165, 'mae': 0.003841367916628752, 'r2': 0.9788388693538359}
2025-08-05 23:03:09,081 - INFO - Final metrics: {'mse': 5.086042247674645e-05, 'rmse': 0.007131649351780165, 'mae': 0.003841367916628752, 'r2': 0.9788388693538359}
2025-08-05 23:03:09,081 - INFO - Model and results saved to logs/training/all/Experiment12/combined
2025-08-05 23:03:09,086 - INFO - Model checkpoint saved to logs/training/all/Experiment12/combined/tabgnn_part.pt
2025-08-05 23:03:09,122 - INFO - Model saved to logs/training/all/Experiment12/combined/tabular_part.joblib
2025-08-05 23:03:09,122 - INFO - TabGNN tabular model saved to logs/training/all/Experiment12/combined/tabgnn_part.pt and logs/training/all/Experiment12/combined/tabular_part.joblib
2025-08-05 23:03:10,927 - INFO - Loaded metrics for catboost: {'mse': 0.00011812680738033972, 'rmse': 0.010868615706719036, 'mae': 0.005651529015162931, 'r2': 0.9504140944041799}
2025-08-05 23:03:10,928 - INFO - Loaded metrics for combined: {'mse': 5.086042247674645e-05, 'rmse': 0.007131649351780165, 'mae': 0.003841367916628752, 'r2': 0.9788388693538359}
2025-08-05 23:03:10,929 - INFO - Loaded metrics for lightgbm: {'mse': 0.00010251345309648706, 'rmse': 0.010124892744937452, 'mae': 0.005038886044565489, 'r2': 0.956968087767096}
2025-08-05 23:03:10,930 - INFO - Loaded metrics for mlp: {'mse': 0.00016342374146915972, 'rmse': 0.012783729560232403, 'mae': 0.006873586215078831, 'r2': 0.9313998818397522}
2025-08-05 23:03:10,931 - INFO - Loaded metrics for tabgnn: {'mse': 0.00048175774281844497, 'rmse': 0.021948980450545875, 'mae': 0.013677268289029598, 'r2': 0.7977733016014099}
2025-08-05 23:03:10,932 - INFO - Loaded metrics for tabnet: {'mse': 0.0007138645160011947, 'rmse': 0.02671824313088708, 'mae': 0.020810380578041077, 'r2': 0.7003421783447266}
2025-08-05 23:03:10,933 - INFO - Loaded metrics for xgboost: {'mse': 9.786496229935437e-05, 'rmse': 0.009892672151615779, 'mae': 0.0048816814087331295, 'r2': 0.9589194059371948}
2025-08-05 23:03:10,952 - INFO - Comparison report saved to logs/training/comparison_report_Experiment12.json
2025-08-05 23:03:10,952 - INFO - Markdown summary saved to logs/training/comparison_report_Experiment12.md
2025-08-05 23:03:11,063 - INFO - Saved RMSE plot to logs/training/model_comparison_Experiment12_rmse.png
2025-08-05 23:03:11,155 - INFO - Saved MAE plot to logs/training/model_comparison_Experiment12_mae.png
2025-08-05 23:03:11,240 - INFO - Saved R2 plot to logs/training/model_comparison_Experiment12_r2.png
2025-08-05 23:03:11,240 - INFO - Best model: combined
2025-08-05 23:03:11,240 - INFO - Best metrics: {'mse': 5.086042247674645e-05, 'rmse': 0.007131649351780165, 'mae': 0.003841367916628752, 'r2': 0.9788388693538359, 'improvement': 29.563210876025707}
