2025-08-07 20:39:14,243 - INFO - Parsed arguments:
{
    "data_path": "data/100K/sample_100K.csv",
    "output_dir": "logs/training/all/Experiment13/tabgnn",
    "target_column": "tag",
    "important_features": null,
    "similarity_threshold": 0.05,
    "model_type": "tabgnn",
    "gnn_type": "gcn",
    "hidden_dim": 64,
    "num_layers": 2,
    "dropout": 0.1,
    "batch_size": 32,
    "epochs": 100,
    "lr": 0.001,
    "weight_decay": 0.0001,
    "patience": 10,
    "seed": 42,
    "device": "cuda",
    "precomputed_similarity_path": "data/100K/similarity_output_merged_100K.pt"
}
2025-08-07 20:39:14,263 - INFO - Using device: cuda
2025-08-07 20:39:14,263 - INFO - Initialized I/O data processor for data/100K/sample_100K.csv
2025-08-07 20:39:14,263 - INFO - Loading data from data/100K/sample_100K.csv
2025-08-07 20:39:14,649 - INFO - Loaded data with shape (100000, 46)
2025-08-07 20:39:14,649 - INFO - Preprocessing data
2025-08-07 20:39:14,650 - INFO - Pre-computed similarity file found – skipping per-feature graph constructor creation.
2025-08-07 20:39:14,650 - INFO - Constructing multiplex graphs
2025-08-07 20:39:14,650 - INFO - Loading precomputed similarity from data/100K/similarity_output_merged_100K.pt
2025-08-07 20:40:05,221 - INFO - Splitting data into train, validation, and test sets
2025-08-07 20:40:05,330 - INFO - Train: 69999, Val: 15001, Test: 15000
2025-08-07 20:40:05,334 - INFO - Saving processed data to logs/training/all/Experiment13/tabgnn/processed_data
2025-08-07 20:40:07,181 - INFO - Precomputed similarity detected. Skipping multiplex graph construction.
2025-08-07 20:40:07,211 - INFO - Saved processed data to logs/training/all/Experiment13/tabgnn/processed_data
2025-08-07 20:40:07,470 - INFO - Initialized TabGNN regressor with 0 graph types
2025-08-07 20:40:08,444 - INFO - Epoch 1/100: Train Loss: 0.0141, Val Loss: 0.0108, Test Loss: 0.0108
2025-08-07 20:40:08,468 - INFO - Epoch 2/100: Train Loss: 0.0111, Val Loss: 0.0082, Test Loss: 0.0082
2025-08-07 20:40:08,470 - INFO - Epoch 3/100: Train Loss: 0.0086, Val Loss: 0.0061, Test Loss: 0.0061
2025-08-07 20:40:08,472 - INFO - Epoch 4/100: Train Loss: 0.0065, Val Loss: 0.0044, Test Loss: 0.0045
2025-08-07 20:40:08,474 - INFO - Epoch 5/100: Train Loss: 0.0049, Val Loss: 0.0032, Test Loss: 0.0032
2025-08-07 20:40:08,476 - INFO - Epoch 6/100: Train Loss: 0.0037, Val Loss: 0.0024, Test Loss: 0.0024
2025-08-07 20:40:08,478 - INFO - Epoch 7/100: Train Loss: 0.0029, Val Loss: 0.0020, Test Loss: 0.0020
2025-08-07 20:40:08,479 - INFO - Epoch 8/100: Train Loss: 0.0025, Val Loss: 0.0018, Test Loss: 0.0018
2025-08-07 20:40:08,481 - INFO - Epoch 9/100: Train Loss: 0.0024, Val Loss: 0.0019, Test Loss: 0.0019
2025-08-07 20:40:08,483 - INFO - Epoch 10/100: Train Loss: 0.0025, Val Loss: 0.0021, Test Loss: 0.0021
2025-08-07 20:40:08,485 - INFO - Epoch 11/100: Train Loss: 0.0027, Val Loss: 0.0022, Test Loss: 0.0022
2025-08-07 20:40:08,490 - INFO - Epoch 12/100: Train Loss: 0.0029, Val Loss: 0.0023, Test Loss: 0.0023
2025-08-07 20:40:08,492 - INFO - Epoch 13/100: Train Loss: 0.0030, Val Loss: 0.0023, Test Loss: 0.0023
2025-08-07 20:40:08,494 - INFO - Epoch 14/100: Train Loss: 0.0030, Val Loss: 0.0021, Test Loss: 0.0021
2025-08-07 20:40:08,496 - INFO - Epoch 15/100: Train Loss: 0.0028, Val Loss: 0.0020, Test Loss: 0.0020
2025-08-07 20:40:08,498 - INFO - Epoch 16/100: Train Loss: 0.0027, Val Loss: 0.0019, Test Loss: 0.0019
2025-08-07 20:40:08,500 - INFO - Epoch 17/100: Train Loss: 0.0025, Val Loss: 0.0017, Test Loss: 0.0018
2025-08-07 20:40:08,502 - INFO - Epoch 18/100: Train Loss: 0.0024, Val Loss: 0.0016, Test Loss: 0.0016
2025-08-07 20:40:08,504 - INFO - Epoch 19/100: Train Loss: 0.0022, Val Loss: 0.0015, Test Loss: 0.0015
2025-08-07 20:40:08,506 - INFO - Epoch 20/100: Train Loss: 0.0021, Val Loss: 0.0014, Test Loss: 0.0014
2025-08-07 20:40:08,507 - INFO - Epoch 21/100: Train Loss: 0.0019, Val Loss: 0.0013, Test Loss: 0.0013
2025-08-07 20:40:08,509 - INFO - Epoch 22/100: Train Loss: 0.0018, Val Loss: 0.0012, Test Loss: 0.0012
2025-08-07 20:40:08,511 - INFO - Epoch 23/100: Train Loss: 0.0017, Val Loss: 0.0011, Test Loss: 0.0011
2025-08-07 20:40:08,513 - INFO - Epoch 24/100: Train Loss: 0.0016, Val Loss: 0.0011, Test Loss: 0.0011
2025-08-07 20:40:08,515 - INFO - Epoch 25/100: Train Loss: 0.0016, Val Loss: 0.0010, Test Loss: 0.0011
2025-08-07 20:40:08,517 - INFO - Epoch 26/100: Train Loss: 0.0015, Val Loss: 0.0010, Test Loss: 0.0010
2025-08-07 20:40:08,519 - INFO - Epoch 27/100: Train Loss: 0.0015, Val Loss: 0.0010, Test Loss: 0.0010
2025-08-07 20:40:08,521 - INFO - Epoch 28/100: Train Loss: 0.0015, Val Loss: 0.0010, Test Loss: 0.0010
2025-08-07 20:40:08,523 - INFO - Epoch 29/100: Train Loss: 0.0015, Val Loss: 0.0010, Test Loss: 0.0010
2025-08-07 20:40:08,525 - INFO - Epoch 30/100: Train Loss: 0.0015, Val Loss: 0.0010, Test Loss: 0.0010
2025-08-07 20:40:08,526 - INFO - Epoch 31/100: Train Loss: 0.0015, Val Loss: 0.0010, Test Loss: 0.0010
2025-08-07 20:40:08,528 - INFO - Epoch 32/100: Train Loss: 0.0015, Val Loss: 0.0010, Test Loss: 0.0010
2025-08-07 20:40:08,530 - INFO - Epoch 33/100: Train Loss: 0.0014, Val Loss: 0.0010, Test Loss: 0.0010
2025-08-07 20:40:08,532 - INFO - Epoch 34/100: Train Loss: 0.0014, Val Loss: 0.0010, Test Loss: 0.0010
2025-08-07 20:40:08,534 - INFO - Epoch 35/100: Train Loss: 0.0014, Val Loss: 0.0010, Test Loss: 0.0010
2025-08-07 20:40:08,536 - INFO - Epoch 36/100: Train Loss: 0.0014, Val Loss: 0.0009, Test Loss: 0.0010
2025-08-07 20:40:08,538 - INFO - Epoch 37/100: Train Loss: 0.0014, Val Loss: 0.0009, Test Loss: 0.0009
2025-08-07 20:40:08,540 - INFO - Epoch 38/100: Train Loss: 0.0014, Val Loss: 0.0009, Test Loss: 0.0009
2025-08-07 20:40:08,542 - INFO - Epoch 39/100: Train Loss: 0.0013, Val Loss: 0.0009, Test Loss: 0.0009
2025-08-07 20:40:08,544 - INFO - Epoch 40/100: Train Loss: 0.0013, Val Loss: 0.0008, Test Loss: 0.0009
2025-08-07 20:40:08,546 - INFO - Epoch 41/100: Train Loss: 0.0013, Val Loss: 0.0008, Test Loss: 0.0008
2025-08-07 20:40:08,547 - INFO - Epoch 42/100: Train Loss: 0.0013, Val Loss: 0.0008, Test Loss: 0.0008
2025-08-07 20:40:08,549 - INFO - Epoch 43/100: Train Loss: 0.0012, Val Loss: 0.0008, Test Loss: 0.0008
2025-08-07 20:40:08,551 - INFO - Epoch 44/100: Train Loss: 0.0012, Val Loss: 0.0008, Test Loss: 0.0008
2025-08-07 20:40:08,553 - INFO - Epoch 45/100: Train Loss: 0.0012, Val Loss: 0.0008, Test Loss: 0.0008
2025-08-07 20:40:08,555 - INFO - Epoch 46/100: Train Loss: 0.0012, Val Loss: 0.0008, Test Loss: 0.0008
2025-08-07 20:40:08,557 - INFO - Epoch 47/100: Train Loss: 0.0012, Val Loss: 0.0008, Test Loss: 0.0008
2025-08-07 20:40:08,559 - INFO - Epoch 48/100: Train Loss: 0.0012, Val Loss: 0.0008, Test Loss: 0.0008
2025-08-07 20:40:08,561 - INFO - Epoch 49/100: Train Loss: 0.0012, Val Loss: 0.0008, Test Loss: 0.0008
2025-08-07 20:40:08,563 - INFO - Epoch 50/100: Train Loss: 0.0012, Val Loss: 0.0007, Test Loss: 0.0008
2025-08-07 20:40:08,565 - INFO - Epoch 51/100: Train Loss: 0.0012, Val Loss: 0.0007, Test Loss: 0.0008
2025-08-07 20:40:08,567 - INFO - Epoch 52/100: Train Loss: 0.0012, Val Loss: 0.0007, Test Loss: 0.0007
2025-08-07 20:40:08,569 - INFO - Epoch 53/100: Train Loss: 0.0012, Val Loss: 0.0007, Test Loss: 0.0007
2025-08-07 20:40:08,570 - INFO - Epoch 54/100: Train Loss: 0.0012, Val Loss: 0.0007, Test Loss: 0.0007
2025-08-07 20:40:08,572 - INFO - Epoch 55/100: Train Loss: 0.0011, Val Loss: 0.0007, Test Loss: 0.0007
2025-08-07 20:40:08,574 - INFO - Epoch 56/100: Train Loss: 0.0011, Val Loss: 0.0007, Test Loss: 0.0007
2025-08-07 20:40:08,576 - INFO - Epoch 57/100: Train Loss: 0.0011, Val Loss: 0.0007, Test Loss: 0.0007
2025-08-07 20:40:08,578 - INFO - Epoch 58/100: Train Loss: 0.0011, Val Loss: 0.0007, Test Loss: 0.0007
2025-08-07 20:40:08,580 - INFO - Epoch 59/100: Train Loss: 0.0011, Val Loss: 0.0007, Test Loss: 0.0007
2025-08-07 20:40:08,582 - INFO - Epoch 60/100: Train Loss: 0.0011, Val Loss: 0.0007, Test Loss: 0.0007
2025-08-07 20:40:08,584 - INFO - Epoch 61/100: Train Loss: 0.0011, Val Loss: 0.0007, Test Loss: 0.0007
2025-08-07 20:40:08,586 - INFO - Epoch 62/100: Train Loss: 0.0011, Val Loss: 0.0007, Test Loss: 0.0007
2025-08-07 20:40:08,588 - INFO - Epoch 63/100: Train Loss: 0.0011, Val Loss: 0.0007, Test Loss: 0.0007
2025-08-07 20:40:08,589 - INFO - Epoch 64/100: Train Loss: 0.0011, Val Loss: 0.0007, Test Loss: 0.0007
2025-08-07 20:40:08,591 - INFO - Epoch 65/100: Train Loss: 0.0011, Val Loss: 0.0007, Test Loss: 0.0007
2025-08-07 20:40:08,593 - INFO - Epoch 66/100: Train Loss: 0.0011, Val Loss: 0.0007, Test Loss: 0.0007
2025-08-07 20:40:08,595 - INFO - Epoch 67/100: Train Loss: 0.0011, Val Loss: 0.0007, Test Loss: 0.0007
2025-08-07 20:40:08,597 - INFO - Epoch 68/100: Train Loss: 0.0011, Val Loss: 0.0007, Test Loss: 0.0007
2025-08-07 20:40:08,599 - INFO - Epoch 69/100: Train Loss: 0.0011, Val Loss: 0.0007, Test Loss: 0.0007
2025-08-07 20:40:08,601 - INFO - Epoch 70/100: Train Loss: 0.0011, Val Loss: 0.0007, Test Loss: 0.0007
2025-08-07 20:40:08,603 - INFO - Epoch 71/100: Train Loss: 0.0011, Val Loss: 0.0007, Test Loss: 0.0007
2025-08-07 20:40:08,605 - INFO - Epoch 72/100: Train Loss: 0.0011, Val Loss: 0.0007, Test Loss: 0.0007
2025-08-07 20:40:08,607 - INFO - Epoch 73/100: Train Loss: 0.0011, Val Loss: 0.0007, Test Loss: 0.0007
2025-08-07 20:40:08,609 - INFO - Epoch 74/100: Train Loss: 0.0011, Val Loss: 0.0007, Test Loss: 0.0007
2025-08-07 20:40:08,610 - INFO - Epoch 75/100: Train Loss: 0.0010, Val Loss: 0.0006, Test Loss: 0.0007
2025-08-07 20:40:08,612 - INFO - Epoch 76/100: Train Loss: 0.0011, Val Loss: 0.0006, Test Loss: 0.0007
2025-08-07 20:40:08,614 - INFO - Epoch 77/100: Train Loss: 0.0010, Val Loss: 0.0006, Test Loss: 0.0007
2025-08-07 20:40:08,615 - INFO - Epoch 78/100: Train Loss: 0.0010, Val Loss: 0.0006, Test Loss: 0.0007
2025-08-07 20:40:08,617 - INFO - Epoch 79/100: Train Loss: 0.0010, Val Loss: 0.0006, Test Loss: 0.0007
2025-08-07 20:40:08,619 - INFO - Epoch 80/100: Train Loss: 0.0010, Val Loss: 0.0006, Test Loss: 0.0006
2025-08-07 20:40:08,621 - INFO - Epoch 81/100: Train Loss: 0.0010, Val Loss: 0.0006, Test Loss: 0.0006
2025-08-07 20:40:08,623 - INFO - Epoch 82/100: Train Loss: 0.0010, Val Loss: 0.0006, Test Loss: 0.0006
2025-08-07 20:40:08,625 - INFO - Epoch 83/100: Train Loss: 0.0010, Val Loss: 0.0006, Test Loss: 0.0006
2025-08-07 20:40:08,627 - INFO - Epoch 84/100: Train Loss: 0.0010, Val Loss: 0.0006, Test Loss: 0.0006
2025-08-07 20:40:08,629 - INFO - Epoch 85/100: Train Loss: 0.0010, Val Loss: 0.0006, Test Loss: 0.0006
2025-08-07 20:40:08,631 - INFO - Epoch 86/100: Train Loss: 0.0010, Val Loss: 0.0006, Test Loss: 0.0006
2025-08-07 20:40:08,632 - INFO - Epoch 87/100: Train Loss: 0.0010, Val Loss: 0.0006, Test Loss: 0.0006
2025-08-07 20:40:08,634 - INFO - Epoch 88/100: Train Loss: 0.0010, Val Loss: 0.0006, Test Loss: 0.0006
2025-08-07 20:40:08,636 - INFO - Epoch 89/100: Train Loss: 0.0010, Val Loss: 0.0006, Test Loss: 0.0006
2025-08-07 20:40:08,638 - INFO - Epoch 90/100: Train Loss: 0.0010, Val Loss: 0.0006, Test Loss: 0.0006
2025-08-07 20:40:08,640 - INFO - Epoch 91/100: Train Loss: 0.0010, Val Loss: 0.0006, Test Loss: 0.0006
2025-08-07 20:40:08,642 - INFO - Epoch 92/100: Train Loss: 0.0010, Val Loss: 0.0006, Test Loss: 0.0006
2025-08-07 20:40:08,644 - INFO - Epoch 93/100: Train Loss: 0.0010, Val Loss: 0.0006, Test Loss: 0.0006
2025-08-07 20:40:08,646 - INFO - Epoch 94/100: Train Loss: 0.0010, Val Loss: 0.0006, Test Loss: 0.0006
2025-08-07 20:40:08,648 - INFO - Epoch 95/100: Train Loss: 0.0010, Val Loss: 0.0006, Test Loss: 0.0006
2025-08-07 20:40:08,650 - INFO - Epoch 96/100: Train Loss: 0.0010, Val Loss: 0.0006, Test Loss: 0.0006
2025-08-07 20:40:08,652 - INFO - Epoch 97/100: Train Loss: 0.0010, Val Loss: 0.0006, Test Loss: 0.0006
2025-08-07 20:40:08,654 - INFO - Epoch 98/100: Train Loss: 0.0010, Val Loss: 0.0006, Test Loss: 0.0006
2025-08-07 20:40:08,656 - INFO - Epoch 99/100: Train Loss: 0.0010, Val Loss: 0.0006, Test Loss: 0.0006
2025-08-07 20:40:08,658 - INFO - Epoch 100/100: Train Loss: 0.0010, Val Loss: 0.0006, Test Loss: 0.0006
2025-08-07 20:40:08,662 - INFO - Model checkpoint saved to logs/training/all/Experiment13/tabgnn/tabgnn_model.pt
Traceback (most recent call last):
  File "/u/mbanisharifdehkordi/Github/GNN_4_IO_4/scripts/train.py", line 551, in <module>
    main()
  File "/u/mbanisharifdehkordi/Github/GNN_4_IO_4/scripts/train.py", line 478, in main
    edge_indices,
NameError: name 'edge_indices' is not defined
2025-08-07 20:40:16,266 - INFO - Parsed arguments:
{
    "data_path": "data/100K/sample_100K.csv",
    "output_dir": "logs/training/all/Experiment13/lightgbm",
    "target_column": "tag",
    "important_features": null,
    "similarity_threshold": 0.05,
    "model_type": "lightgbm",
    "gnn_type": "gcn",
    "hidden_dim": 64,
    "num_layers": 2,
    "dropout": 0.1,
    "batch_size": 32,
    "epochs": 100,
    "lr": 0.001,
    "weight_decay": 0.0001,
    "patience": 10,
    "seed": 42,
    "device": "cuda",
    "precomputed_similarity_path": "data/100K/similarity_output_merged_100K.pt"
}
2025-08-07 20:40:16,273 - INFO - Using device: cuda
2025-08-07 20:40:16,273 - INFO - Initialized I/O data processor for data/100K/sample_100K.csv
2025-08-07 20:40:16,273 - INFO - Loading data from data/100K/sample_100K.csv
2025-08-07 20:40:16,576 - INFO - Loaded data with shape (100000, 46)
2025-08-07 20:40:16,576 - INFO - Preprocessing data
2025-08-07 20:40:16,576 - INFO - Pre-computed similarity file found – skipping per-feature graph constructor creation.
2025-08-07 20:40:16,576 - INFO - Constructing multiplex graphs
2025-08-07 20:40:16,576 - INFO - Loading precomputed similarity from data/100K/similarity_output_merged_100K.pt
2025-08-07 20:41:06,192 - INFO - Splitting data into train, validation, and test sets
2025-08-07 20:41:06,284 - INFO - Train: 69999, Val: 15001, Test: 15000
2025-08-07 20:41:06,287 - INFO - Saving processed data to logs/training/all/Experiment13/lightgbm/processed_data
2025-08-07 20:41:08,121 - INFO - Precomputed similarity detected. Skipping multiplex graph construction.
2025-08-07 20:41:08,153 - INFO - Saved processed data to logs/training/all/Experiment13/lightgbm/processed_data
2025-08-07 20:41:08,159 - INFO - Initialized lightgbm model
/u/mbanisharifdehkordi/.conda/envs/gnn4_env/lib/python3.9/site-packages/sklearn/utils/deprecation.py:151: FutureWarning: 'force_all_finite' was renamed to 'ensure_all_finite' in 1.6 and will be removed in 1.8.
  warnings.warn(
2025-08-07 20:41:10,432 - INFO - LightGBM model fitted with 45 features
/u/mbanisharifdehkordi/.conda/envs/gnn4_env/lib/python3.9/site-packages/sklearn/utils/deprecation.py:151: FutureWarning: 'force_all_finite' was renamed to 'ensure_all_finite' in 1.6 and will be removed in 1.8.
  warnings.warn(
2025-08-07 20:41:10,455 - INFO - Final metrics: {'mse': 0.00010251345309648767, 'rmse': 0.010124892744937483, 'mae': 0.005038886044565447, 'r2': 0.9569680877670957}
2025-08-07 20:41:10,455 - INFO - Model and results saved to logs/training/all/Experiment13/lightgbm
2025-08-07 20:41:10,473 - INFO - Model saved to logs/training/all/Experiment13/lightgbm/lightgbm_model.joblib
2025-08-07 20:41:16,864 - INFO - Parsed arguments:
{
    "data_path": "data/100K/sample_100K.csv",
    "output_dir": "logs/training/all/Experiment13/catboost",
    "target_column": "tag",
    "important_features": null,
    "similarity_threshold": 0.05,
    "model_type": "catboost",
    "gnn_type": "gcn",
    "hidden_dim": 64,
    "num_layers": 2,
    "dropout": 0.1,
    "batch_size": 32,
    "epochs": 100,
    "lr": 0.001,
    "weight_decay": 0.0001,
    "patience": 10,
    "seed": 42,
    "device": "cuda",
    "precomputed_similarity_path": "data/100K/similarity_output_merged_100K.pt"
}
2025-08-07 20:41:16,871 - INFO - Using device: cuda
2025-08-07 20:41:16,872 - INFO - Initialized I/O data processor for data/100K/sample_100K.csv
2025-08-07 20:41:16,872 - INFO - Loading data from data/100K/sample_100K.csv
2025-08-07 20:41:17,179 - INFO - Loaded data with shape (100000, 46)
2025-08-07 20:41:17,179 - INFO - Preprocessing data
2025-08-07 20:41:17,179 - INFO - Pre-computed similarity file found – skipping per-feature graph constructor creation.
2025-08-07 20:41:17,179 - INFO - Constructing multiplex graphs
2025-08-07 20:41:17,179 - INFO - Loading precomputed similarity from data/100K/similarity_output_merged_100K.pt
2025-08-07 20:42:09,453 - INFO - Splitting data into train, validation, and test sets
2025-08-07 20:42:09,461 - INFO - Train: 69999, Val: 15001, Test: 15000
2025-08-07 20:42:09,464 - INFO - Saving processed data to logs/training/all/Experiment13/catboost/processed_data
2025-08-07 20:42:11,419 - INFO - Precomputed similarity detected. Skipping multiplex graph construction.
2025-08-07 20:42:11,452 - INFO - Saved processed data to logs/training/all/Experiment13/catboost/processed_data
2025-08-07 20:42:11,458 - INFO - Initialized catboost model
2025-08-07 20:42:14,626 - INFO - CatBoost model fitted with 45 features
2025-08-07 20:42:14,647 - INFO - Final metrics: {'mse': 0.00011812680738033972, 'rmse': 0.010868615706719036, 'mae': 0.005651529015162931, 'r2': 0.9504140944041799}
2025-08-07 20:42:14,648 - INFO - Model and results saved to logs/training/all/Experiment13/catboost
2025-08-07 20:42:14,657 - INFO - Model saved to logs/training/all/Experiment13/catboost/catboost_model.joblib
2025-08-07 20:42:21,537 - INFO - Parsed arguments:
{
    "data_path": "data/100K/sample_100K.csv",
    "output_dir": "logs/training/all/Experiment13/xgboost",
    "target_column": "tag",
    "important_features": null,
    "similarity_threshold": 0.05,
    "model_type": "xgboost",
    "gnn_type": "gcn",
    "hidden_dim": 64,
    "num_layers": 2,
    "dropout": 0.1,
    "batch_size": 32,
    "epochs": 100,
    "lr": 0.001,
    "weight_decay": 0.0001,
    "patience": 10,
    "seed": 42,
    "device": "cuda",
    "precomputed_similarity_path": "data/100K/similarity_output_merged_100K.pt"
}
2025-08-07 20:42:21,545 - INFO - Using device: cuda
2025-08-07 20:42:21,545 - INFO - Initialized I/O data processor for data/100K/sample_100K.csv
2025-08-07 20:42:21,545 - INFO - Loading data from data/100K/sample_100K.csv
2025-08-07 20:42:21,837 - INFO - Loaded data with shape (100000, 46)
2025-08-07 20:42:21,837 - INFO - Preprocessing data
2025-08-07 20:42:21,837 - INFO - Pre-computed similarity file found – skipping per-feature graph constructor creation.
2025-08-07 20:42:21,837 - INFO - Constructing multiplex graphs
2025-08-07 20:42:21,837 - INFO - Loading precomputed similarity from data/100K/similarity_output_merged_100K.pt
2025-08-07 20:43:10,952 - INFO - Splitting data into train, validation, and test sets
2025-08-07 20:43:11,050 - INFO - Train: 69999, Val: 15001, Test: 15000
2025-08-07 20:43:11,053 - INFO - Saving processed data to logs/training/all/Experiment13/xgboost/processed_data
2025-08-07 20:43:12,905 - INFO - Precomputed similarity detected. Skipping multiplex graph construction.
2025-08-07 20:43:12,942 - INFO - Saved processed data to logs/training/all/Experiment13/xgboost/processed_data
2025-08-07 20:43:12,948 - INFO - Initialized xgboost model
2025-08-07 20:43:19,874 - INFO - XGBoost model fitted with 45 features
2025-08-07 20:43:19,914 - INFO - Final metrics: {'mse': 9.786496229935437e-05, 'rmse': 0.009892672151615779, 'mae': 0.0048816814087331295, 'r2': 0.9589194059371948}
2025-08-07 20:43:19,914 - INFO - Model and results saved to logs/training/all/Experiment13/xgboost
2025-08-07 20:43:19,938 - INFO - Model saved to logs/training/all/Experiment13/xgboost/xgboost_model.joblib
2025-08-07 20:43:26,970 - INFO - Parsed arguments:
{
    "data_path": "data/100K/sample_100K.csv",
    "output_dir": "logs/training/all/Experiment13/mlp",
    "target_column": "tag",
    "important_features": null,
    "similarity_threshold": 0.05,
    "model_type": "mlp",
    "gnn_type": "gcn",
    "hidden_dim": 64,
    "num_layers": 2,
    "dropout": 0.1,
    "batch_size": 32,
    "epochs": 100,
    "lr": 0.001,
    "weight_decay": 0.0001,
    "patience": 10,
    "seed": 42,
    "device": "cuda",
    "precomputed_similarity_path": "data/100K/similarity_output_merged_100K.pt"
}
2025-08-07 20:43:26,976 - INFO - Using device: cuda
2025-08-07 20:43:26,976 - INFO - Initialized I/O data processor for data/100K/sample_100K.csv
2025-08-07 20:43:26,976 - INFO - Loading data from data/100K/sample_100K.csv
2025-08-07 20:43:27,276 - INFO - Loaded data with shape (100000, 46)
2025-08-07 20:43:27,276 - INFO - Preprocessing data
2025-08-07 20:43:27,276 - INFO - Pre-computed similarity file found – skipping per-feature graph constructor creation.
2025-08-07 20:43:27,276 - INFO - Constructing multiplex graphs
2025-08-07 20:43:27,276 - INFO - Loading precomputed similarity from data/100K/similarity_output_merged_100K.pt
2025-08-07 20:44:16,267 - INFO - Splitting data into train, validation, and test sets
2025-08-07 20:44:16,392 - INFO - Train: 69999, Val: 15001, Test: 15000
2025-08-07 20:44:16,399 - INFO - Saving processed data to logs/training/all/Experiment13/mlp/processed_data
2025-08-07 20:44:18,261 - INFO - Precomputed similarity detected. Skipping multiplex graph construction.
2025-08-07 20:44:18,293 - INFO - Saved processed data to logs/training/all/Experiment13/mlp/processed_data
2025-08-07 20:44:18,299 - INFO - Initialized mlp model
2025-08-07 20:44:32,632 - INFO - MLP model fitted with 45 features
2025-08-07 20:44:32,652 - INFO - Final metrics: {'mse': 0.00016545801190659404, 'rmse': 0.012863048313156334, 'mae': 0.00709164422005415, 'r2': 0.9305459260940552}
2025-08-07 20:44:32,652 - INFO - Model and results saved to logs/training/all/Experiment13/mlp
2025-08-07 20:44:32,658 - INFO - Model saved to logs/training/all/Experiment13/mlp/mlp_model.joblib
2025-08-07 20:44:39,803 - INFO - Parsed arguments:
{
    "data_path": "data/100K/sample_100K.csv",
    "output_dir": "logs/training/all/Experiment13/tabnet",
    "target_column": "tag",
    "important_features": null,
    "similarity_threshold": 0.05,
    "model_type": "tabnet",
    "gnn_type": "gcn",
    "hidden_dim": 64,
    "num_layers": 2,
    "dropout": 0.1,
    "batch_size": 32,
    "epochs": 100,
    "lr": 0.001,
    "weight_decay": 0.0001,
    "patience": 10,
    "seed": 42,
    "device": "cuda",
    "precomputed_similarity_path": "data/100K/similarity_output_merged_100K.pt"
}
2025-08-07 20:44:39,809 - INFO - Using device: cuda
2025-08-07 20:44:39,809 - INFO - Initialized I/O data processor for data/100K/sample_100K.csv
2025-08-07 20:44:39,809 - INFO - Loading data from data/100K/sample_100K.csv
2025-08-07 20:44:40,098 - INFO - Loaded data with shape (100000, 46)
2025-08-07 20:44:40,098 - INFO - Preprocessing data
2025-08-07 20:44:40,098 - INFO - Pre-computed similarity file found – skipping per-feature graph constructor creation.
2025-08-07 20:44:40,098 - INFO - Constructing multiplex graphs
2025-08-07 20:44:40,098 - INFO - Loading precomputed similarity from data/100K/similarity_output_merged_100K.pt
2025-08-07 20:45:32,959 - INFO - Splitting data into train, validation, and test sets
2025-08-07 20:45:33,063 - INFO - Train: 69999, Val: 15001, Test: 15000
2025-08-07 20:45:33,070 - INFO - Saving processed data to logs/training/all/Experiment13/tabnet/processed_data
2025-08-07 20:45:34,930 - INFO - Precomputed similarity detected. Skipping multiplex graph construction.
2025-08-07 20:45:34,963 - INFO - Saved processed data to logs/training/all/Experiment13/tabnet/processed_data
2025-08-07 20:45:34,969 - INFO - Initialized tabnet model
/u/mbanisharifdehkordi/.local/lib/python3.9/site-packages/pytorch_tabnet/abstract_model.py:82: UserWarning: Device used : cuda
  warnings.warn(f"Device used : {self.device}")
/u/mbanisharifdehkordi/.local/lib/python3.9/site-packages/pytorch_tabnet/abstract_model.py:687: UserWarning: No early stopping will be performed, last training weights will be used.
  warnings.warn(wrn_msg)
2025-08-07 20:48:29,789 - INFO - TabNet model fitted with 45 features
2025-08-07 20:48:29,923 - INFO - Final metrics: {'mse': 0.0007138645160011947, 'rmse': 0.02671824313088708, 'mae': 0.020810380578041077, 'r2': 0.7003421783447266}
2025-08-07 20:48:29,923 - INFO - Model and results saved to logs/training/all/Experiment13/tabnet
2025-08-07 20:48:29,967 - INFO - Model saved to logs/training/all/Experiment13/tabnet/tabnet_model.joblib
2025-08-07 20:48:37,772 - INFO - Parsed arguments:
{
    "data_path": "data/100K/sample_100K.csv",
    "output_dir": "logs/training/all/Experiment13/combined",
    "target_column": "tag",
    "important_features": null,
    "similarity_threshold": 0.05,
    "model_type": "combined",
    "gnn_type": "gcn",
    "hidden_dim": 64,
    "num_layers": 2,
    "dropout": 0.1,
    "batch_size": 32,
    "epochs": 100,
    "lr": 0.001,
    "weight_decay": 0.0001,
    "patience": 10,
    "seed": 42,
    "device": "cuda",
    "precomputed_similarity_path": "data/100K/similarity_output_merged_100K.pt"
}
2025-08-07 20:48:37,780 - INFO - Using device: cuda
2025-08-07 20:48:37,780 - INFO - Initialized I/O data processor for data/100K/sample_100K.csv
2025-08-07 20:48:37,780 - INFO - Loading data from data/100K/sample_100K.csv
2025-08-07 20:48:38,088 - INFO - Loaded data with shape (100000, 46)
2025-08-07 20:48:38,088 - INFO - Preprocessing data
2025-08-07 20:48:38,089 - INFO - Pre-computed similarity file found – skipping per-feature graph constructor creation.
2025-08-07 20:48:38,089 - INFO - Constructing multiplex graphs
2025-08-07 20:48:38,089 - INFO - Loading precomputed similarity from data/100K/similarity_output_merged_100K.pt
2025-08-07 20:49:29,920 - INFO - Splitting data into train, validation, and test sets
2025-08-07 20:49:30,039 - INFO - Train: 69999, Val: 15001, Test: 15000
2025-08-07 20:49:30,043 - INFO - Saving processed data to logs/training/all/Experiment13/combined/processed_data
2025-08-07 20:49:32,069 - INFO - Precomputed similarity detected. Skipping multiplex graph construction.
2025-08-07 20:49:32,105 - INFO - Saved processed data to logs/training/all/Experiment13/combined/processed_data
2025-08-07 20:49:32,325 - INFO - Initialized TabGNN regressor with 0 graph types
2025-08-07 20:49:32,497 - INFO - Epoch 1/100: Train Loss: 0.0141, Val Loss: 0.0108, Test Loss: 0.0108
2025-08-07 20:49:32,502 - INFO - Epoch 2/100: Train Loss: 0.0111, Val Loss: 0.0082, Test Loss: 0.0082
2025-08-07 20:49:32,504 - INFO - Epoch 3/100: Train Loss: 0.0086, Val Loss: 0.0061, Test Loss: 0.0061
2025-08-07 20:49:32,506 - INFO - Epoch 4/100: Train Loss: 0.0065, Val Loss: 0.0044, Test Loss: 0.0045
2025-08-07 20:49:32,508 - INFO - Epoch 5/100: Train Loss: 0.0049, Val Loss: 0.0032, Test Loss: 0.0032
2025-08-07 20:49:32,510 - INFO - Epoch 6/100: Train Loss: 0.0037, Val Loss: 0.0024, Test Loss: 0.0024
2025-08-07 20:49:32,512 - INFO - Epoch 7/100: Train Loss: 0.0029, Val Loss: 0.0020, Test Loss: 0.0020
2025-08-07 20:49:32,514 - INFO - Epoch 8/100: Train Loss: 0.0025, Val Loss: 0.0018, Test Loss: 0.0018
2025-08-07 20:49:32,516 - INFO - Epoch 9/100: Train Loss: 0.0024, Val Loss: 0.0019, Test Loss: 0.0019
2025-08-07 20:49:32,520 - INFO - Epoch 10/100: Train Loss: 0.0025, Val Loss: 0.0021, Test Loss: 0.0021
2025-08-07 20:49:32,522 - INFO - Epoch 11/100: Train Loss: 0.0027, Val Loss: 0.0022, Test Loss: 0.0022
2025-08-07 20:49:32,524 - INFO - Epoch 12/100: Train Loss: 0.0029, Val Loss: 0.0023, Test Loss: 0.0023
2025-08-07 20:49:32,526 - INFO - Epoch 13/100: Train Loss: 0.0030, Val Loss: 0.0023, Test Loss: 0.0023
2025-08-07 20:49:32,528 - INFO - Epoch 14/100: Train Loss: 0.0030, Val Loss: 0.0021, Test Loss: 0.0021
2025-08-07 20:49:32,530 - INFO - Epoch 15/100: Train Loss: 0.0028, Val Loss: 0.0020, Test Loss: 0.0020
2025-08-07 20:49:32,532 - INFO - Epoch 16/100: Train Loss: 0.0027, Val Loss: 0.0019, Test Loss: 0.0019
2025-08-07 20:49:32,534 - INFO - Epoch 17/100: Train Loss: 0.0025, Val Loss: 0.0017, Test Loss: 0.0018
2025-08-07 20:49:32,536 - INFO - Epoch 18/100: Train Loss: 0.0024, Val Loss: 0.0016, Test Loss: 0.0016
2025-08-07 20:49:32,537 - INFO - Epoch 19/100: Train Loss: 0.0022, Val Loss: 0.0015, Test Loss: 0.0015
2025-08-07 20:49:32,539 - INFO - Epoch 20/100: Train Loss: 0.0021, Val Loss: 0.0014, Test Loss: 0.0014
2025-08-07 20:49:32,541 - INFO - Epoch 21/100: Train Loss: 0.0019, Val Loss: 0.0013, Test Loss: 0.0013
2025-08-07 20:49:32,543 - INFO - Epoch 22/100: Train Loss: 0.0018, Val Loss: 0.0012, Test Loss: 0.0012
2025-08-07 20:49:32,545 - INFO - Epoch 23/100: Train Loss: 0.0017, Val Loss: 0.0011, Test Loss: 0.0011
2025-08-07 20:49:32,547 - INFO - Epoch 24/100: Train Loss: 0.0016, Val Loss: 0.0011, Test Loss: 0.0011
2025-08-07 20:49:32,549 - INFO - Epoch 25/100: Train Loss: 0.0016, Val Loss: 0.0010, Test Loss: 0.0011
2025-08-07 20:49:32,551 - INFO - Epoch 26/100: Train Loss: 0.0015, Val Loss: 0.0010, Test Loss: 0.0010
2025-08-07 20:49:32,553 - INFO - Epoch 27/100: Train Loss: 0.0015, Val Loss: 0.0010, Test Loss: 0.0010
2025-08-07 20:49:32,555 - INFO - Epoch 28/100: Train Loss: 0.0015, Val Loss: 0.0010, Test Loss: 0.0010
2025-08-07 20:49:32,557 - INFO - Epoch 29/100: Train Loss: 0.0015, Val Loss: 0.0010, Test Loss: 0.0010
2025-08-07 20:49:32,559 - INFO - Epoch 30/100: Train Loss: 0.0015, Val Loss: 0.0010, Test Loss: 0.0010
2025-08-07 20:49:32,561 - INFO - Epoch 31/100: Train Loss: 0.0015, Val Loss: 0.0010, Test Loss: 0.0010
2025-08-07 20:49:32,563 - INFO - Epoch 32/100: Train Loss: 0.0015, Val Loss: 0.0010, Test Loss: 0.0010
2025-08-07 20:49:32,565 - INFO - Epoch 33/100: Train Loss: 0.0014, Val Loss: 0.0010, Test Loss: 0.0010
2025-08-07 20:49:32,567 - INFO - Epoch 34/100: Train Loss: 0.0014, Val Loss: 0.0010, Test Loss: 0.0010
2025-08-07 20:49:32,569 - INFO - Epoch 35/100: Train Loss: 0.0014, Val Loss: 0.0010, Test Loss: 0.0010
2025-08-07 20:49:32,571 - INFO - Epoch 36/100: Train Loss: 0.0014, Val Loss: 0.0009, Test Loss: 0.0010
2025-08-07 20:49:32,573 - INFO - Epoch 37/100: Train Loss: 0.0014, Val Loss: 0.0009, Test Loss: 0.0009
2025-08-07 20:49:32,575 - INFO - Epoch 38/100: Train Loss: 0.0014, Val Loss: 0.0009, Test Loss: 0.0009
2025-08-07 20:49:32,577 - INFO - Epoch 39/100: Train Loss: 0.0013, Val Loss: 0.0009, Test Loss: 0.0009
2025-08-07 20:49:32,579 - INFO - Epoch 40/100: Train Loss: 0.0013, Val Loss: 0.0008, Test Loss: 0.0009
2025-08-07 20:49:32,581 - INFO - Epoch 41/100: Train Loss: 0.0013, Val Loss: 0.0008, Test Loss: 0.0008
2025-08-07 20:49:32,583 - INFO - Epoch 42/100: Train Loss: 0.0013, Val Loss: 0.0008, Test Loss: 0.0008
2025-08-07 20:49:32,585 - INFO - Epoch 43/100: Train Loss: 0.0012, Val Loss: 0.0008, Test Loss: 0.0008
2025-08-07 20:49:32,587 - INFO - Epoch 44/100: Train Loss: 0.0012, Val Loss: 0.0008, Test Loss: 0.0008
2025-08-07 20:49:32,589 - INFO - Epoch 45/100: Train Loss: 0.0012, Val Loss: 0.0008, Test Loss: 0.0008
2025-08-07 20:49:32,591 - INFO - Epoch 46/100: Train Loss: 0.0012, Val Loss: 0.0008, Test Loss: 0.0008
2025-08-07 20:49:32,593 - INFO - Epoch 47/100: Train Loss: 0.0012, Val Loss: 0.0008, Test Loss: 0.0008
2025-08-07 20:49:32,595 - INFO - Epoch 48/100: Train Loss: 0.0012, Val Loss: 0.0008, Test Loss: 0.0008
2025-08-07 20:49:32,597 - INFO - Epoch 49/100: Train Loss: 0.0012, Val Loss: 0.0008, Test Loss: 0.0008
2025-08-07 20:49:32,599 - INFO - Epoch 50/100: Train Loss: 0.0012, Val Loss: 0.0007, Test Loss: 0.0008
2025-08-07 20:49:32,601 - INFO - Epoch 51/100: Train Loss: 0.0012, Val Loss: 0.0007, Test Loss: 0.0008
2025-08-07 20:49:32,603 - INFO - Epoch 52/100: Train Loss: 0.0012, Val Loss: 0.0007, Test Loss: 0.0007
2025-08-07 20:49:32,605 - INFO - Epoch 53/100: Train Loss: 0.0012, Val Loss: 0.0007, Test Loss: 0.0007
2025-08-07 20:49:32,607 - INFO - Epoch 54/100: Train Loss: 0.0012, Val Loss: 0.0007, Test Loss: 0.0007
2025-08-07 20:49:32,609 - INFO - Epoch 55/100: Train Loss: 0.0011, Val Loss: 0.0007, Test Loss: 0.0007
2025-08-07 20:49:32,612 - INFO - Epoch 56/100: Train Loss: 0.0011, Val Loss: 0.0007, Test Loss: 0.0007
2025-08-07 20:49:32,614 - INFO - Epoch 57/100: Train Loss: 0.0011, Val Loss: 0.0007, Test Loss: 0.0007
2025-08-07 20:49:32,616 - INFO - Epoch 58/100: Train Loss: 0.0011, Val Loss: 0.0007, Test Loss: 0.0007
2025-08-07 20:49:32,618 - INFO - Epoch 59/100: Train Loss: 0.0011, Val Loss: 0.0007, Test Loss: 0.0007
2025-08-07 20:49:32,620 - INFO - Epoch 60/100: Train Loss: 0.0011, Val Loss: 0.0007, Test Loss: 0.0007
2025-08-07 20:49:32,622 - INFO - Epoch 61/100: Train Loss: 0.0011, Val Loss: 0.0007, Test Loss: 0.0007
2025-08-07 20:49:32,624 - INFO - Epoch 62/100: Train Loss: 0.0011, Val Loss: 0.0007, Test Loss: 0.0007
2025-08-07 20:49:32,626 - INFO - Epoch 63/100: Train Loss: 0.0011, Val Loss: 0.0007, Test Loss: 0.0007
2025-08-07 20:49:32,628 - INFO - Epoch 64/100: Train Loss: 0.0011, Val Loss: 0.0007, Test Loss: 0.0007
2025-08-07 20:49:32,630 - INFO - Epoch 65/100: Train Loss: 0.0011, Val Loss: 0.0007, Test Loss: 0.0007
2025-08-07 20:49:32,632 - INFO - Epoch 66/100: Train Loss: 0.0011, Val Loss: 0.0007, Test Loss: 0.0007
2025-08-07 20:49:32,634 - INFO - Epoch 67/100: Train Loss: 0.0011, Val Loss: 0.0007, Test Loss: 0.0007
2025-08-07 20:49:32,636 - INFO - Epoch 68/100: Train Loss: 0.0011, Val Loss: 0.0007, Test Loss: 0.0007
2025-08-07 20:49:32,638 - INFO - Epoch 69/100: Train Loss: 0.0011, Val Loss: 0.0007, Test Loss: 0.0007
2025-08-07 20:49:32,640 - INFO - Epoch 70/100: Train Loss: 0.0011, Val Loss: 0.0007, Test Loss: 0.0007
2025-08-07 20:49:32,642 - INFO - Epoch 71/100: Train Loss: 0.0011, Val Loss: 0.0007, Test Loss: 0.0007
2025-08-07 20:49:32,643 - INFO - Epoch 72/100: Train Loss: 0.0011, Val Loss: 0.0007, Test Loss: 0.0007
2025-08-07 20:49:32,645 - INFO - Epoch 73/100: Train Loss: 0.0011, Val Loss: 0.0007, Test Loss: 0.0007
2025-08-07 20:49:32,647 - INFO - Epoch 74/100: Train Loss: 0.0011, Val Loss: 0.0007, Test Loss: 0.0007
2025-08-07 20:49:32,649 - INFO - Epoch 75/100: Train Loss: 0.0010, Val Loss: 0.0006, Test Loss: 0.0007
2025-08-07 20:49:32,651 - INFO - Epoch 76/100: Train Loss: 0.0011, Val Loss: 0.0006, Test Loss: 0.0007
2025-08-07 20:49:32,654 - INFO - Epoch 77/100: Train Loss: 0.0010, Val Loss: 0.0006, Test Loss: 0.0007
2025-08-07 20:49:32,656 - INFO - Epoch 78/100: Train Loss: 0.0010, Val Loss: 0.0006, Test Loss: 0.0007
2025-08-07 20:49:32,657 - INFO - Epoch 79/100: Train Loss: 0.0010, Val Loss: 0.0006, Test Loss: 0.0007
2025-08-07 20:49:32,659 - INFO - Epoch 80/100: Train Loss: 0.0010, Val Loss: 0.0006, Test Loss: 0.0006
2025-08-07 20:49:32,661 - INFO - Epoch 81/100: Train Loss: 0.0010, Val Loss: 0.0006, Test Loss: 0.0006
2025-08-07 20:49:32,663 - INFO - Epoch 82/100: Train Loss: 0.0010, Val Loss: 0.0006, Test Loss: 0.0006
2025-08-07 20:49:32,665 - INFO - Epoch 83/100: Train Loss: 0.0010, Val Loss: 0.0006, Test Loss: 0.0006
2025-08-07 20:49:32,667 - INFO - Epoch 84/100: Train Loss: 0.0010, Val Loss: 0.0006, Test Loss: 0.0006
2025-08-07 20:49:32,669 - INFO - Epoch 85/100: Train Loss: 0.0010, Val Loss: 0.0006, Test Loss: 0.0006
2025-08-07 20:49:32,671 - INFO - Epoch 86/100: Train Loss: 0.0010, Val Loss: 0.0006, Test Loss: 0.0006
2025-08-07 20:49:32,673 - INFO - Epoch 87/100: Train Loss: 0.0010, Val Loss: 0.0006, Test Loss: 0.0006
2025-08-07 20:49:32,675 - INFO - Epoch 88/100: Train Loss: 0.0010, Val Loss: 0.0006, Test Loss: 0.0006
2025-08-07 20:49:32,677 - INFO - Epoch 89/100: Train Loss: 0.0010, Val Loss: 0.0006, Test Loss: 0.0006
2025-08-07 20:49:32,679 - INFO - Epoch 90/100: Train Loss: 0.0010, Val Loss: 0.0006, Test Loss: 0.0006
2025-08-07 20:49:32,681 - INFO - Epoch 91/100: Train Loss: 0.0010, Val Loss: 0.0006, Test Loss: 0.0006
2025-08-07 20:49:32,683 - INFO - Epoch 92/100: Train Loss: 0.0010, Val Loss: 0.0006, Test Loss: 0.0006
2025-08-07 20:49:32,685 - INFO - Epoch 93/100: Train Loss: 0.0010, Val Loss: 0.0006, Test Loss: 0.0006
2025-08-07 20:49:32,687 - INFO - Epoch 94/100: Train Loss: 0.0010, Val Loss: 0.0006, Test Loss: 0.0006
2025-08-07 20:49:32,689 - INFO - Epoch 95/100: Train Loss: 0.0010, Val Loss: 0.0006, Test Loss: 0.0006
2025-08-07 20:49:32,691 - INFO - Epoch 96/100: Train Loss: 0.0010, Val Loss: 0.0006, Test Loss: 0.0006
2025-08-07 20:49:32,693 - INFO - Epoch 97/100: Train Loss: 0.0010, Val Loss: 0.0006, Test Loss: 0.0006
2025-08-07 20:49:32,695 - INFO - Epoch 98/100: Train Loss: 0.0010, Val Loss: 0.0006, Test Loss: 0.0006
2025-08-07 20:49:32,697 - INFO - Epoch 99/100: Train Loss: 0.0010, Val Loss: 0.0006, Test Loss: 0.0006
2025-08-07 20:49:32,699 - INFO - Epoch 100/100: Train Loss: 0.0010, Val Loss: 0.0006, Test Loss: 0.0006
2025-08-07 20:49:32,699 - INFO - Initialized lightgbm model
2025-08-07 20:49:32,700 - INFO - Initialized TabGNN tabular model with lightgbm base model
/u/mbanisharifdehkordi/.conda/envs/gnn4_env/lib/python3.9/site-packages/sklearn/utils/deprecation.py:151: FutureWarning: 'force_all_finite' was renamed to 'ensure_all_finite' in 1.6 and will be removed in 1.8.
  warnings.warn(
Traceback (most recent call last):
  File "/u/mbanisharifdehkordi/Github/GNN_4_IO_4/scripts/train.py", line 551, in <module>
    main()
  File "/u/mbanisharifdehkordi/Github/GNN_4_IO_4/scripts/train.py", line 516, in main
    model, metrics = train_combined_model(data, args, device)
  File "/u/mbanisharifdehkordi/Github/GNN_4_IO_4/scripts/train.py", line 358, in train_combined_model
    combined_model.fit(
  File "/u/mbanisharifdehkordi/Github/GNN_4_IO_4/src/models/tabular.py", line 999, in fit
    self.tabular_model.fit(combined_features, y, **kwargs)
  File "/u/mbanisharifdehkordi/Github/GNN_4_IO_4/src/models/tabular.py", line 333, in fit
    self.model.fit(X, y)
  File "/u/mbanisharifdehkordi/.local/lib/python3.9/site-packages/lightgbm/sklearn.py", line 1189, in fit
    super().fit(
  File "/u/mbanisharifdehkordi/.local/lib/python3.9/site-packages/lightgbm/sklearn.py", line 955, in fit
    self._Booster = train(
  File "/u/mbanisharifdehkordi/.local/lib/python3.9/site-packages/lightgbm/engine.py", line 282, in train
    booster = Booster(params=params, train_set=train_set)
  File "/u/mbanisharifdehkordi/.local/lib/python3.9/site-packages/lightgbm/basic.py", line 3637, in __init__
    train_set.construct()
  File "/u/mbanisharifdehkordi/.local/lib/python3.9/site-packages/lightgbm/basic.py", line 2576, in construct
    self._lazy_init(
  File "/u/mbanisharifdehkordi/.local/lib/python3.9/site-packages/lightgbm/basic.py", line 2144, in _lazy_init
    params_str = _param_dict_to_str(params)
  File "/u/mbanisharifdehkordi/.local/lib/python3.9/site-packages/lightgbm/basic.py", line 537, in _param_dict_to_str
    raise TypeError(f"Unknown type of parameter:{key}, got:{type(val).__name__}")
TypeError: Unknown type of parameter:train_mask, got:Tensor
2025-08-07 20:49:38,290 - INFO - Loaded metrics for catboost: {'mse': 0.00011812680738033972, 'rmse': 0.010868615706719036, 'mae': 0.005651529015162931, 'r2': 0.9504140944041799}
2025-08-07 20:49:38,291 - WARNING - No metrics file found in logs/training/all/Experiment13/combined
2025-08-07 20:49:38,291 - INFO - Loaded metrics for lightgbm: {'mse': 0.00010251345309648767, 'rmse': 0.010124892744937483, 'mae': 0.005038886044565447, 'r2': 0.9569680877670957}
2025-08-07 20:49:38,292 - INFO - Loaded metrics for mlp: {'mse': 0.00016545801190659404, 'rmse': 0.012863048313156334, 'mae': 0.00709164422005415, 'r2': 0.9305459260940552}
2025-08-07 20:49:38,292 - WARNING - No metrics file found in logs/training/all/Experiment13/tabgnn
2025-08-07 20:49:38,293 - INFO - Loaded metrics for tabnet: {'mse': 0.0007138645160011947, 'rmse': 0.02671824313088708, 'mae': 0.020810380578041077, 'r2': 0.7003421783447266}
2025-08-07 20:49:38,294 - INFO - Loaded metrics for xgboost: {'mse': 9.786496229935437e-05, 'rmse': 0.009892672151615779, 'mae': 0.0048816814087331295, 'r2': 0.9589194059371948}
2025-08-07 20:49:38,319 - INFO - Comparison report saved to logs/training/all/Experiment13/comparison_report_Experiment13.json
2025-08-07 20:49:38,319 - INFO - Markdown summary saved to logs/training/all/Experiment13/comparison_report_Experiment13.md
2025-08-07 20:49:38,429 - INFO - Saved RMSE plot to logs/training/all/Experiment13/model_comparison_Experiment13_rmse.png
2025-08-07 20:49:38,516 - INFO - Saved MAE plot to logs/training/all/Experiment13/model_comparison_Experiment13_mae.png
2025-08-07 20:49:38,595 - INFO - Saved R2 plot to logs/training/all/Experiment13/model_comparison_Experiment13_r2.png
2025-08-07 20:49:38,595 - INFO - Best model: xgboost
2025-08-07 20:49:38,595 - INFO - Best metrics: {'mse': 9.786496229935437e-05, 'rmse': 0.009892672151615779, 'mae': 0.0048816814087331295, 'r2': 0.9589194059371948, 'improvement': 2.2935610200692365}
