2025-08-05 18:27:32,055 - INFO - Parsed arguments:
{
    "data_path": "data/100K/sample_100K.csv",
    "output_dir": "logs/training/all/Experiment11/tabgnn",
    "target_column": "tag",
    "important_features": null,
    "similarity_threshold": 0.05,
    "model_type": "tabgnn",
    "gnn_type": "gcn",
    "hidden_dim": 64,
    "num_layers": 2,
    "dropout": 0.1,
    "batch_size": 64,
    "epochs": 100,
    "lr": 0.001,
    "weight_decay": 0.0001,
    "patience": 20,
    "seed": 42,
    "device": "cuda",
    "precomputed_similarity_path": "data/100K/similarity_output_merged_100K.pt"
}
2025-08-05 18:27:32,082 - INFO - Using device: cuda
2025-08-05 18:27:32,082 - INFO - Initialized I/O data processor for data/100K/sample_100K.csv
2025-08-05 18:27:32,083 - INFO - Loading data from data/100K/sample_100K.csv
2025-08-05 18:27:32,460 - INFO - Loaded data with shape (100000, 46)
2025-08-05 18:27:32,460 - INFO - Preprocessing data
2025-08-05 18:27:32,461 - INFO - Initialized feature similarity graph constructor for nprocs
2025-08-05 18:27:32,461 - INFO - Initialized feature similarity graph constructor for POSIX_OPENS
2025-08-05 18:27:32,461 - INFO - Initialized feature similarity graph constructor for LUSTRE_STRIPE_SIZE
2025-08-05 18:27:32,461 - INFO - Initialized feature similarity graph constructor for LUSTRE_STRIPE_WIDTH
2025-08-05 18:27:32,461 - INFO - Initialized feature similarity graph constructor for POSIX_FILENOS
2025-08-05 18:27:32,461 - INFO - Initialized feature similarity graph constructor for POSIX_MEM_ALIGNMENT
2025-08-05 18:27:32,461 - INFO - Initialized feature similarity graph constructor for POSIX_FILE_ALIGNMENT
2025-08-05 18:27:32,461 - INFO - Initialized feature similarity graph constructor for POSIX_READS
2025-08-05 18:27:32,461 - INFO - Initialized feature similarity graph constructor for POSIX_WRITES
2025-08-05 18:27:32,461 - INFO - Initialized feature similarity graph constructor for POSIX_SEEKS
2025-08-05 18:27:32,461 - INFO - Initialized feature similarity graph constructor for POSIX_STATS
2025-08-05 18:27:32,461 - INFO - Initialized feature similarity graph constructor for POSIX_BYTES_READ
2025-08-05 18:27:32,461 - INFO - Initialized feature similarity graph constructor for POSIX_BYTES_WRITTEN
2025-08-05 18:27:32,461 - INFO - Initialized feature similarity graph constructor for POSIX_CONSEC_READS
2025-08-05 18:27:32,461 - INFO - Initialized feature similarity graph constructor for POSIX_CONSEC_WRITES
2025-08-05 18:27:32,461 - INFO - Initialized feature similarity graph constructor for POSIX_SEQ_READS
2025-08-05 18:27:32,461 - INFO - Initialized feature similarity graph constructor for POSIX_SEQ_WRITES
2025-08-05 18:27:32,461 - INFO - Initialized feature similarity graph constructor for POSIX_RW_SWITCHES
2025-08-05 18:27:32,461 - INFO - Initialized feature similarity graph constructor for POSIX_MEM_NOT_ALIGNED
2025-08-05 18:27:32,461 - INFO - Initialized feature similarity graph constructor for POSIX_FILE_NOT_ALIGNED
2025-08-05 18:27:32,461 - INFO - Initialized feature similarity graph constructor for POSIX_SIZE_READ_0_100
2025-08-05 18:27:32,461 - INFO - Initialized feature similarity graph constructor for POSIX_SIZE_READ_100_1K
2025-08-05 18:27:32,461 - INFO - Initialized feature similarity graph constructor for POSIX_SIZE_READ_1K_10K
2025-08-05 18:27:32,461 - INFO - Initialized feature similarity graph constructor for POSIX_SIZE_READ_100K_1M
2025-08-05 18:27:32,461 - INFO - Initialized feature similarity graph constructor for POSIX_SIZE_WRITE_0_100
2025-08-05 18:27:32,461 - INFO - Initialized feature similarity graph constructor for POSIX_SIZE_WRITE_100_1K
2025-08-05 18:27:32,461 - INFO - Initialized feature similarity graph constructor for POSIX_SIZE_WRITE_1K_10K
2025-08-05 18:27:32,461 - INFO - Initialized feature similarity graph constructor for POSIX_SIZE_WRITE_10K_100K
2025-08-05 18:27:32,461 - INFO - Initialized feature similarity graph constructor for POSIX_SIZE_WRITE_100K_1M
2025-08-05 18:27:32,461 - INFO - Initialized feature similarity graph constructor for POSIX_STRIDE1_STRIDE
2025-08-05 18:27:32,461 - INFO - Initialized feature similarity graph constructor for POSIX_STRIDE2_STRIDE
2025-08-05 18:27:32,461 - INFO - Initialized feature similarity graph constructor for POSIX_STRIDE3_STRIDE
2025-08-05 18:27:32,461 - INFO - Initialized feature similarity graph constructor for POSIX_STRIDE4_STRIDE
2025-08-05 18:27:32,461 - INFO - Initialized feature similarity graph constructor for POSIX_STRIDE1_COUNT
2025-08-05 18:27:32,461 - INFO - Initialized feature similarity graph constructor for POSIX_STRIDE2_COUNT
2025-08-05 18:27:32,461 - INFO - Initialized feature similarity graph constructor for POSIX_STRIDE3_COUNT
2025-08-05 18:27:32,461 - INFO - Initialized feature similarity graph constructor for POSIX_STRIDE4_COUNT
2025-08-05 18:27:32,461 - INFO - Initialized feature similarity graph constructor for POSIX_ACCESS1_ACCESS
2025-08-05 18:27:32,461 - INFO - Initialized feature similarity graph constructor for POSIX_ACCESS2_ACCESS
2025-08-05 18:27:32,461 - INFO - Initialized feature similarity graph constructor for POSIX_ACCESS3_ACCESS
2025-08-05 18:27:32,461 - INFO - Initialized feature similarity graph constructor for POSIX_ACCESS4_ACCESS
2025-08-05 18:27:32,461 - INFO - Initialized feature similarity graph constructor for POSIX_ACCESS1_COUNT
2025-08-05 18:27:32,461 - INFO - Initialized feature similarity graph constructor for POSIX_ACCESS2_COUNT
2025-08-05 18:27:32,461 - INFO - Initialized feature similarity graph constructor for POSIX_ACCESS3_COUNT
2025-08-05 18:27:32,461 - INFO - Initialized feature similarity graph constructor for POSIX_ACCESS4_COUNT
2025-08-05 18:27:32,461 - INFO - Initialized multiplex graph constructor for 45 features
2025-08-05 18:27:32,461 - INFO - Creating combined PyG data
2025-08-05 18:27:32,462 - INFO - Loading precomputed similarity from data/100K/similarity_output_merged_100K.pt
2025-08-05 18:28:21,899 - INFO - Loading precomputed similarity from data/100K/similarity_output_merged_100K.pt
2025-08-05 18:29:05,740 - INFO - Splitting data into train, validation, and test sets
2025-08-05 18:29:05,842 - INFO - Train: 69999, Val: 15001, Test: 15000
2025-08-05 18:29:05,847 - INFO - Saving processed data to logs/training/all/Experiment11/tabgnn/processed_data
2025-08-05 18:29:07,703 - INFO - Constructing multiplex graphs
2025-08-05 18:29:07,703 - INFO - Loading precomputed similarity from data/100K/similarity_output_merged_100K.pt
2025-08-05 18:29:45,469 - INFO - Creating combined PyG data
2025-08-05 18:29:45,470 - INFO - Loading precomputed similarity from data/100K/similarity_output_merged_100K.pt
2025-08-05 18:30:24,620 - INFO - Loading precomputed similarity from data/100K/similarity_output_merged_100K.pt
2025-08-05 18:31:14,950 - INFO - Saved processed data to logs/training/all/Experiment11/tabgnn/processed_data
2025-08-05 18:31:15,381 - INFO - Initialized GCN model with 2 layers
2025-08-05 18:31:15,381 - INFO - Initialized TabGNN regressor with 1 graph types
2025-08-05 18:31:16,441 - INFO - Epoch 1/100: Train Loss: 0.0163, Val Loss: 0.0082, Test Loss: 0.0078
2025-08-05 18:31:16,618 - INFO - Epoch 2/100: Train Loss: 0.0083, Val Loss: 0.0050, Test Loss: 0.0050
2025-08-05 18:31:16,777 - INFO - Epoch 3/100: Train Loss: 0.0055, Val Loss: 0.0043, Test Loss: 0.0043
2025-08-05 18:31:16,936 - INFO - Epoch 4/100: Train Loss: 0.0047, Val Loss: 0.0041, Test Loss: 0.0040
2025-08-05 18:31:17,095 - INFO - Epoch 5/100: Train Loss: 0.0043, Val Loss: 0.0033, Test Loss: 0.0033
2025-08-05 18:31:17,254 - INFO - Epoch 6/100: Train Loss: 0.0036, Val Loss: 0.0026, Test Loss: 0.0026
2025-08-05 18:31:17,412 - INFO - Epoch 7/100: Train Loss: 0.0030, Val Loss: 0.0025, Test Loss: 0.0025
2025-08-05 18:31:17,571 - INFO - Epoch 8/100: Train Loss: 0.0031, Val Loss: 0.0024, Test Loss: 0.0024
2025-08-05 18:31:17,730 - INFO - Epoch 9/100: Train Loss: 0.0030, Val Loss: 0.0021, Test Loss: 0.0021
2025-08-05 18:31:17,890 - INFO - Epoch 10/100: Train Loss: 0.0025, Val Loss: 0.0017, Test Loss: 0.0017
2025-08-05 18:31:18,049 - INFO - Epoch 11/100: Train Loss: 0.0023, Val Loss: 0.0015, Test Loss: 0.0016
2025-08-05 18:31:18,207 - INFO - Epoch 12/100: Train Loss: 0.0020, Val Loss: 0.0015, Test Loss: 0.0015
2025-08-05 18:31:18,366 - INFO - Epoch 13/100: Train Loss: 0.0019, Val Loss: 0.0014, Test Loss: 0.0014
2025-08-05 18:31:18,525 - INFO - Epoch 14/100: Train Loss: 0.0017, Val Loss: 0.0013, Test Loss: 0.0012
2025-08-05 18:31:18,684 - INFO - Epoch 15/100: Train Loss: 0.0015, Val Loss: 0.0011, Test Loss: 0.0011
2025-08-05 18:31:18,843 - INFO - Epoch 16/100: Train Loss: 0.0015, Val Loss: 0.0009, Test Loss: 0.0009
2025-08-05 18:31:19,002 - INFO - Epoch 17/100: Train Loss: 0.0013, Val Loss: 0.0008, Test Loss: 0.0008
2025-08-05 18:31:19,160 - INFO - Epoch 18/100: Train Loss: 0.0013, Val Loss: 0.0008, Test Loss: 0.0009
2025-08-05 18:31:19,319 - INFO - Epoch 19/100: Train Loss: 0.0013, Val Loss: 0.0009, Test Loss: 0.0009
2025-08-05 18:31:19,478 - INFO - Epoch 20/100: Train Loss: 0.0014, Val Loss: 0.0009, Test Loss: 0.0009
2025-08-05 18:31:19,636 - INFO - Epoch 21/100: Train Loss: 0.0013, Val Loss: 0.0009, Test Loss: 0.0009
2025-08-05 18:31:19,795 - INFO - Epoch 22/100: Train Loss: 0.0013, Val Loss: 0.0009, Test Loss: 0.0009
2025-08-05 18:31:19,954 - INFO - Epoch 23/100: Train Loss: 0.0012, Val Loss: 0.0009, Test Loss: 0.0009
2025-08-05 18:31:20,112 - INFO - Epoch 24/100: Train Loss: 0.0012, Val Loss: 0.0009, Test Loss: 0.0009
2025-08-05 18:31:20,271 - INFO - Epoch 25/100: Train Loss: 0.0012, Val Loss: 0.0009, Test Loss: 0.0009
2025-08-05 18:31:20,430 - INFO - Epoch 26/100: Train Loss: 0.0012, Val Loss: 0.0008, Test Loss: 0.0008
2025-08-05 18:31:20,589 - INFO - Epoch 27/100: Train Loss: 0.0011, Val Loss: 0.0008, Test Loss: 0.0008
2025-08-05 18:31:20,747 - INFO - Epoch 28/100: Train Loss: 0.0011, Val Loss: 0.0008, Test Loss: 0.0008
2025-08-05 18:31:20,906 - INFO - Epoch 29/100: Train Loss: 0.0011, Val Loss: 0.0007, Test Loss: 0.0007
2025-08-05 18:31:21,065 - INFO - Epoch 30/100: Train Loss: 0.0011, Val Loss: 0.0007, Test Loss: 0.0007
2025-08-05 18:31:21,224 - INFO - Epoch 31/100: Train Loss: 0.0010, Val Loss: 0.0007, Test Loss: 0.0007
2025-08-05 18:31:21,382 - INFO - Epoch 32/100: Train Loss: 0.0010, Val Loss: 0.0007, Test Loss: 0.0007
2025-08-05 18:31:21,541 - INFO - Epoch 33/100: Train Loss: 0.0010, Val Loss: 0.0007, Test Loss: 0.0007
2025-08-05 18:31:21,700 - INFO - Epoch 34/100: Train Loss: 0.0010, Val Loss: 0.0007, Test Loss: 0.0007
2025-08-05 18:31:21,858 - INFO - Epoch 35/100: Train Loss: 0.0010, Val Loss: 0.0007, Test Loss: 0.0007
2025-08-05 18:31:22,017 - INFO - Epoch 36/100: Train Loss: 0.0010, Val Loss: 0.0007, Test Loss: 0.0007
2025-08-05 18:31:22,176 - INFO - Epoch 37/100: Train Loss: 0.0010, Val Loss: 0.0007, Test Loss: 0.0007
2025-08-05 18:31:22,335 - INFO - Epoch 38/100: Train Loss: 0.0010, Val Loss: 0.0007, Test Loss: 0.0007
2025-08-05 18:31:22,493 - INFO - Epoch 39/100: Train Loss: 0.0010, Val Loss: 0.0007, Test Loss: 0.0007
2025-08-05 18:31:22,652 - INFO - Epoch 40/100: Train Loss: 0.0009, Val Loss: 0.0007, Test Loss: 0.0007
2025-08-05 18:31:22,811 - INFO - Epoch 41/100: Train Loss: 0.0009, Val Loss: 0.0007, Test Loss: 0.0007
2025-08-05 18:31:22,970 - INFO - Epoch 42/100: Train Loss: 0.0009, Val Loss: 0.0007, Test Loss: 0.0007
2025-08-05 18:31:23,128 - INFO - Epoch 43/100: Train Loss: 0.0009, Val Loss: 0.0007, Test Loss: 0.0007
2025-08-05 18:31:23,287 - INFO - Epoch 44/100: Train Loss: 0.0009, Val Loss: 0.0007, Test Loss: 0.0007
2025-08-05 18:31:23,446 - INFO - Epoch 45/100: Train Loss: 0.0009, Val Loss: 0.0007, Test Loss: 0.0007
2025-08-05 18:31:23,604 - INFO - Epoch 46/100: Train Loss: 0.0009, Val Loss: 0.0007, Test Loss: 0.0007
2025-08-05 18:31:23,763 - INFO - Epoch 47/100: Train Loss: 0.0009, Val Loss: 0.0007, Test Loss: 0.0007
2025-08-05 18:31:23,922 - INFO - Epoch 48/100: Train Loss: 0.0009, Val Loss: 0.0007, Test Loss: 0.0007
2025-08-05 18:31:24,081 - INFO - Epoch 49/100: Train Loss: 0.0009, Val Loss: 0.0007, Test Loss: 0.0007
2025-08-05 18:31:24,239 - INFO - Epoch 50/100: Train Loss: 0.0009, Val Loss: 0.0007, Test Loss: 0.0007
2025-08-05 18:31:24,398 - INFO - Epoch 51/100: Train Loss: 0.0009, Val Loss: 0.0006, Test Loss: 0.0007
2025-08-05 18:31:24,557 - INFO - Epoch 52/100: Train Loss: 0.0009, Val Loss: 0.0006, Test Loss: 0.0007
2025-08-05 18:31:24,716 - INFO - Epoch 53/100: Train Loss: 0.0009, Val Loss: 0.0006, Test Loss: 0.0007
2025-08-05 18:31:24,875 - INFO - Epoch 54/100: Train Loss: 0.0009, Val Loss: 0.0006, Test Loss: 0.0006
2025-08-05 18:31:25,033 - INFO - Epoch 55/100: Train Loss: 0.0009, Val Loss: 0.0006, Test Loss: 0.0006
2025-08-05 18:31:25,192 - INFO - Epoch 56/100: Train Loss: 0.0009, Val Loss: 0.0006, Test Loss: 0.0006
2025-08-05 18:31:25,351 - INFO - Epoch 57/100: Train Loss: 0.0009, Val Loss: 0.0006, Test Loss: 0.0006
2025-08-05 18:31:25,510 - INFO - Epoch 58/100: Train Loss: 0.0008, Val Loss: 0.0006, Test Loss: 0.0006
2025-08-05 18:31:25,668 - INFO - Epoch 59/100: Train Loss: 0.0008, Val Loss: 0.0006, Test Loss: 0.0006
2025-08-05 18:31:25,827 - INFO - Epoch 60/100: Train Loss: 0.0008, Val Loss: 0.0006, Test Loss: 0.0006
2025-08-05 18:31:25,986 - INFO - Epoch 61/100: Train Loss: 0.0008, Val Loss: 0.0006, Test Loss: 0.0006
2025-08-05 18:31:26,145 - INFO - Epoch 62/100: Train Loss: 0.0008, Val Loss: 0.0006, Test Loss: 0.0006
2025-08-05 18:31:26,303 - INFO - Epoch 63/100: Train Loss: 0.0008, Val Loss: 0.0006, Test Loss: 0.0006
2025-08-05 18:31:26,462 - INFO - Epoch 64/100: Train Loss: 0.0008, Val Loss: 0.0006, Test Loss: 0.0006
2025-08-05 18:31:26,621 - INFO - Epoch 65/100: Train Loss: 0.0008, Val Loss: 0.0006, Test Loss: 0.0006
2025-08-05 18:31:26,780 - INFO - Epoch 66/100: Train Loss: 0.0008, Val Loss: 0.0006, Test Loss: 0.0006
2025-08-05 18:31:26,939 - INFO - Epoch 67/100: Train Loss: 0.0008, Val Loss: 0.0006, Test Loss: 0.0006
2025-08-05 18:31:27,098 - INFO - Epoch 68/100: Train Loss: 0.0008, Val Loss: 0.0006, Test Loss: 0.0006
2025-08-05 18:31:27,256 - INFO - Epoch 69/100: Train Loss: 0.0008, Val Loss: 0.0006, Test Loss: 0.0006
2025-08-05 18:31:27,415 - INFO - Epoch 70/100: Train Loss: 0.0008, Val Loss: 0.0006, Test Loss: 0.0006
2025-08-05 18:31:27,574 - INFO - Epoch 71/100: Train Loss: 0.0008, Val Loss: 0.0006, Test Loss: 0.0006
2025-08-05 18:31:27,733 - INFO - Epoch 72/100: Train Loss: 0.0008, Val Loss: 0.0006, Test Loss: 0.0006
2025-08-05 18:31:27,892 - INFO - Epoch 73/100: Train Loss: 0.0008, Val Loss: 0.0006, Test Loss: 0.0006
2025-08-05 18:31:28,050 - INFO - Epoch 74/100: Train Loss: 0.0008, Val Loss: 0.0006, Test Loss: 0.0006
2025-08-05 18:31:28,209 - INFO - Epoch 75/100: Train Loss: 0.0008, Val Loss: 0.0006, Test Loss: 0.0006
2025-08-05 18:31:28,368 - INFO - Epoch 76/100: Train Loss: 0.0008, Val Loss: 0.0006, Test Loss: 0.0006
2025-08-05 18:31:28,527 - INFO - Epoch 77/100: Train Loss: 0.0008, Val Loss: 0.0006, Test Loss: 0.0006
2025-08-05 18:31:28,686 - INFO - Epoch 78/100: Train Loss: 0.0008, Val Loss: 0.0006, Test Loss: 0.0006
2025-08-05 18:31:28,844 - INFO - Epoch 79/100: Train Loss: 0.0008, Val Loss: 0.0005, Test Loss: 0.0006
2025-08-05 18:31:29,003 - INFO - Epoch 80/100: Train Loss: 0.0008, Val Loss: 0.0005, Test Loss: 0.0006
2025-08-05 18:31:29,162 - INFO - Epoch 81/100: Train Loss: 0.0008, Val Loss: 0.0005, Test Loss: 0.0006
2025-08-05 18:31:29,321 - INFO - Epoch 82/100: Train Loss: 0.0008, Val Loss: 0.0005, Test Loss: 0.0006
2025-08-05 18:31:29,480 - INFO - Epoch 83/100: Train Loss: 0.0007, Val Loss: 0.0005, Test Loss: 0.0006
2025-08-05 18:31:29,639 - INFO - Epoch 84/100: Train Loss: 0.0007, Val Loss: 0.0005, Test Loss: 0.0006
2025-08-05 18:31:29,797 - INFO - Epoch 85/100: Train Loss: 0.0007, Val Loss: 0.0005, Test Loss: 0.0005
2025-08-05 18:31:29,956 - INFO - Epoch 86/100: Train Loss: 0.0007, Val Loss: 0.0005, Test Loss: 0.0005
2025-08-05 18:31:30,115 - INFO - Epoch 87/100: Train Loss: 0.0007, Val Loss: 0.0005, Test Loss: 0.0005
2025-08-05 18:31:30,274 - INFO - Epoch 88/100: Train Loss: 0.0007, Val Loss: 0.0005, Test Loss: 0.0005
2025-08-05 18:31:30,433 - INFO - Epoch 89/100: Train Loss: 0.0007, Val Loss: 0.0005, Test Loss: 0.0005
2025-08-05 18:31:30,592 - INFO - Epoch 90/100: Train Loss: 0.0007, Val Loss: 0.0005, Test Loss: 0.0005
2025-08-05 18:31:30,750 - INFO - Epoch 91/100: Train Loss: 0.0007, Val Loss: 0.0005, Test Loss: 0.0005
2025-08-05 18:31:30,909 - INFO - Epoch 92/100: Train Loss: 0.0007, Val Loss: 0.0005, Test Loss: 0.0005
2025-08-05 18:31:31,068 - INFO - Epoch 93/100: Train Loss: 0.0007, Val Loss: 0.0005, Test Loss: 0.0005
2025-08-05 18:31:31,227 - INFO - Epoch 94/100: Train Loss: 0.0007, Val Loss: 0.0005, Test Loss: 0.0005
2025-08-05 18:31:31,386 - INFO - Epoch 95/100: Train Loss: 0.0007, Val Loss: 0.0005, Test Loss: 0.0005
2025-08-05 18:31:31,545 - INFO - Epoch 96/100: Train Loss: 0.0007, Val Loss: 0.0005, Test Loss: 0.0005
2025-08-05 18:31:31,703 - INFO - Epoch 97/100: Train Loss: 0.0007, Val Loss: 0.0005, Test Loss: 0.0005
2025-08-05 18:31:31,862 - INFO - Epoch 98/100: Train Loss: 0.0007, Val Loss: 0.0005, Test Loss: 0.0005
2025-08-05 18:31:32,021 - INFO - Epoch 99/100: Train Loss: 0.0007, Val Loss: 0.0005, Test Loss: 0.0005
2025-08-05 18:31:32,180 - INFO - Epoch 100/100: Train Loss: 0.0007, Val Loss: 0.0005, Test Loss: 0.0005
2025-08-05 18:31:32,187 - INFO - Model checkpoint saved to logs/training/all/Experiment11/tabgnn/tabgnn_model.pt
2025-08-05 18:31:32,407 - INFO - Final metrics: {'mse': 0.0005023343255743384, 'rmse': 0.02241281610093516, 'mae': 0.013538459315896034, 'r2': 0.7891359329223633}
2025-08-05 18:31:32,407 - INFO - Model and results saved to logs/training/all/Experiment11/tabgnn
2025-08-05 18:31:39,625 - INFO - Parsed arguments:
{
    "data_path": "data/100K/sample_100K.csv",
    "output_dir": "logs/training/all/Experiment11/lightgbm",
    "target_column": "tag",
    "important_features": null,
    "similarity_threshold": 0.05,
    "model_type": "lightgbm",
    "gnn_type": "gcn",
    "hidden_dim": 64,
    "num_layers": 2,
    "dropout": 0.1,
    "batch_size": 64,
    "epochs": 100,
    "lr": 0.001,
    "weight_decay": 0.0001,
    "patience": 20,
    "seed": 42,
    "device": "cuda",
    "precomputed_similarity_path": "data/100K/similarity_output_merged_100K.pt"
}
2025-08-05 18:31:39,632 - INFO - Using device: cuda
2025-08-05 18:31:39,632 - INFO - Initialized I/O data processor for data/100K/sample_100K.csv
2025-08-05 18:31:39,632 - INFO - Loading data from data/100K/sample_100K.csv
2025-08-05 18:31:39,930 - INFO - Loaded data with shape (100000, 46)
2025-08-05 18:31:39,930 - INFO - Preprocessing data
2025-08-05 18:31:39,930 - INFO - Initialized feature similarity graph constructor for nprocs
2025-08-05 18:31:39,930 - INFO - Initialized feature similarity graph constructor for POSIX_OPENS
2025-08-05 18:31:39,930 - INFO - Initialized feature similarity graph constructor for LUSTRE_STRIPE_SIZE
2025-08-05 18:31:39,930 - INFO - Initialized feature similarity graph constructor for LUSTRE_STRIPE_WIDTH
2025-08-05 18:31:39,930 - INFO - Initialized feature similarity graph constructor for POSIX_FILENOS
2025-08-05 18:31:39,930 - INFO - Initialized feature similarity graph constructor for POSIX_MEM_ALIGNMENT
2025-08-05 18:31:39,930 - INFO - Initialized feature similarity graph constructor for POSIX_FILE_ALIGNMENT
2025-08-05 18:31:39,930 - INFO - Initialized feature similarity graph constructor for POSIX_READS
2025-08-05 18:31:39,930 - INFO - Initialized feature similarity graph constructor for POSIX_WRITES
2025-08-05 18:31:39,930 - INFO - Initialized feature similarity graph constructor for POSIX_SEEKS
2025-08-05 18:31:39,930 - INFO - Initialized feature similarity graph constructor for POSIX_STATS
2025-08-05 18:31:39,930 - INFO - Initialized feature similarity graph constructor for POSIX_BYTES_READ
2025-08-05 18:31:39,930 - INFO - Initialized feature similarity graph constructor for POSIX_BYTES_WRITTEN
2025-08-05 18:31:39,930 - INFO - Initialized feature similarity graph constructor for POSIX_CONSEC_READS
2025-08-05 18:31:39,930 - INFO - Initialized feature similarity graph constructor for POSIX_CONSEC_WRITES
2025-08-05 18:31:39,930 - INFO - Initialized feature similarity graph constructor for POSIX_SEQ_READS
2025-08-05 18:31:39,930 - INFO - Initialized feature similarity graph constructor for POSIX_SEQ_WRITES
2025-08-05 18:31:39,930 - INFO - Initialized feature similarity graph constructor for POSIX_RW_SWITCHES
2025-08-05 18:31:39,930 - INFO - Initialized feature similarity graph constructor for POSIX_MEM_NOT_ALIGNED
2025-08-05 18:31:39,930 - INFO - Initialized feature similarity graph constructor for POSIX_FILE_NOT_ALIGNED
2025-08-05 18:31:39,930 - INFO - Initialized feature similarity graph constructor for POSIX_SIZE_READ_0_100
2025-08-05 18:31:39,930 - INFO - Initialized feature similarity graph constructor for POSIX_SIZE_READ_100_1K
2025-08-05 18:31:39,930 - INFO - Initialized feature similarity graph constructor for POSIX_SIZE_READ_1K_10K
2025-08-05 18:31:39,930 - INFO - Initialized feature similarity graph constructor for POSIX_SIZE_READ_100K_1M
2025-08-05 18:31:39,930 - INFO - Initialized feature similarity graph constructor for POSIX_SIZE_WRITE_0_100
2025-08-05 18:31:39,930 - INFO - Initialized feature similarity graph constructor for POSIX_SIZE_WRITE_100_1K
2025-08-05 18:31:39,930 - INFO - Initialized feature similarity graph constructor for POSIX_SIZE_WRITE_1K_10K
2025-08-05 18:31:39,930 - INFO - Initialized feature similarity graph constructor for POSIX_SIZE_WRITE_10K_100K
2025-08-05 18:31:39,930 - INFO - Initialized feature similarity graph constructor for POSIX_SIZE_WRITE_100K_1M
2025-08-05 18:31:39,930 - INFO - Initialized feature similarity graph constructor for POSIX_STRIDE1_STRIDE
2025-08-05 18:31:39,930 - INFO - Initialized feature similarity graph constructor for POSIX_STRIDE2_STRIDE
2025-08-05 18:31:39,930 - INFO - Initialized feature similarity graph constructor for POSIX_STRIDE3_STRIDE
2025-08-05 18:31:39,930 - INFO - Initialized feature similarity graph constructor for POSIX_STRIDE4_STRIDE
2025-08-05 18:31:39,930 - INFO - Initialized feature similarity graph constructor for POSIX_STRIDE1_COUNT
2025-08-05 18:31:39,930 - INFO - Initialized feature similarity graph constructor for POSIX_STRIDE2_COUNT
2025-08-05 18:31:39,930 - INFO - Initialized feature similarity graph constructor for POSIX_STRIDE3_COUNT
2025-08-05 18:31:39,930 - INFO - Initialized feature similarity graph constructor for POSIX_STRIDE4_COUNT
2025-08-05 18:31:39,930 - INFO - Initialized feature similarity graph constructor for POSIX_ACCESS1_ACCESS
2025-08-05 18:31:39,930 - INFO - Initialized feature similarity graph constructor for POSIX_ACCESS2_ACCESS
2025-08-05 18:31:39,930 - INFO - Initialized feature similarity graph constructor for POSIX_ACCESS3_ACCESS
2025-08-05 18:31:39,930 - INFO - Initialized feature similarity graph constructor for POSIX_ACCESS4_ACCESS
2025-08-05 18:31:39,930 - INFO - Initialized feature similarity graph constructor for POSIX_ACCESS1_COUNT
2025-08-05 18:31:39,931 - INFO - Initialized feature similarity graph constructor for POSIX_ACCESS2_COUNT
2025-08-05 18:31:39,931 - INFO - Initialized feature similarity graph constructor for POSIX_ACCESS3_COUNT
2025-08-05 18:31:39,931 - INFO - Initialized feature similarity graph constructor for POSIX_ACCESS4_COUNT
2025-08-05 18:31:39,931 - INFO - Initialized multiplex graph constructor for 45 features
2025-08-05 18:31:39,931 - INFO - Creating combined PyG data
2025-08-05 18:31:39,931 - INFO - Loading precomputed similarity from data/100K/similarity_output_merged_100K.pt
2025-08-05 18:32:28,667 - INFO - Loading precomputed similarity from data/100K/similarity_output_merged_100K.pt
2025-08-05 18:33:12,242 - INFO - Splitting data into train, validation, and test sets
2025-08-05 18:33:12,344 - INFO - Train: 69999, Val: 15001, Test: 15000
2025-08-05 18:33:12,350 - INFO - Saving processed data to logs/training/all/Experiment11/lightgbm/processed_data
2025-08-05 18:33:14,238 - INFO - Constructing multiplex graphs
2025-08-05 18:33:14,239 - INFO - Loading precomputed similarity from data/100K/similarity_output_merged_100K.pt
2025-08-05 18:33:54,391 - INFO - Creating combined PyG data
2025-08-05 18:33:54,391 - INFO - Loading precomputed similarity from data/100K/similarity_output_merged_100K.pt
2025-08-05 18:34:34,758 - INFO - Loading precomputed similarity from data/100K/similarity_output_merged_100K.pt
2025-08-05 18:35:26,010 - INFO - Saved processed data to logs/training/all/Experiment11/lightgbm/processed_data
2025-08-05 18:35:26,022 - INFO - Initialized lightgbm model
/u/mbanisharifdehkordi/.conda/envs/gnn4_env/lib/python3.9/site-packages/sklearn/utils/deprecation.py:151: FutureWarning: 'force_all_finite' was renamed to 'ensure_all_finite' in 1.6 and will be removed in 1.8.
  warnings.warn(
2025-08-05 18:35:41,090 - INFO - LightGBM model fitted with 45 features
/u/mbanisharifdehkordi/.conda/envs/gnn4_env/lib/python3.9/site-packages/sklearn/utils/deprecation.py:151: FutureWarning: 'force_all_finite' was renamed to 'ensure_all_finite' in 1.6 and will be removed in 1.8.
  warnings.warn(
2025-08-05 18:35:41,107 - INFO - Evaluation metrics: {'mse': 0.00010251345309648706, 'rmse': 0.010124892744937452, 'mae': 0.005038886044565489, 'r2': 0.956968087767096}
2025-08-05 18:35:41,111 - INFO - Final metrics: {'mse': 0.00010251345309648706, 'rmse': 0.010124892744937452, 'mae': 0.005038886044565489, 'r2': 0.956968087767096}
2025-08-05 18:35:41,111 - INFO - Model and results saved to logs/training/all/Experiment11/lightgbm
2025-08-05 18:35:41,134 - INFO - Model saved to logs/training/all/Experiment11/lightgbm/lightgbm_model.joblib
2025-08-05 18:35:47,937 - INFO - Parsed arguments:
{
    "data_path": "data/100K/sample_100K.csv",
    "output_dir": "logs/training/all/Experiment11/catboost",
    "target_column": "tag",
    "important_features": null,
    "similarity_threshold": 0.05,
    "model_type": "catboost",
    "gnn_type": "gcn",
    "hidden_dim": 64,
    "num_layers": 2,
    "dropout": 0.1,
    "batch_size": 64,
    "epochs": 100,
    "lr": 0.001,
    "weight_decay": 0.0001,
    "patience": 20,
    "seed": 42,
    "device": "cuda",
    "precomputed_similarity_path": "data/100K/similarity_output_merged_100K.pt"
}
2025-08-05 18:35:47,944 - INFO - Using device: cuda
2025-08-05 18:35:47,944 - INFO - Initialized I/O data processor for data/100K/sample_100K.csv
2025-08-05 18:35:47,944 - INFO - Loading data from data/100K/sample_100K.csv
2025-08-05 18:35:48,244 - INFO - Loaded data with shape (100000, 46)
2025-08-05 18:35:48,244 - INFO - Preprocessing data
2025-08-05 18:35:48,244 - INFO - Initialized feature similarity graph constructor for nprocs
2025-08-05 18:35:48,245 - INFO - Initialized feature similarity graph constructor for POSIX_OPENS
2025-08-05 18:35:48,245 - INFO - Initialized feature similarity graph constructor for LUSTRE_STRIPE_SIZE
2025-08-05 18:35:48,245 - INFO - Initialized feature similarity graph constructor for LUSTRE_STRIPE_WIDTH
2025-08-05 18:35:48,245 - INFO - Initialized feature similarity graph constructor for POSIX_FILENOS
2025-08-05 18:35:48,245 - INFO - Initialized feature similarity graph constructor for POSIX_MEM_ALIGNMENT
2025-08-05 18:35:48,245 - INFO - Initialized feature similarity graph constructor for POSIX_FILE_ALIGNMENT
2025-08-05 18:35:48,245 - INFO - Initialized feature similarity graph constructor for POSIX_READS
2025-08-05 18:35:48,245 - INFO - Initialized feature similarity graph constructor for POSIX_WRITES
2025-08-05 18:35:48,245 - INFO - Initialized feature similarity graph constructor for POSIX_SEEKS
2025-08-05 18:35:48,245 - INFO - Initialized feature similarity graph constructor for POSIX_STATS
2025-08-05 18:35:48,245 - INFO - Initialized feature similarity graph constructor for POSIX_BYTES_READ
2025-08-05 18:35:48,245 - INFO - Initialized feature similarity graph constructor for POSIX_BYTES_WRITTEN
2025-08-05 18:35:48,245 - INFO - Initialized feature similarity graph constructor for POSIX_CONSEC_READS
2025-08-05 18:35:48,245 - INFO - Initialized feature similarity graph constructor for POSIX_CONSEC_WRITES
2025-08-05 18:35:48,245 - INFO - Initialized feature similarity graph constructor for POSIX_SEQ_READS
2025-08-05 18:35:48,245 - INFO - Initialized feature similarity graph constructor for POSIX_SEQ_WRITES
2025-08-05 18:35:48,245 - INFO - Initialized feature similarity graph constructor for POSIX_RW_SWITCHES
2025-08-05 18:35:48,245 - INFO - Initialized feature similarity graph constructor for POSIX_MEM_NOT_ALIGNED
2025-08-05 18:35:48,245 - INFO - Initialized feature similarity graph constructor for POSIX_FILE_NOT_ALIGNED
2025-08-05 18:35:48,245 - INFO - Initialized feature similarity graph constructor for POSIX_SIZE_READ_0_100
2025-08-05 18:35:48,245 - INFO - Initialized feature similarity graph constructor for POSIX_SIZE_READ_100_1K
2025-08-05 18:35:48,245 - INFO - Initialized feature similarity graph constructor for POSIX_SIZE_READ_1K_10K
2025-08-05 18:35:48,245 - INFO - Initialized feature similarity graph constructor for POSIX_SIZE_READ_100K_1M
2025-08-05 18:35:48,245 - INFO - Initialized feature similarity graph constructor for POSIX_SIZE_WRITE_0_100
2025-08-05 18:35:48,245 - INFO - Initialized feature similarity graph constructor for POSIX_SIZE_WRITE_100_1K
2025-08-05 18:35:48,245 - INFO - Initialized feature similarity graph constructor for POSIX_SIZE_WRITE_1K_10K
2025-08-05 18:35:48,245 - INFO - Initialized feature similarity graph constructor for POSIX_SIZE_WRITE_10K_100K
2025-08-05 18:35:48,245 - INFO - Initialized feature similarity graph constructor for POSIX_SIZE_WRITE_100K_1M
2025-08-05 18:35:48,245 - INFO - Initialized feature similarity graph constructor for POSIX_STRIDE1_STRIDE
2025-08-05 18:35:48,245 - INFO - Initialized feature similarity graph constructor for POSIX_STRIDE2_STRIDE
2025-08-05 18:35:48,245 - INFO - Initialized feature similarity graph constructor for POSIX_STRIDE3_STRIDE
2025-08-05 18:35:48,245 - INFO - Initialized feature similarity graph constructor for POSIX_STRIDE4_STRIDE
2025-08-05 18:35:48,245 - INFO - Initialized feature similarity graph constructor for POSIX_STRIDE1_COUNT
2025-08-05 18:35:48,245 - INFO - Initialized feature similarity graph constructor for POSIX_STRIDE2_COUNT
2025-08-05 18:35:48,245 - INFO - Initialized feature similarity graph constructor for POSIX_STRIDE3_COUNT
2025-08-05 18:35:48,245 - INFO - Initialized feature similarity graph constructor for POSIX_STRIDE4_COUNT
2025-08-05 18:35:48,245 - INFO - Initialized feature similarity graph constructor for POSIX_ACCESS1_ACCESS
2025-08-05 18:35:48,245 - INFO - Initialized feature similarity graph constructor for POSIX_ACCESS2_ACCESS
2025-08-05 18:35:48,245 - INFO - Initialized feature similarity graph constructor for POSIX_ACCESS3_ACCESS
2025-08-05 18:35:48,245 - INFO - Initialized feature similarity graph constructor for POSIX_ACCESS4_ACCESS
2025-08-05 18:35:48,245 - INFO - Initialized feature similarity graph constructor for POSIX_ACCESS1_COUNT
2025-08-05 18:35:48,245 - INFO - Initialized feature similarity graph constructor for POSIX_ACCESS2_COUNT
2025-08-05 18:35:48,245 - INFO - Initialized feature similarity graph constructor for POSIX_ACCESS3_COUNT
2025-08-05 18:35:48,245 - INFO - Initialized feature similarity graph constructor for POSIX_ACCESS4_COUNT
2025-08-05 18:35:48,245 - INFO - Initialized multiplex graph constructor for 45 features
2025-08-05 18:35:48,245 - INFO - Creating combined PyG data
2025-08-05 18:35:48,246 - INFO - Loading precomputed similarity from data/100K/similarity_output_merged_100K.pt
2025-08-05 18:36:37,291 - INFO - Loading precomputed similarity from data/100K/similarity_output_merged_100K.pt
2025-08-05 18:37:26,824 - INFO - Splitting data into train, validation, and test sets
2025-08-05 18:37:26,933 - INFO - Train: 69999, Val: 15001, Test: 15000
2025-08-05 18:37:26,941 - INFO - Saving processed data to logs/training/all/Experiment11/catboost/processed_data
2025-08-05 18:37:28,913 - INFO - Constructing multiplex graphs
2025-08-05 18:37:28,914 - INFO - Loading precomputed similarity from data/100K/similarity_output_merged_100K.pt
2025-08-05 18:38:08,409 - INFO - Creating combined PyG data
2025-08-05 18:38:08,409 - INFO - Loading precomputed similarity from data/100K/similarity_output_merged_100K.pt
2025-08-05 18:38:48,176 - INFO - Loading precomputed similarity from data/100K/similarity_output_merged_100K.pt
2025-08-05 18:39:38,900 - INFO - Saved processed data to logs/training/all/Experiment11/catboost/processed_data
2025-08-05 18:39:38,914 - INFO - Initialized catboost model
2025-08-05 18:39:42,537 - INFO - CatBoost model fitted with 45 features
2025-08-05 18:39:42,553 - INFO - Evaluation metrics: {'mse': 0.00011812680738033972, 'rmse': 0.010868615706719036, 'mae': 0.005651529015162931, 'r2': 0.9504140944041799}
2025-08-05 18:39:42,556 - INFO - Final metrics: {'mse': 0.00011812680738033972, 'rmse': 0.010868615706719036, 'mae': 0.005651529015162931, 'r2': 0.9504140944041799}
2025-08-05 18:39:42,556 - INFO - Model and results saved to logs/training/all/Experiment11/catboost
2025-08-05 18:39:42,565 - INFO - Model saved to logs/training/all/Experiment11/catboost/catboost_model.joblib
2025-08-05 18:39:49,949 - INFO - Parsed arguments:
{
    "data_path": "data/100K/sample_100K.csv",
    "output_dir": "logs/training/all/Experiment11/xgboost",
    "target_column": "tag",
    "important_features": null,
    "similarity_threshold": 0.05,
    "model_type": "xgboost",
    "gnn_type": "gcn",
    "hidden_dim": 64,
    "num_layers": 2,
    "dropout": 0.1,
    "batch_size": 64,
    "epochs": 100,
    "lr": 0.001,
    "weight_decay": 0.0001,
    "patience": 20,
    "seed": 42,
    "device": "cuda",
    "precomputed_similarity_path": "data/100K/similarity_output_merged_100K.pt"
}
2025-08-05 18:39:49,957 - INFO - Using device: cuda
2025-08-05 18:39:49,958 - INFO - Initialized I/O data processor for data/100K/sample_100K.csv
2025-08-05 18:39:49,958 - INFO - Loading data from data/100K/sample_100K.csv
2025-08-05 18:39:50,270 - INFO - Loaded data with shape (100000, 46)
2025-08-05 18:39:50,270 - INFO - Preprocessing data
2025-08-05 18:39:50,270 - INFO - Initialized feature similarity graph constructor for nprocs
2025-08-05 18:39:50,270 - INFO - Initialized feature similarity graph constructor for POSIX_OPENS
2025-08-05 18:39:50,270 - INFO - Initialized feature similarity graph constructor for LUSTRE_STRIPE_SIZE
2025-08-05 18:39:50,270 - INFO - Initialized feature similarity graph constructor for LUSTRE_STRIPE_WIDTH
2025-08-05 18:39:50,270 - INFO - Initialized feature similarity graph constructor for POSIX_FILENOS
2025-08-05 18:39:50,270 - INFO - Initialized feature similarity graph constructor for POSIX_MEM_ALIGNMENT
2025-08-05 18:39:50,270 - INFO - Initialized feature similarity graph constructor for POSIX_FILE_ALIGNMENT
2025-08-05 18:39:50,270 - INFO - Initialized feature similarity graph constructor for POSIX_READS
2025-08-05 18:39:50,270 - INFO - Initialized feature similarity graph constructor for POSIX_WRITES
2025-08-05 18:39:50,270 - INFO - Initialized feature similarity graph constructor for POSIX_SEEKS
2025-08-05 18:39:50,270 - INFO - Initialized feature similarity graph constructor for POSIX_STATS
2025-08-05 18:39:50,270 - INFO - Initialized feature similarity graph constructor for POSIX_BYTES_READ
2025-08-05 18:39:50,270 - INFO - Initialized feature similarity graph constructor for POSIX_BYTES_WRITTEN
2025-08-05 18:39:50,270 - INFO - Initialized feature similarity graph constructor for POSIX_CONSEC_READS
2025-08-05 18:39:50,270 - INFO - Initialized feature similarity graph constructor for POSIX_CONSEC_WRITES
2025-08-05 18:39:50,270 - INFO - Initialized feature similarity graph constructor for POSIX_SEQ_READS
2025-08-05 18:39:50,270 - INFO - Initialized feature similarity graph constructor for POSIX_SEQ_WRITES
2025-08-05 18:39:50,271 - INFO - Initialized feature similarity graph constructor for POSIX_RW_SWITCHES
2025-08-05 18:39:50,271 - INFO - Initialized feature similarity graph constructor for POSIX_MEM_NOT_ALIGNED
2025-08-05 18:39:50,271 - INFO - Initialized feature similarity graph constructor for POSIX_FILE_NOT_ALIGNED
2025-08-05 18:39:50,271 - INFO - Initialized feature similarity graph constructor for POSIX_SIZE_READ_0_100
2025-08-05 18:39:50,271 - INFO - Initialized feature similarity graph constructor for POSIX_SIZE_READ_100_1K
2025-08-05 18:39:50,271 - INFO - Initialized feature similarity graph constructor for POSIX_SIZE_READ_1K_10K
2025-08-05 18:39:50,271 - INFO - Initialized feature similarity graph constructor for POSIX_SIZE_READ_100K_1M
2025-08-05 18:39:50,271 - INFO - Initialized feature similarity graph constructor for POSIX_SIZE_WRITE_0_100
2025-08-05 18:39:50,271 - INFO - Initialized feature similarity graph constructor for POSIX_SIZE_WRITE_100_1K
2025-08-05 18:39:50,271 - INFO - Initialized feature similarity graph constructor for POSIX_SIZE_WRITE_1K_10K
2025-08-05 18:39:50,271 - INFO - Initialized feature similarity graph constructor for POSIX_SIZE_WRITE_10K_100K
2025-08-05 18:39:50,271 - INFO - Initialized feature similarity graph constructor for POSIX_SIZE_WRITE_100K_1M
2025-08-05 18:39:50,271 - INFO - Initialized feature similarity graph constructor for POSIX_STRIDE1_STRIDE
2025-08-05 18:39:50,271 - INFO - Initialized feature similarity graph constructor for POSIX_STRIDE2_STRIDE
2025-08-05 18:39:50,271 - INFO - Initialized feature similarity graph constructor for POSIX_STRIDE3_STRIDE
2025-08-05 18:39:50,271 - INFO - Initialized feature similarity graph constructor for POSIX_STRIDE4_STRIDE
2025-08-05 18:39:50,271 - INFO - Initialized feature similarity graph constructor for POSIX_STRIDE1_COUNT
2025-08-05 18:39:50,271 - INFO - Initialized feature similarity graph constructor for POSIX_STRIDE2_COUNT
2025-08-05 18:39:50,271 - INFO - Initialized feature similarity graph constructor for POSIX_STRIDE3_COUNT
2025-08-05 18:39:50,271 - INFO - Initialized feature similarity graph constructor for POSIX_STRIDE4_COUNT
2025-08-05 18:39:50,271 - INFO - Initialized feature similarity graph constructor for POSIX_ACCESS1_ACCESS
2025-08-05 18:39:50,271 - INFO - Initialized feature similarity graph constructor for POSIX_ACCESS2_ACCESS
2025-08-05 18:39:50,271 - INFO - Initialized feature similarity graph constructor for POSIX_ACCESS3_ACCESS
2025-08-05 18:39:50,271 - INFO - Initialized feature similarity graph constructor for POSIX_ACCESS4_ACCESS
2025-08-05 18:39:50,271 - INFO - Initialized feature similarity graph constructor for POSIX_ACCESS1_COUNT
2025-08-05 18:39:50,271 - INFO - Initialized feature similarity graph constructor for POSIX_ACCESS2_COUNT
2025-08-05 18:39:50,271 - INFO - Initialized feature similarity graph constructor for POSIX_ACCESS3_COUNT
2025-08-05 18:39:50,271 - INFO - Initialized feature similarity graph constructor for POSIX_ACCESS4_COUNT
2025-08-05 18:39:50,271 - INFO - Initialized multiplex graph constructor for 45 features
2025-08-05 18:39:50,271 - INFO - Creating combined PyG data
2025-08-05 18:39:50,271 - INFO - Loading precomputed similarity from data/100K/similarity_output_merged_100K.pt
2025-08-05 18:40:39,834 - INFO - Loading precomputed similarity from data/100K/similarity_output_merged_100K.pt
2025-08-05 18:41:24,036 - INFO - Splitting data into train, validation, and test sets
2025-08-05 18:41:24,062 - INFO - Train: 69999, Val: 15001, Test: 15000
2025-08-05 18:41:24,065 - INFO - Saving processed data to logs/training/all/Experiment11/xgboost/processed_data
2025-08-05 18:41:25,897 - INFO - Constructing multiplex graphs
2025-08-05 18:41:25,898 - INFO - Loading precomputed similarity from data/100K/similarity_output_merged_100K.pt
2025-08-05 18:42:04,677 - INFO - Creating combined PyG data
2025-08-05 18:42:04,677 - INFO - Loading precomputed similarity from data/100K/similarity_output_merged_100K.pt
2025-08-05 18:42:44,322 - INFO - Loading precomputed similarity from data/100K/similarity_output_merged_100K.pt
2025-08-05 18:43:35,260 - INFO - Saved processed data to logs/training/all/Experiment11/xgboost/processed_data
2025-08-05 18:43:35,274 - INFO - Initialized xgboost model
2025-08-05 18:44:01,705 - INFO - XGBoost model fitted with 45 features
2025-08-05 18:44:01,732 - INFO - Evaluation metrics: {'mse': 9.786496229935437e-05, 'rmse': 0.009892672151615779, 'mae': 0.0048816814087331295, 'r2': 0.9589194059371948}
2025-08-05 18:44:01,739 - INFO - Final metrics: {'mse': 9.786496229935437e-05, 'rmse': 0.009892672151615779, 'mae': 0.0048816814087331295, 'r2': 0.9589194059371948}
2025-08-05 18:44:01,739 - INFO - Model and results saved to logs/training/all/Experiment11/xgboost
2025-08-05 18:44:01,765 - INFO - Model saved to logs/training/all/Experiment11/xgboost/xgboost_model.joblib
2025-08-05 18:44:08,585 - INFO - Parsed arguments:
{
    "data_path": "data/100K/sample_100K.csv",
    "output_dir": "logs/training/all/Experiment11/mlp",
    "target_column": "tag",
    "important_features": null,
    "similarity_threshold": 0.05,
    "model_type": "mlp",
    "gnn_type": "gcn",
    "hidden_dim": 64,
    "num_layers": 2,
    "dropout": 0.1,
    "batch_size": 64,
    "epochs": 100,
    "lr": 0.001,
    "weight_decay": 0.0001,
    "patience": 20,
    "seed": 42,
    "device": "cuda",
    "precomputed_similarity_path": "data/100K/similarity_output_merged_100K.pt"
}
2025-08-05 18:44:08,592 - INFO - Using device: cuda
2025-08-05 18:44:08,592 - INFO - Initialized I/O data processor for data/100K/sample_100K.csv
2025-08-05 18:44:08,592 - INFO - Loading data from data/100K/sample_100K.csv
2025-08-05 18:44:08,886 - INFO - Loaded data with shape (100000, 46)
2025-08-05 18:44:08,887 - INFO - Preprocessing data
2025-08-05 18:44:08,887 - INFO - Initialized feature similarity graph constructor for nprocs
2025-08-05 18:44:08,887 - INFO - Initialized feature similarity graph constructor for POSIX_OPENS
2025-08-05 18:44:08,887 - INFO - Initialized feature similarity graph constructor for LUSTRE_STRIPE_SIZE
2025-08-05 18:44:08,887 - INFO - Initialized feature similarity graph constructor for LUSTRE_STRIPE_WIDTH
2025-08-05 18:44:08,887 - INFO - Initialized feature similarity graph constructor for POSIX_FILENOS
2025-08-05 18:44:08,887 - INFO - Initialized feature similarity graph constructor for POSIX_MEM_ALIGNMENT
2025-08-05 18:44:08,887 - INFO - Initialized feature similarity graph constructor for POSIX_FILE_ALIGNMENT
2025-08-05 18:44:08,887 - INFO - Initialized feature similarity graph constructor for POSIX_READS
2025-08-05 18:44:08,887 - INFO - Initialized feature similarity graph constructor for POSIX_WRITES
2025-08-05 18:44:08,887 - INFO - Initialized feature similarity graph constructor for POSIX_SEEKS
2025-08-05 18:44:08,887 - INFO - Initialized feature similarity graph constructor for POSIX_STATS
2025-08-05 18:44:08,887 - INFO - Initialized feature similarity graph constructor for POSIX_BYTES_READ
2025-08-05 18:44:08,887 - INFO - Initialized feature similarity graph constructor for POSIX_BYTES_WRITTEN
2025-08-05 18:44:08,887 - INFO - Initialized feature similarity graph constructor for POSIX_CONSEC_READS
2025-08-05 18:44:08,887 - INFO - Initialized feature similarity graph constructor for POSIX_CONSEC_WRITES
2025-08-05 18:44:08,887 - INFO - Initialized feature similarity graph constructor for POSIX_SEQ_READS
2025-08-05 18:44:08,887 - INFO - Initialized feature similarity graph constructor for POSIX_SEQ_WRITES
2025-08-05 18:44:08,887 - INFO - Initialized feature similarity graph constructor for POSIX_RW_SWITCHES
2025-08-05 18:44:08,887 - INFO - Initialized feature similarity graph constructor for POSIX_MEM_NOT_ALIGNED
2025-08-05 18:44:08,887 - INFO - Initialized feature similarity graph constructor for POSIX_FILE_NOT_ALIGNED
2025-08-05 18:44:08,887 - INFO - Initialized feature similarity graph constructor for POSIX_SIZE_READ_0_100
2025-08-05 18:44:08,887 - INFO - Initialized feature similarity graph constructor for POSIX_SIZE_READ_100_1K
2025-08-05 18:44:08,887 - INFO - Initialized feature similarity graph constructor for POSIX_SIZE_READ_1K_10K
2025-08-05 18:44:08,887 - INFO - Initialized feature similarity graph constructor for POSIX_SIZE_READ_100K_1M
2025-08-05 18:44:08,887 - INFO - Initialized feature similarity graph constructor for POSIX_SIZE_WRITE_0_100
2025-08-05 18:44:08,887 - INFO - Initialized feature similarity graph constructor for POSIX_SIZE_WRITE_100_1K
2025-08-05 18:44:08,887 - INFO - Initialized feature similarity graph constructor for POSIX_SIZE_WRITE_1K_10K
2025-08-05 18:44:08,887 - INFO - Initialized feature similarity graph constructor for POSIX_SIZE_WRITE_10K_100K
2025-08-05 18:44:08,887 - INFO - Initialized feature similarity graph constructor for POSIX_SIZE_WRITE_100K_1M
2025-08-05 18:44:08,887 - INFO - Initialized feature similarity graph constructor for POSIX_STRIDE1_STRIDE
2025-08-05 18:44:08,887 - INFO - Initialized feature similarity graph constructor for POSIX_STRIDE2_STRIDE
2025-08-05 18:44:08,887 - INFO - Initialized feature similarity graph constructor for POSIX_STRIDE3_STRIDE
2025-08-05 18:44:08,887 - INFO - Initialized feature similarity graph constructor for POSIX_STRIDE4_STRIDE
2025-08-05 18:44:08,887 - INFO - Initialized feature similarity graph constructor for POSIX_STRIDE1_COUNT
2025-08-05 18:44:08,887 - INFO - Initialized feature similarity graph constructor for POSIX_STRIDE2_COUNT
2025-08-05 18:44:08,887 - INFO - Initialized feature similarity graph constructor for POSIX_STRIDE3_COUNT
2025-08-05 18:44:08,887 - INFO - Initialized feature similarity graph constructor for POSIX_STRIDE4_COUNT
2025-08-05 18:44:08,887 - INFO - Initialized feature similarity graph constructor for POSIX_ACCESS1_ACCESS
2025-08-05 18:44:08,887 - INFO - Initialized feature similarity graph constructor for POSIX_ACCESS2_ACCESS
2025-08-05 18:44:08,887 - INFO - Initialized feature similarity graph constructor for POSIX_ACCESS3_ACCESS
2025-08-05 18:44:08,887 - INFO - Initialized feature similarity graph constructor for POSIX_ACCESS4_ACCESS
2025-08-05 18:44:08,887 - INFO - Initialized feature similarity graph constructor for POSIX_ACCESS1_COUNT
2025-08-05 18:44:08,887 - INFO - Initialized feature similarity graph constructor for POSIX_ACCESS2_COUNT
2025-08-05 18:44:08,887 - INFO - Initialized feature similarity graph constructor for POSIX_ACCESS3_COUNT
2025-08-05 18:44:08,887 - INFO - Initialized feature similarity graph constructor for POSIX_ACCESS4_COUNT
2025-08-05 18:44:08,887 - INFO - Initialized multiplex graph constructor for 45 features
2025-08-05 18:44:08,887 - INFO - Creating combined PyG data
2025-08-05 18:44:08,888 - INFO - Loading precomputed similarity from data/100K/similarity_output_merged_100K.pt
2025-08-05 18:44:57,712 - INFO - Loading precomputed similarity from data/100K/similarity_output_merged_100K.pt
2025-08-05 18:45:41,489 - INFO - Splitting data into train, validation, and test sets
2025-08-05 18:45:41,586 - INFO - Train: 69999, Val: 15001, Test: 15000
2025-08-05 18:45:41,589 - INFO - Saving processed data to logs/training/all/Experiment11/mlp/processed_data
2025-08-05 18:45:43,420 - INFO - Constructing multiplex graphs
2025-08-05 18:45:43,421 - INFO - Loading precomputed similarity from data/100K/similarity_output_merged_100K.pt
2025-08-05 18:46:22,946 - INFO - Creating combined PyG data
2025-08-05 18:46:22,946 - INFO - Loading precomputed similarity from data/100K/similarity_output_merged_100K.pt
2025-08-05 18:47:02,719 - INFO - Loading precomputed similarity from data/100K/similarity_output_merged_100K.pt
2025-08-05 18:47:53,713 - INFO - Saved processed data to logs/training/all/Experiment11/mlp/processed_data
2025-08-05 18:47:53,726 - INFO - Initialized mlp model
2025-08-05 18:48:12,836 - INFO - MLP model fitted with 45 features
2025-08-05 18:48:12,854 - INFO - Evaluation metrics: {'mse': 0.00016342374146915972, 'rmse': 0.012783729560232403, 'mae': 0.006873586215078831, 'r2': 0.9313998818397522}
2025-08-05 18:48:12,858 - INFO - Final metrics: {'mse': 0.00016342374146915972, 'rmse': 0.012783729560232403, 'mae': 0.006873586215078831, 'r2': 0.9313998818397522}
2025-08-05 18:48:12,858 - INFO - Model and results saved to logs/training/all/Experiment11/mlp
2025-08-05 18:48:12,863 - INFO - Model saved to logs/training/all/Experiment11/mlp/mlp_model.joblib
2025-08-05 18:48:19,772 - INFO - Parsed arguments:
{
    "data_path": "data/100K/sample_100K.csv",
    "output_dir": "logs/training/all/Experiment11/tabnet",
    "target_column": "tag",
    "important_features": null,
    "similarity_threshold": 0.05,
    "model_type": "tabnet",
    "gnn_type": "gcn",
    "hidden_dim": 64,
    "num_layers": 2,
    "dropout": 0.1,
    "batch_size": 64,
    "epochs": 100,
    "lr": 0.001,
    "weight_decay": 0.0001,
    "patience": 20,
    "seed": 42,
    "device": "cuda",
    "precomputed_similarity_path": "data/100K/similarity_output_merged_100K.pt"
}
2025-08-05 18:48:19,779 - INFO - Using device: cuda
2025-08-05 18:48:19,780 - INFO - Initialized I/O data processor for data/100K/sample_100K.csv
2025-08-05 18:48:19,780 - INFO - Loading data from data/100K/sample_100K.csv
2025-08-05 18:48:20,098 - INFO - Loaded data with shape (100000, 46)
2025-08-05 18:48:20,098 - INFO - Preprocessing data
2025-08-05 18:48:20,098 - INFO - Initialized feature similarity graph constructor for nprocs
2025-08-05 18:48:20,098 - INFO - Initialized feature similarity graph constructor for POSIX_OPENS
2025-08-05 18:48:20,098 - INFO - Initialized feature similarity graph constructor for LUSTRE_STRIPE_SIZE
2025-08-05 18:48:20,098 - INFO - Initialized feature similarity graph constructor for LUSTRE_STRIPE_WIDTH
2025-08-05 18:48:20,098 - INFO - Initialized feature similarity graph constructor for POSIX_FILENOS
2025-08-05 18:48:20,098 - INFO - Initialized feature similarity graph constructor for POSIX_MEM_ALIGNMENT
2025-08-05 18:48:20,098 - INFO - Initialized feature similarity graph constructor for POSIX_FILE_ALIGNMENT
2025-08-05 18:48:20,098 - INFO - Initialized feature similarity graph constructor for POSIX_READS
2025-08-05 18:48:20,098 - INFO - Initialized feature similarity graph constructor for POSIX_WRITES
2025-08-05 18:48:20,098 - INFO - Initialized feature similarity graph constructor for POSIX_SEEKS
2025-08-05 18:48:20,098 - INFO - Initialized feature similarity graph constructor for POSIX_STATS
2025-08-05 18:48:20,098 - INFO - Initialized feature similarity graph constructor for POSIX_BYTES_READ
2025-08-05 18:48:20,098 - INFO - Initialized feature similarity graph constructor for POSIX_BYTES_WRITTEN
2025-08-05 18:48:20,098 - INFO - Initialized feature similarity graph constructor for POSIX_CONSEC_READS
2025-08-05 18:48:20,098 - INFO - Initialized feature similarity graph constructor for POSIX_CONSEC_WRITES
2025-08-05 18:48:20,098 - INFO - Initialized feature similarity graph constructor for POSIX_SEQ_READS
2025-08-05 18:48:20,098 - INFO - Initialized feature similarity graph constructor for POSIX_SEQ_WRITES
2025-08-05 18:48:20,098 - INFO - Initialized feature similarity graph constructor for POSIX_RW_SWITCHES
2025-08-05 18:48:20,098 - INFO - Initialized feature similarity graph constructor for POSIX_MEM_NOT_ALIGNED
2025-08-05 18:48:20,098 - INFO - Initialized feature similarity graph constructor for POSIX_FILE_NOT_ALIGNED
2025-08-05 18:48:20,098 - INFO - Initialized feature similarity graph constructor for POSIX_SIZE_READ_0_100
2025-08-05 18:48:20,098 - INFO - Initialized feature similarity graph constructor for POSIX_SIZE_READ_100_1K
2025-08-05 18:48:20,098 - INFO - Initialized feature similarity graph constructor for POSIX_SIZE_READ_1K_10K
2025-08-05 18:48:20,098 - INFO - Initialized feature similarity graph constructor for POSIX_SIZE_READ_100K_1M
2025-08-05 18:48:20,098 - INFO - Initialized feature similarity graph constructor for POSIX_SIZE_WRITE_0_100
2025-08-05 18:48:20,098 - INFO - Initialized feature similarity graph constructor for POSIX_SIZE_WRITE_100_1K
2025-08-05 18:48:20,098 - INFO - Initialized feature similarity graph constructor for POSIX_SIZE_WRITE_1K_10K
2025-08-05 18:48:20,098 - INFO - Initialized feature similarity graph constructor for POSIX_SIZE_WRITE_10K_100K
2025-08-05 18:48:20,098 - INFO - Initialized feature similarity graph constructor for POSIX_SIZE_WRITE_100K_1M
2025-08-05 18:48:20,098 - INFO - Initialized feature similarity graph constructor for POSIX_STRIDE1_STRIDE
2025-08-05 18:48:20,098 - INFO - Initialized feature similarity graph constructor for POSIX_STRIDE2_STRIDE
2025-08-05 18:48:20,098 - INFO - Initialized feature similarity graph constructor for POSIX_STRIDE3_STRIDE
2025-08-05 18:48:20,098 - INFO - Initialized feature similarity graph constructor for POSIX_STRIDE4_STRIDE
2025-08-05 18:48:20,098 - INFO - Initialized feature similarity graph constructor for POSIX_STRIDE1_COUNT
2025-08-05 18:48:20,098 - INFO - Initialized feature similarity graph constructor for POSIX_STRIDE2_COUNT
2025-08-05 18:48:20,098 - INFO - Initialized feature similarity graph constructor for POSIX_STRIDE3_COUNT
2025-08-05 18:48:20,098 - INFO - Initialized feature similarity graph constructor for POSIX_STRIDE4_COUNT
2025-08-05 18:48:20,099 - INFO - Initialized feature similarity graph constructor for POSIX_ACCESS1_ACCESS
2025-08-05 18:48:20,099 - INFO - Initialized feature similarity graph constructor for POSIX_ACCESS2_ACCESS
2025-08-05 18:48:20,099 - INFO - Initialized feature similarity graph constructor for POSIX_ACCESS3_ACCESS
2025-08-05 18:48:20,099 - INFO - Initialized feature similarity graph constructor for POSIX_ACCESS4_ACCESS
2025-08-05 18:48:20,099 - INFO - Initialized feature similarity graph constructor for POSIX_ACCESS1_COUNT
2025-08-05 18:48:20,099 - INFO - Initialized feature similarity graph constructor for POSIX_ACCESS2_COUNT
2025-08-05 18:48:20,099 - INFO - Initialized feature similarity graph constructor for POSIX_ACCESS3_COUNT
2025-08-05 18:48:20,099 - INFO - Initialized feature similarity graph constructor for POSIX_ACCESS4_COUNT
2025-08-05 18:48:20,099 - INFO - Initialized multiplex graph constructor for 45 features
2025-08-05 18:48:20,099 - INFO - Creating combined PyG data
2025-08-05 18:48:20,099 - INFO - Loading precomputed similarity from data/100K/similarity_output_merged_100K.pt
2025-08-05 18:49:08,837 - INFO - Loading precomputed similarity from data/100K/similarity_output_merged_100K.pt
2025-08-05 18:49:52,727 - INFO - Splitting data into train, validation, and test sets
2025-08-05 18:49:52,770 - INFO - Train: 69999, Val: 15001, Test: 15000
2025-08-05 18:49:52,773 - INFO - Saving processed data to logs/training/all/Experiment11/tabnet/processed_data
2025-08-05 18:49:54,593 - INFO - Constructing multiplex graphs
2025-08-05 18:49:54,594 - INFO - Loading precomputed similarity from data/100K/similarity_output_merged_100K.pt
2025-08-05 18:50:33,480 - INFO - Creating combined PyG data
2025-08-05 18:50:33,480 - INFO - Loading precomputed similarity from data/100K/similarity_output_merged_100K.pt
2025-08-05 18:51:13,013 - INFO - Loading precomputed similarity from data/100K/similarity_output_merged_100K.pt
2025-08-05 18:52:03,897 - INFO - Saved processed data to logs/training/all/Experiment11/tabnet/processed_data
2025-08-05 18:52:03,911 - INFO - Initialized tabnet model
/u/mbanisharifdehkordi/.local/lib/python3.9/site-packages/pytorch_tabnet/abstract_model.py:82: UserWarning: Device used : cuda
  warnings.warn(f"Device used : {self.device}")
/u/mbanisharifdehkordi/.local/lib/python3.9/site-packages/pytorch_tabnet/abstract_model.py:687: UserWarning: No early stopping will be performed, last training weights will be used.
  warnings.warn(wrn_msg)
2025-08-05 18:54:44,807 - INFO - TabNet model fitted with 45 features
2025-08-05 18:54:44,932 - INFO - Evaluation metrics: {'mse': 0.0007138645160011947, 'rmse': 0.02671824313088708, 'mae': 0.020810380578041077, 'r2': 0.7003421783447266}
2025-08-05 18:54:44,940 - INFO - Final metrics: {'mse': 0.0007138645160011947, 'rmse': 0.02671824313088708, 'mae': 0.020810380578041077, 'r2': 0.7003421783447266}
2025-08-05 18:54:44,940 - INFO - Model and results saved to logs/training/all/Experiment11/tabnet
2025-08-05 18:54:44,985 - INFO - Model saved to logs/training/all/Experiment11/tabnet/tabnet_model.joblib
2025-08-05 18:54:51,721 - INFO - Parsed arguments:
{
    "data_path": "data/100K/sample_100K.csv",
    "output_dir": "logs/training/all/Experiment11/combined",
    "target_column": "tag",
    "important_features": null,
    "similarity_threshold": 0.05,
    "model_type": "combined",
    "gnn_type": "gcn",
    "hidden_dim": 64,
    "num_layers": 2,
    "dropout": 0.1,
    "batch_size": 64,
    "epochs": 100,
    "lr": 0.001,
    "weight_decay": 0.0001,
    "patience": 20,
    "seed": 42,
    "device": "cuda",
    "precomputed_similarity_path": "data/100K/similarity_output_merged_100K.pt"
}
2025-08-05 18:54:51,728 - INFO - Using device: cuda
2025-08-05 18:54:51,728 - INFO - Initialized I/O data processor for data/100K/sample_100K.csv
2025-08-05 18:54:51,728 - INFO - Loading data from data/100K/sample_100K.csv
2025-08-05 18:54:52,024 - INFO - Loaded data with shape (100000, 46)
2025-08-05 18:54:52,024 - INFO - Preprocessing data
2025-08-05 18:54:52,024 - INFO - Initialized feature similarity graph constructor for nprocs
2025-08-05 18:54:52,024 - INFO - Initialized feature similarity graph constructor for POSIX_OPENS
2025-08-05 18:54:52,024 - INFO - Initialized feature similarity graph constructor for LUSTRE_STRIPE_SIZE
2025-08-05 18:54:52,024 - INFO - Initialized feature similarity graph constructor for LUSTRE_STRIPE_WIDTH
2025-08-05 18:54:52,024 - INFO - Initialized feature similarity graph constructor for POSIX_FILENOS
2025-08-05 18:54:52,024 - INFO - Initialized feature similarity graph constructor for POSIX_MEM_ALIGNMENT
2025-08-05 18:54:52,024 - INFO - Initialized feature similarity graph constructor for POSIX_FILE_ALIGNMENT
2025-08-05 18:54:52,024 - INFO - Initialized feature similarity graph constructor for POSIX_READS
2025-08-05 18:54:52,024 - INFO - Initialized feature similarity graph constructor for POSIX_WRITES
2025-08-05 18:54:52,024 - INFO - Initialized feature similarity graph constructor for POSIX_SEEKS
2025-08-05 18:54:52,024 - INFO - Initialized feature similarity graph constructor for POSIX_STATS
2025-08-05 18:54:52,024 - INFO - Initialized feature similarity graph constructor for POSIX_BYTES_READ
2025-08-05 18:54:52,024 - INFO - Initialized feature similarity graph constructor for POSIX_BYTES_WRITTEN
2025-08-05 18:54:52,024 - INFO - Initialized feature similarity graph constructor for POSIX_CONSEC_READS
2025-08-05 18:54:52,024 - INFO - Initialized feature similarity graph constructor for POSIX_CONSEC_WRITES
2025-08-05 18:54:52,024 - INFO - Initialized feature similarity graph constructor for POSIX_SEQ_READS
2025-08-05 18:54:52,024 - INFO - Initialized feature similarity graph constructor for POSIX_SEQ_WRITES
2025-08-05 18:54:52,024 - INFO - Initialized feature similarity graph constructor for POSIX_RW_SWITCHES
2025-08-05 18:54:52,024 - INFO - Initialized feature similarity graph constructor for POSIX_MEM_NOT_ALIGNED
2025-08-05 18:54:52,024 - INFO - Initialized feature similarity graph constructor for POSIX_FILE_NOT_ALIGNED
2025-08-05 18:54:52,024 - INFO - Initialized feature similarity graph constructor for POSIX_SIZE_READ_0_100
2025-08-05 18:54:52,024 - INFO - Initialized feature similarity graph constructor for POSIX_SIZE_READ_100_1K
2025-08-05 18:54:52,024 - INFO - Initialized feature similarity graph constructor for POSIX_SIZE_READ_1K_10K
2025-08-05 18:54:52,024 - INFO - Initialized feature similarity graph constructor for POSIX_SIZE_READ_100K_1M
2025-08-05 18:54:52,024 - INFO - Initialized feature similarity graph constructor for POSIX_SIZE_WRITE_0_100
2025-08-05 18:54:52,024 - INFO - Initialized feature similarity graph constructor for POSIX_SIZE_WRITE_100_1K
2025-08-05 18:54:52,024 - INFO - Initialized feature similarity graph constructor for POSIX_SIZE_WRITE_1K_10K
2025-08-05 18:54:52,024 - INFO - Initialized feature similarity graph constructor for POSIX_SIZE_WRITE_10K_100K
2025-08-05 18:54:52,024 - INFO - Initialized feature similarity graph constructor for POSIX_SIZE_WRITE_100K_1M
2025-08-05 18:54:52,024 - INFO - Initialized feature similarity graph constructor for POSIX_STRIDE1_STRIDE
2025-08-05 18:54:52,024 - INFO - Initialized feature similarity graph constructor for POSIX_STRIDE2_STRIDE
2025-08-05 18:54:52,024 - INFO - Initialized feature similarity graph constructor for POSIX_STRIDE3_STRIDE
2025-08-05 18:54:52,024 - INFO - Initialized feature similarity graph constructor for POSIX_STRIDE4_STRIDE
2025-08-05 18:54:52,024 - INFO - Initialized feature similarity graph constructor for POSIX_STRIDE1_COUNT
2025-08-05 18:54:52,024 - INFO - Initialized feature similarity graph constructor for POSIX_STRIDE2_COUNT
2025-08-05 18:54:52,024 - INFO - Initialized feature similarity graph constructor for POSIX_STRIDE3_COUNT
2025-08-05 18:54:52,024 - INFO - Initialized feature similarity graph constructor for POSIX_STRIDE4_COUNT
2025-08-05 18:54:52,024 - INFO - Initialized feature similarity graph constructor for POSIX_ACCESS1_ACCESS
2025-08-05 18:54:52,024 - INFO - Initialized feature similarity graph constructor for POSIX_ACCESS2_ACCESS
2025-08-05 18:54:52,024 - INFO - Initialized feature similarity graph constructor for POSIX_ACCESS3_ACCESS
2025-08-05 18:54:52,024 - INFO - Initialized feature similarity graph constructor for POSIX_ACCESS4_ACCESS
2025-08-05 18:54:52,024 - INFO - Initialized feature similarity graph constructor for POSIX_ACCESS1_COUNT
2025-08-05 18:54:52,024 - INFO - Initialized feature similarity graph constructor for POSIX_ACCESS2_COUNT
2025-08-05 18:54:52,024 - INFO - Initialized feature similarity graph constructor for POSIX_ACCESS3_COUNT
2025-08-05 18:54:52,024 - INFO - Initialized feature similarity graph constructor for POSIX_ACCESS4_COUNT
2025-08-05 18:54:52,024 - INFO - Initialized multiplex graph constructor for 45 features
2025-08-05 18:54:52,024 - INFO - Creating combined PyG data
2025-08-05 18:54:52,025 - INFO - Loading precomputed similarity from data/100K/similarity_output_merged_100K.pt
2025-08-05 18:55:41,384 - INFO - Loading precomputed similarity from data/100K/similarity_output_merged_100K.pt
2025-08-05 18:56:25,735 - INFO - Splitting data into train, validation, and test sets
2025-08-05 18:56:25,786 - INFO - Train: 69999, Val: 15001, Test: 15000
2025-08-05 18:56:25,790 - INFO - Saving processed data to logs/training/all/Experiment11/combined/processed_data
2025-08-05 18:56:27,652 - INFO - Constructing multiplex graphs
2025-08-05 18:56:27,653 - INFO - Loading precomputed similarity from data/100K/similarity_output_merged_100K.pt
2025-08-05 18:57:05,506 - INFO - Creating combined PyG data
2025-08-05 18:57:05,506 - INFO - Loading precomputed similarity from data/100K/similarity_output_merged_100K.pt
2025-08-05 18:57:45,021 - INFO - Loading precomputed similarity from data/100K/similarity_output_merged_100K.pt
2025-08-05 18:58:35,875 - INFO - Saved processed data to logs/training/all/Experiment11/combined/processed_data
2025-08-05 18:58:36,258 - INFO - Initialized GCN model with 2 layers
2025-08-05 18:58:36,258 - INFO - Initialized TabGNN regressor with 1 graph types
2025-08-05 18:58:36,569 - INFO - Epoch 1/100: Train Loss: 0.0163, Val Loss: 0.0082, Test Loss: 0.0078
2025-08-05 18:58:36,731 - INFO - Epoch 2/100: Train Loss: 0.0083, Val Loss: 0.0050, Test Loss: 0.0050
2025-08-05 18:58:36,891 - INFO - Epoch 3/100: Train Loss: 0.0055, Val Loss: 0.0043, Test Loss: 0.0043
2025-08-05 18:58:37,050 - INFO - Epoch 4/100: Train Loss: 0.0047, Val Loss: 0.0041, Test Loss: 0.0040
2025-08-05 18:58:37,209 - INFO - Epoch 5/100: Train Loss: 0.0043, Val Loss: 0.0033, Test Loss: 0.0033
2025-08-05 18:58:37,368 - INFO - Epoch 6/100: Train Loss: 0.0036, Val Loss: 0.0026, Test Loss: 0.0026
2025-08-05 18:58:37,527 - INFO - Epoch 7/100: Train Loss: 0.0030, Val Loss: 0.0025, Test Loss: 0.0025
2025-08-05 18:58:37,686 - INFO - Epoch 8/100: Train Loss: 0.0031, Val Loss: 0.0024, Test Loss: 0.0024
2025-08-05 18:58:37,845 - INFO - Epoch 9/100: Train Loss: 0.0030, Val Loss: 0.0021, Test Loss: 0.0021
2025-08-05 18:58:38,005 - INFO - Epoch 10/100: Train Loss: 0.0025, Val Loss: 0.0017, Test Loss: 0.0017
2025-08-05 18:58:38,164 - INFO - Epoch 11/100: Train Loss: 0.0023, Val Loss: 0.0015, Test Loss: 0.0016
2025-08-05 18:58:38,323 - INFO - Epoch 12/100: Train Loss: 0.0020, Val Loss: 0.0015, Test Loss: 0.0015
2025-08-05 18:58:38,482 - INFO - Epoch 13/100: Train Loss: 0.0019, Val Loss: 0.0014, Test Loss: 0.0014
2025-08-05 18:58:38,641 - INFO - Epoch 14/100: Train Loss: 0.0017, Val Loss: 0.0013, Test Loss: 0.0012
2025-08-05 18:58:38,800 - INFO - Epoch 15/100: Train Loss: 0.0015, Val Loss: 0.0011, Test Loss: 0.0011
2025-08-05 18:58:38,959 - INFO - Epoch 16/100: Train Loss: 0.0015, Val Loss: 0.0009, Test Loss: 0.0009
2025-08-05 18:58:39,118 - INFO - Epoch 17/100: Train Loss: 0.0013, Val Loss: 0.0008, Test Loss: 0.0008
2025-08-05 18:58:39,277 - INFO - Epoch 18/100: Train Loss: 0.0013, Val Loss: 0.0008, Test Loss: 0.0009
2025-08-05 18:58:39,436 - INFO - Epoch 19/100: Train Loss: 0.0013, Val Loss: 0.0009, Test Loss: 0.0009
2025-08-05 18:58:39,595 - INFO - Epoch 20/100: Train Loss: 0.0014, Val Loss: 0.0009, Test Loss: 0.0009
2025-08-05 18:58:39,754 - INFO - Epoch 21/100: Train Loss: 0.0013, Val Loss: 0.0009, Test Loss: 0.0009
2025-08-05 18:58:39,913 - INFO - Epoch 22/100: Train Loss: 0.0013, Val Loss: 0.0009, Test Loss: 0.0009
2025-08-05 18:58:40,072 - INFO - Epoch 23/100: Train Loss: 0.0012, Val Loss: 0.0009, Test Loss: 0.0009
2025-08-05 18:58:40,231 - INFO - Epoch 24/100: Train Loss: 0.0012, Val Loss: 0.0009, Test Loss: 0.0009
2025-08-05 18:58:40,389 - INFO - Epoch 25/100: Train Loss: 0.0012, Val Loss: 0.0009, Test Loss: 0.0009
2025-08-05 18:58:40,548 - INFO - Epoch 26/100: Train Loss: 0.0012, Val Loss: 0.0008, Test Loss: 0.0008
2025-08-05 18:58:40,707 - INFO - Epoch 27/100: Train Loss: 0.0011, Val Loss: 0.0008, Test Loss: 0.0008
2025-08-05 18:58:40,866 - INFO - Epoch 28/100: Train Loss: 0.0011, Val Loss: 0.0008, Test Loss: 0.0008
2025-08-05 18:58:41,025 - INFO - Epoch 29/100: Train Loss: 0.0011, Val Loss: 0.0007, Test Loss: 0.0007
2025-08-05 18:58:41,184 - INFO - Epoch 30/100: Train Loss: 0.0011, Val Loss: 0.0007, Test Loss: 0.0007
2025-08-05 18:58:41,343 - INFO - Epoch 31/100: Train Loss: 0.0010, Val Loss: 0.0007, Test Loss: 0.0007
2025-08-05 18:58:41,502 - INFO - Epoch 32/100: Train Loss: 0.0010, Val Loss: 0.0007, Test Loss: 0.0007
2025-08-05 18:58:41,661 - INFO - Epoch 33/100: Train Loss: 0.0010, Val Loss: 0.0007, Test Loss: 0.0007
2025-08-05 18:58:41,820 - INFO - Epoch 34/100: Train Loss: 0.0010, Val Loss: 0.0007, Test Loss: 0.0007
2025-08-05 18:58:41,979 - INFO - Epoch 35/100: Train Loss: 0.0010, Val Loss: 0.0007, Test Loss: 0.0007
2025-08-05 18:58:42,138 - INFO - Epoch 36/100: Train Loss: 0.0010, Val Loss: 0.0007, Test Loss: 0.0007
2025-08-05 18:58:42,297 - INFO - Epoch 37/100: Train Loss: 0.0010, Val Loss: 0.0007, Test Loss: 0.0007
2025-08-05 18:58:42,456 - INFO - Epoch 38/100: Train Loss: 0.0010, Val Loss: 0.0007, Test Loss: 0.0007
2025-08-05 18:58:42,615 - INFO - Epoch 39/100: Train Loss: 0.0010, Val Loss: 0.0007, Test Loss: 0.0007
2025-08-05 18:58:42,773 - INFO - Epoch 40/100: Train Loss: 0.0009, Val Loss: 0.0007, Test Loss: 0.0007
2025-08-05 18:58:42,932 - INFO - Epoch 41/100: Train Loss: 0.0009, Val Loss: 0.0007, Test Loss: 0.0007
2025-08-05 18:58:43,091 - INFO - Epoch 42/100: Train Loss: 0.0009, Val Loss: 0.0007, Test Loss: 0.0007
2025-08-05 18:58:43,250 - INFO - Epoch 43/100: Train Loss: 0.0009, Val Loss: 0.0007, Test Loss: 0.0007
2025-08-05 18:58:43,409 - INFO - Epoch 44/100: Train Loss: 0.0009, Val Loss: 0.0007, Test Loss: 0.0007
2025-08-05 18:58:43,568 - INFO - Epoch 45/100: Train Loss: 0.0009, Val Loss: 0.0007, Test Loss: 0.0007
2025-08-05 18:58:43,727 - INFO - Epoch 46/100: Train Loss: 0.0009, Val Loss: 0.0007, Test Loss: 0.0007
2025-08-05 18:58:43,885 - INFO - Epoch 47/100: Train Loss: 0.0009, Val Loss: 0.0007, Test Loss: 0.0007
2025-08-05 18:58:44,045 - INFO - Epoch 48/100: Train Loss: 0.0009, Val Loss: 0.0007, Test Loss: 0.0007
2025-08-05 18:58:44,203 - INFO - Epoch 49/100: Train Loss: 0.0009, Val Loss: 0.0007, Test Loss: 0.0007
2025-08-05 18:58:44,362 - INFO - Epoch 50/100: Train Loss: 0.0009, Val Loss: 0.0007, Test Loss: 0.0007
2025-08-05 18:58:44,521 - INFO - Epoch 51/100: Train Loss: 0.0009, Val Loss: 0.0006, Test Loss: 0.0007
2025-08-05 18:58:44,680 - INFO - Epoch 52/100: Train Loss: 0.0009, Val Loss: 0.0006, Test Loss: 0.0007
2025-08-05 18:58:44,839 - INFO - Epoch 53/100: Train Loss: 0.0009, Val Loss: 0.0006, Test Loss: 0.0007
2025-08-05 18:58:44,998 - INFO - Epoch 54/100: Train Loss: 0.0009, Val Loss: 0.0006, Test Loss: 0.0006
2025-08-05 18:58:45,157 - INFO - Epoch 55/100: Train Loss: 0.0009, Val Loss: 0.0006, Test Loss: 0.0006
2025-08-05 18:58:45,316 - INFO - Epoch 56/100: Train Loss: 0.0009, Val Loss: 0.0006, Test Loss: 0.0006
2025-08-05 18:58:45,475 - INFO - Epoch 57/100: Train Loss: 0.0009, Val Loss: 0.0006, Test Loss: 0.0006
2025-08-05 18:58:45,634 - INFO - Epoch 58/100: Train Loss: 0.0008, Val Loss: 0.0006, Test Loss: 0.0006
2025-08-05 18:58:45,793 - INFO - Epoch 59/100: Train Loss: 0.0008, Val Loss: 0.0006, Test Loss: 0.0006
2025-08-05 18:58:45,952 - INFO - Epoch 60/100: Train Loss: 0.0008, Val Loss: 0.0006, Test Loss: 0.0006
2025-08-05 18:58:46,111 - INFO - Epoch 61/100: Train Loss: 0.0008, Val Loss: 0.0006, Test Loss: 0.0006
2025-08-05 18:58:46,269 - INFO - Epoch 62/100: Train Loss: 0.0008, Val Loss: 0.0006, Test Loss: 0.0006
2025-08-05 18:58:46,428 - INFO - Epoch 63/100: Train Loss: 0.0008, Val Loss: 0.0006, Test Loss: 0.0006
2025-08-05 18:58:46,588 - INFO - Epoch 64/100: Train Loss: 0.0008, Val Loss: 0.0006, Test Loss: 0.0006
2025-08-05 18:58:46,746 - INFO - Epoch 65/100: Train Loss: 0.0008, Val Loss: 0.0006, Test Loss: 0.0006
2025-08-05 18:58:46,905 - INFO - Epoch 66/100: Train Loss: 0.0008, Val Loss: 0.0006, Test Loss: 0.0006
2025-08-05 18:58:47,064 - INFO - Epoch 67/100: Train Loss: 0.0008, Val Loss: 0.0006, Test Loss: 0.0006
2025-08-05 18:58:47,223 - INFO - Epoch 68/100: Train Loss: 0.0008, Val Loss: 0.0006, Test Loss: 0.0006
2025-08-05 18:58:47,382 - INFO - Epoch 69/100: Train Loss: 0.0008, Val Loss: 0.0006, Test Loss: 0.0006
2025-08-05 18:58:47,541 - INFO - Epoch 70/100: Train Loss: 0.0008, Val Loss: 0.0006, Test Loss: 0.0006
2025-08-05 18:58:47,700 - INFO - Epoch 71/100: Train Loss: 0.0008, Val Loss: 0.0006, Test Loss: 0.0006
2025-08-05 18:58:47,859 - INFO - Epoch 72/100: Train Loss: 0.0008, Val Loss: 0.0006, Test Loss: 0.0006
2025-08-05 18:58:48,018 - INFO - Epoch 73/100: Train Loss: 0.0008, Val Loss: 0.0006, Test Loss: 0.0006
2025-08-05 18:58:48,176 - INFO - Epoch 74/100: Train Loss: 0.0008, Val Loss: 0.0006, Test Loss: 0.0006
2025-08-05 18:58:48,335 - INFO - Epoch 75/100: Train Loss: 0.0008, Val Loss: 0.0006, Test Loss: 0.0006
2025-08-05 18:58:48,494 - INFO - Epoch 76/100: Train Loss: 0.0008, Val Loss: 0.0006, Test Loss: 0.0006
2025-08-05 18:58:48,653 - INFO - Epoch 77/100: Train Loss: 0.0008, Val Loss: 0.0006, Test Loss: 0.0006
2025-08-05 18:58:48,812 - INFO - Epoch 78/100: Train Loss: 0.0008, Val Loss: 0.0006, Test Loss: 0.0006
2025-08-05 18:58:48,971 - INFO - Epoch 79/100: Train Loss: 0.0008, Val Loss: 0.0005, Test Loss: 0.0006
2025-08-05 18:58:49,130 - INFO - Epoch 80/100: Train Loss: 0.0008, Val Loss: 0.0005, Test Loss: 0.0006
2025-08-05 18:58:49,289 - INFO - Epoch 81/100: Train Loss: 0.0008, Val Loss: 0.0005, Test Loss: 0.0006
2025-08-05 18:58:49,448 - INFO - Epoch 82/100: Train Loss: 0.0008, Val Loss: 0.0005, Test Loss: 0.0006
2025-08-05 18:58:49,607 - INFO - Epoch 83/100: Train Loss: 0.0007, Val Loss: 0.0005, Test Loss: 0.0006
2025-08-05 18:58:49,766 - INFO - Epoch 84/100: Train Loss: 0.0007, Val Loss: 0.0005, Test Loss: 0.0006
2025-08-05 18:58:49,924 - INFO - Epoch 85/100: Train Loss: 0.0007, Val Loss: 0.0005, Test Loss: 0.0005
2025-08-05 18:58:50,083 - INFO - Epoch 86/100: Train Loss: 0.0007, Val Loss: 0.0005, Test Loss: 0.0005
2025-08-05 18:58:50,242 - INFO - Epoch 87/100: Train Loss: 0.0007, Val Loss: 0.0005, Test Loss: 0.0005
2025-08-05 18:58:50,401 - INFO - Epoch 88/100: Train Loss: 0.0007, Val Loss: 0.0005, Test Loss: 0.0005
2025-08-05 18:58:50,561 - INFO - Epoch 89/100: Train Loss: 0.0007, Val Loss: 0.0005, Test Loss: 0.0005
2025-08-05 18:58:50,720 - INFO - Epoch 90/100: Train Loss: 0.0007, Val Loss: 0.0005, Test Loss: 0.0005
2025-08-05 18:58:50,878 - INFO - Epoch 91/100: Train Loss: 0.0007, Val Loss: 0.0005, Test Loss: 0.0005
2025-08-05 18:58:51,037 - INFO - Epoch 92/100: Train Loss: 0.0007, Val Loss: 0.0005, Test Loss: 0.0005
2025-08-05 18:58:51,196 - INFO - Epoch 93/100: Train Loss: 0.0007, Val Loss: 0.0005, Test Loss: 0.0005
2025-08-05 18:58:51,355 - INFO - Epoch 94/100: Train Loss: 0.0007, Val Loss: 0.0005, Test Loss: 0.0005
2025-08-05 18:58:51,514 - INFO - Epoch 95/100: Train Loss: 0.0007, Val Loss: 0.0005, Test Loss: 0.0005
2025-08-05 18:58:51,673 - INFO - Epoch 96/100: Train Loss: 0.0007, Val Loss: 0.0005, Test Loss: 0.0005
2025-08-05 18:58:51,832 - INFO - Epoch 97/100: Train Loss: 0.0007, Val Loss: 0.0005, Test Loss: 0.0005
2025-08-05 18:58:51,991 - INFO - Epoch 98/100: Train Loss: 0.0007, Val Loss: 0.0005, Test Loss: 0.0005
2025-08-05 18:58:52,150 - INFO - Epoch 99/100: Train Loss: 0.0007, Val Loss: 0.0005, Test Loss: 0.0005
2025-08-05 18:58:52,309 - INFO - Epoch 100/100: Train Loss: 0.0007, Val Loss: 0.0005, Test Loss: 0.0005
2025-08-05 18:58:52,309 - INFO - Initialized lightgbm model
2025-08-05 18:58:52,309 - INFO - Initialized TabGNN tabular model with lightgbm base model
/u/mbanisharifdehkordi/.conda/envs/gnn4_env/lib/python3.9/site-packages/sklearn/utils/deprecation.py:151: FutureWarning: 'force_all_finite' was renamed to 'ensure_all_finite' in 1.6 and will be removed in 1.8.
  warnings.warn(
2025-08-05 18:58:59,671 - INFO - LightGBM model fitted with 109 features
2025-08-05 18:58:59,671 - INFO - TabGNN tabular model fitted with 109 features
/u/mbanisharifdehkordi/.conda/envs/gnn4_env/lib/python3.9/site-packages/sklearn/utils/deprecation.py:151: FutureWarning: 'force_all_finite' was renamed to 'ensure_all_finite' in 1.6 and will be removed in 1.8.
  warnings.warn(
2025-08-05 18:58:59,888 - INFO - Evaluation metrics: {'mse': 5.1086360683941805e-05, 'rmse': 0.007147472328308925, 'mae': 0.0038578239685743885, 'r2': 0.9787448648668969}
2025-08-05 18:58:59,892 - INFO - Final metrics: {'mse': 5.1086360683941805e-05, 'rmse': 0.007147472328308925, 'mae': 0.0038578239685743885, 'r2': 0.9787448648668969}
2025-08-05 18:58:59,892 - INFO - Model and results saved to logs/training/all/Experiment11/combined
2025-08-05 18:58:59,897 - INFO - Model checkpoint saved to logs/training/all/Experiment11/combined/tabgnn_part.pt
2025-08-05 18:58:59,917 - INFO - Model saved to logs/training/all/Experiment11/combined/tabular_part.joblib
2025-08-05 18:58:59,917 - INFO - TabGNN tabular model saved to logs/training/all/Experiment11/combined/tabgnn_part.pt and logs/training/all/Experiment11/combined/tabular_part.joblib
2025-08-05 18:59:01,780 - INFO - Loaded metrics for catboost: {'mse': 0.00011812680738033972, 'rmse': 0.010868615706719036, 'mae': 0.005651529015162931, 'r2': 0.9504140944041799}
2025-08-05 18:59:01,780 - INFO - Loaded metrics for combined: {'mse': 5.1086360683941805e-05, 'rmse': 0.007147472328308925, 'mae': 0.0038578239685743885, 'r2': 0.9787448648668969}
2025-08-05 18:59:01,781 - INFO - Loaded metrics for lightgbm: {'mse': 0.00010251345309648706, 'rmse': 0.010124892744937452, 'mae': 0.005038886044565489, 'r2': 0.956968087767096}
2025-08-05 18:59:01,782 - INFO - Loaded metrics for mlp: {'mse': 0.00016342374146915972, 'rmse': 0.012783729560232403, 'mae': 0.006873586215078831, 'r2': 0.9313998818397522}
2025-08-05 18:59:01,783 - INFO - Loaded metrics for tabgnn: {'mse': 0.0005023343255743384, 'rmse': 0.02241281610093516, 'mae': 0.013538459315896034, 'r2': 0.7891359329223633}
2025-08-05 18:59:01,785 - INFO - Loaded metrics for tabnet: {'mse': 0.0007138645160011947, 'rmse': 0.02671824313088708, 'mae': 0.020810380578041077, 'r2': 0.7003421783447266}
2025-08-05 18:59:01,785 - INFO - Loaded metrics for xgboost: {'mse': 9.786496229935437e-05, 'rmse': 0.009892672151615779, 'mae': 0.0048816814087331295, 'r2': 0.9589194059371948}
2025-08-05 18:59:01,815 - INFO - Comparison report saved to logs/training/comparison_report_Experiment11.json
2025-08-05 18:59:01,815 - INFO - Markdown summary saved to logs/training/comparison_report_Experiment11.md
2025-08-05 18:59:01,932 - INFO - Saved RMSE plot to logs/training/model_comparison_Experiment11_rmse.png
2025-08-05 18:59:02,027 - INFO - Saved MAE plot to logs/training/model_comparison_Experiment11_mae.png
2025-08-05 18:59:02,114 - INFO - Saved R2 plot to logs/training/model_comparison_Experiment11_r2.png
2025-08-05 18:59:02,114 - INFO - Best model: combined
2025-08-05 18:59:02,114 - INFO - Best metrics: {'mse': 5.1086360683941805e-05, 'rmse': 0.007147472328308925, 'mae': 0.0038578239685743885, 'r2': 0.9787448648668969, 'improvement': 29.406932909163576}
