2025-08-06 01:16:48,469 - INFO - Parsed arguments:
{
    "data_path": "data/100K/sample_100K.csv",
    "output_dir": "logs/training/all/Experiment10/tabgnn",
    "target_column": "tag",
    "important_features": null,
    "similarity_threshold": 0.05,
    "model_type": "tabgnn",
    "gnn_type": "gcn",
    "hidden_dim": 64,
    "num_layers": 2,
    "dropout": 0.1,
    "batch_size": 32,
    "epochs": 100,
    "lr": 0.001,
    "weight_decay": 0.0001,
    "patience": 10,
    "seed": 42,
    "device": "cuda",
    "precomputed_similarity_path": "data/100K/similarity_output_merged_100K.pt"
}
2025-08-06 01:16:48,484 - INFO - Using device: cuda
2025-08-06 01:16:48,485 - INFO - Initialized I/O data processor for data/100K/sample_100K.csv
2025-08-06 01:16:48,485 - INFO - Loading data from data/100K/sample_100K.csv
2025-08-06 01:16:48,880 - INFO - Loaded data with shape (100000, 46)
2025-08-06 01:16:48,880 - INFO - Preprocessing data
2025-08-06 01:16:48,880 - INFO - Initialized feature similarity graph constructor for nprocs
2025-08-06 01:16:48,880 - INFO - Initialized feature similarity graph constructor for POSIX_OPENS
2025-08-06 01:16:48,880 - INFO - Initialized feature similarity graph constructor for LUSTRE_STRIPE_SIZE
2025-08-06 01:16:48,880 - INFO - Initialized feature similarity graph constructor for LUSTRE_STRIPE_WIDTH
2025-08-06 01:16:48,880 - INFO - Initialized feature similarity graph constructor for POSIX_FILENOS
2025-08-06 01:16:48,880 - INFO - Initialized feature similarity graph constructor for POSIX_MEM_ALIGNMENT
2025-08-06 01:16:48,880 - INFO - Initialized feature similarity graph constructor for POSIX_FILE_ALIGNMENT
2025-08-06 01:16:48,880 - INFO - Initialized feature similarity graph constructor for POSIX_READS
2025-08-06 01:16:48,880 - INFO - Initialized feature similarity graph constructor for POSIX_WRITES
2025-08-06 01:16:48,880 - INFO - Initialized feature similarity graph constructor for POSIX_SEEKS
2025-08-06 01:16:48,880 - INFO - Initialized feature similarity graph constructor for POSIX_STATS
2025-08-06 01:16:48,880 - INFO - Initialized feature similarity graph constructor for POSIX_BYTES_READ
2025-08-06 01:16:48,880 - INFO - Initialized feature similarity graph constructor for POSIX_BYTES_WRITTEN
2025-08-06 01:16:48,880 - INFO - Initialized feature similarity graph constructor for POSIX_CONSEC_READS
2025-08-06 01:16:48,880 - INFO - Initialized feature similarity graph constructor for POSIX_CONSEC_WRITES
2025-08-06 01:16:48,880 - INFO - Initialized feature similarity graph constructor for POSIX_SEQ_READS
2025-08-06 01:16:48,880 - INFO - Initialized feature similarity graph constructor for POSIX_SEQ_WRITES
2025-08-06 01:16:48,880 - INFO - Initialized feature similarity graph constructor for POSIX_RW_SWITCHES
2025-08-06 01:16:48,881 - INFO - Initialized feature similarity graph constructor for POSIX_MEM_NOT_ALIGNED
2025-08-06 01:16:48,881 - INFO - Initialized feature similarity graph constructor for POSIX_FILE_NOT_ALIGNED
2025-08-06 01:16:48,881 - INFO - Initialized feature similarity graph constructor for POSIX_SIZE_READ_0_100
2025-08-06 01:16:48,881 - INFO - Initialized feature similarity graph constructor for POSIX_SIZE_READ_100_1K
2025-08-06 01:16:48,881 - INFO - Initialized feature similarity graph constructor for POSIX_SIZE_READ_1K_10K
2025-08-06 01:16:48,881 - INFO - Initialized feature similarity graph constructor for POSIX_SIZE_READ_100K_1M
2025-08-06 01:16:48,881 - INFO - Initialized feature similarity graph constructor for POSIX_SIZE_WRITE_0_100
2025-08-06 01:16:48,881 - INFO - Initialized feature similarity graph constructor for POSIX_SIZE_WRITE_100_1K
2025-08-06 01:16:48,881 - INFO - Initialized feature similarity graph constructor for POSIX_SIZE_WRITE_1K_10K
2025-08-06 01:16:48,881 - INFO - Initialized feature similarity graph constructor for POSIX_SIZE_WRITE_10K_100K
2025-08-06 01:16:48,881 - INFO - Initialized feature similarity graph constructor for POSIX_SIZE_WRITE_100K_1M
2025-08-06 01:16:48,881 - INFO - Initialized feature similarity graph constructor for POSIX_STRIDE1_STRIDE
2025-08-06 01:16:48,881 - INFO - Initialized feature similarity graph constructor for POSIX_STRIDE2_STRIDE
2025-08-06 01:16:48,881 - INFO - Initialized feature similarity graph constructor for POSIX_STRIDE3_STRIDE
2025-08-06 01:16:48,881 - INFO - Initialized feature similarity graph constructor for POSIX_STRIDE4_STRIDE
2025-08-06 01:16:48,881 - INFO - Initialized feature similarity graph constructor for POSIX_STRIDE1_COUNT
2025-08-06 01:16:48,881 - INFO - Initialized feature similarity graph constructor for POSIX_STRIDE2_COUNT
2025-08-06 01:16:48,881 - INFO - Initialized feature similarity graph constructor for POSIX_STRIDE3_COUNT
2025-08-06 01:16:48,881 - INFO - Initialized feature similarity graph constructor for POSIX_STRIDE4_COUNT
2025-08-06 01:16:48,881 - INFO - Initialized feature similarity graph constructor for POSIX_ACCESS1_ACCESS
2025-08-06 01:16:48,881 - INFO - Initialized feature similarity graph constructor for POSIX_ACCESS2_ACCESS
2025-08-06 01:16:48,881 - INFO - Initialized feature similarity graph constructor for POSIX_ACCESS3_ACCESS
2025-08-06 01:16:48,881 - INFO - Initialized feature similarity graph constructor for POSIX_ACCESS4_ACCESS
2025-08-06 01:16:48,881 - INFO - Initialized feature similarity graph constructor for POSIX_ACCESS1_COUNT
2025-08-06 01:16:48,881 - INFO - Initialized feature similarity graph constructor for POSIX_ACCESS2_COUNT
2025-08-06 01:16:48,881 - INFO - Initialized feature similarity graph constructor for POSIX_ACCESS3_COUNT
2025-08-06 01:16:48,881 - INFO - Initialized feature similarity graph constructor for POSIX_ACCESS4_COUNT
2025-08-06 01:16:48,881 - INFO - Initialized multiplex graph constructor for 45 features
2025-08-06 01:16:48,881 - INFO - Creating combined PyG data
2025-08-06 01:16:48,881 - INFO - Loading precomputed similarity from data/100K/similarity_output_merged_100K.pt
2025-08-06 01:18:17,231 - INFO - Splitting data into train, validation, and test sets
2025-08-06 01:18:17,409 - INFO - Train: 69999, Val: 15001, Test: 15000
2025-08-06 01:18:17,413 - INFO - Saving processed data to logs/training/all/Experiment10/tabgnn/processed_data
2025-08-06 01:18:19,975 - INFO - Constructing multiplex graphs
2025-08-06 01:18:19,976 - INFO - Loading precomputed similarity from data/100K/similarity_output_merged_100K.pt
2025-08-06 01:19:03,293 - INFO - Creating combined PyG data
2025-08-06 01:19:03,293 - INFO - Loading precomputed similarity from data/100K/similarity_output_merged_100K.pt
2025-08-06 01:20:23,522 - INFO - Saved processed data to logs/training/all/Experiment10/tabgnn/processed_data
2025-08-06 01:20:23,920 - INFO - Initialized GCN model with 2 layers
2025-08-06 01:20:23,920 - INFO - Initialized TabGNN regressor with 1 graph types
2025-08-06 01:20:24,840 - INFO - Epoch 1/100: Train Loss: 0.0171, Val Loss: 0.0083, Test Loss: 0.0078
2025-08-06 01:20:25,161 - INFO - Epoch 2/100: Train Loss: 0.0085, Val Loss: 0.0051, Test Loss: 0.0050
2025-08-06 01:20:25,465 - INFO - Epoch 3/100: Train Loss: 0.0054, Val Loss: 0.0043, Test Loss: 0.0043
2025-08-06 01:20:25,770 - INFO - Epoch 4/100: Train Loss: 0.0047, Val Loss: 0.0041, Test Loss: 0.0040
2025-08-06 01:20:26,075 - INFO - Epoch 5/100: Train Loss: 0.0043, Val Loss: 0.0033, Test Loss: 0.0033
2025-08-06 01:20:26,380 - INFO - Epoch 6/100: Train Loss: 0.0036, Val Loss: 0.0026, Test Loss: 0.0027
2025-08-06 01:20:26,684 - INFO - Epoch 7/100: Train Loss: 0.0031, Val Loss: 0.0024, Test Loss: 0.0024
2025-08-06 01:20:26,988 - INFO - Epoch 8/100: Train Loss: 0.0029, Val Loss: 0.0024, Test Loss: 0.0023
2025-08-06 01:20:27,293 - INFO - Epoch 9/100: Train Loss: 0.0030, Val Loss: 0.0021, Test Loss: 0.0021
2025-08-06 01:20:27,597 - INFO - Epoch 10/100: Train Loss: 0.0027, Val Loss: 0.0017, Test Loss: 0.0017
2025-08-06 01:20:27,901 - INFO - Epoch 11/100: Train Loss: 0.0023, Val Loss: 0.0015, Test Loss: 0.0016
2025-08-06 01:20:28,206 - INFO - Epoch 12/100: Train Loss: 0.0020, Val Loss: 0.0015, Test Loss: 0.0015
2025-08-06 01:20:28,510 - INFO - Epoch 13/100: Train Loss: 0.0018, Val Loss: 0.0015, Test Loss: 0.0015
2025-08-06 01:20:28,813 - INFO - Epoch 14/100: Train Loss: 0.0018, Val Loss: 0.0014, Test Loss: 0.0013
2025-08-06 01:20:29,118 - INFO - Epoch 15/100: Train Loss: 0.0016, Val Loss: 0.0011, Test Loss: 0.0011
2025-08-06 01:20:29,422 - INFO - Epoch 16/100: Train Loss: 0.0014, Val Loss: 0.0009, Test Loss: 0.0009
2025-08-06 01:20:29,726 - INFO - Epoch 17/100: Train Loss: 0.0013, Val Loss: 0.0008, Test Loss: 0.0008
2025-08-06 01:20:30,030 - INFO - Epoch 18/100: Train Loss: 0.0013, Val Loss: 0.0009, Test Loss: 0.0009
2025-08-06 01:20:30,335 - INFO - Epoch 19/100: Train Loss: 0.0013, Val Loss: 0.0009, Test Loss: 0.0009
2025-08-06 01:20:30,639 - INFO - Epoch 20/100: Train Loss: 0.0013, Val Loss: 0.0009, Test Loss: 0.0009
2025-08-06 01:20:30,944 - INFO - Epoch 21/100: Train Loss: 0.0013, Val Loss: 0.0009, Test Loss: 0.0009
2025-08-06 01:20:31,249 - INFO - Epoch 22/100: Train Loss: 0.0013, Val Loss: 0.0009, Test Loss: 0.0009
2025-08-06 01:20:31,553 - INFO - Epoch 23/100: Train Loss: 0.0013, Val Loss: 0.0009, Test Loss: 0.0009
2025-08-06 01:20:31,857 - INFO - Epoch 24/100: Train Loss: 0.0012, Val Loss: 0.0009, Test Loss: 0.0009
2025-08-06 01:20:32,162 - INFO - Epoch 25/100: Train Loss: 0.0012, Val Loss: 0.0009, Test Loss: 0.0009
2025-08-06 01:20:32,466 - INFO - Epoch 26/100: Train Loss: 0.0012, Val Loss: 0.0009, Test Loss: 0.0009
2025-08-06 01:20:32,770 - INFO - Epoch 27/100: Train Loss: 0.0011, Val Loss: 0.0009, Test Loss: 0.0009
2025-08-06 01:20:32,770 - INFO - Early stopping at epoch 27
2025-08-06 01:20:32,775 - INFO - Model checkpoint saved to logs/training/all/Experiment10/tabgnn/tabgnn_model.pt
2025-08-06 01:20:33,070 - INFO - Final metrics: {'mse': 0.0008636033162474632, 'rmse': 0.02938712841104866, 'mae': 0.01873527094721794, 'r2': 0.6374865770339966}
2025-08-06 01:20:33,070 - INFO - Model and results saved to logs/training/all/Experiment10/tabgnn
2025-08-06 01:20:38,674 - INFO - Parsed arguments:
{
    "data_path": "data/100K/sample_100K.csv",
    "output_dir": "logs/training/all/Experiment10/lightgbm",
    "target_column": "tag",
    "important_features": null,
    "similarity_threshold": 0.05,
    "model_type": "lightgbm",
    "gnn_type": "gcn",
    "hidden_dim": 64,
    "num_layers": 2,
    "dropout": 0.1,
    "batch_size": 32,
    "epochs": 100,
    "lr": 0.001,
    "weight_decay": 0.0001,
    "patience": 10,
    "seed": 42,
    "device": "cuda",
    "precomputed_similarity_path": "data/100K/similarity_output_merged_100K.pt"
}
2025-08-06 01:20:38,681 - INFO - Using device: cuda
2025-08-06 01:20:38,681 - INFO - Initialized I/O data processor for data/100K/sample_100K.csv
2025-08-06 01:20:38,681 - INFO - Loading data from data/100K/sample_100K.csv
2025-08-06 01:20:39,024 - INFO - Loaded data with shape (100000, 46)
2025-08-06 01:20:39,024 - INFO - Preprocessing data
2025-08-06 01:20:39,024 - INFO - Initialized feature similarity graph constructor for nprocs
2025-08-06 01:20:39,024 - INFO - Initialized feature similarity graph constructor for POSIX_OPENS
2025-08-06 01:20:39,024 - INFO - Initialized feature similarity graph constructor for LUSTRE_STRIPE_SIZE
2025-08-06 01:20:39,024 - INFO - Initialized feature similarity graph constructor for LUSTRE_STRIPE_WIDTH
2025-08-06 01:20:39,024 - INFO - Initialized feature similarity graph constructor for POSIX_FILENOS
2025-08-06 01:20:39,024 - INFO - Initialized feature similarity graph constructor for POSIX_MEM_ALIGNMENT
2025-08-06 01:20:39,024 - INFO - Initialized feature similarity graph constructor for POSIX_FILE_ALIGNMENT
2025-08-06 01:20:39,024 - INFO - Initialized feature similarity graph constructor for POSIX_READS
2025-08-06 01:20:39,024 - INFO - Initialized feature similarity graph constructor for POSIX_WRITES
2025-08-06 01:20:39,024 - INFO - Initialized feature similarity graph constructor for POSIX_SEEKS
2025-08-06 01:20:39,024 - INFO - Initialized feature similarity graph constructor for POSIX_STATS
2025-08-06 01:20:39,024 - INFO - Initialized feature similarity graph constructor for POSIX_BYTES_READ
2025-08-06 01:20:39,024 - INFO - Initialized feature similarity graph constructor for POSIX_BYTES_WRITTEN
2025-08-06 01:20:39,024 - INFO - Initialized feature similarity graph constructor for POSIX_CONSEC_READS
2025-08-06 01:20:39,024 - INFO - Initialized feature similarity graph constructor for POSIX_CONSEC_WRITES
2025-08-06 01:20:39,025 - INFO - Initialized feature similarity graph constructor for POSIX_SEQ_READS
2025-08-06 01:20:39,025 - INFO - Initialized feature similarity graph constructor for POSIX_SEQ_WRITES
2025-08-06 01:20:39,025 - INFO - Initialized feature similarity graph constructor for POSIX_RW_SWITCHES
2025-08-06 01:20:39,025 - INFO - Initialized feature similarity graph constructor for POSIX_MEM_NOT_ALIGNED
2025-08-06 01:20:39,025 - INFO - Initialized feature similarity graph constructor for POSIX_FILE_NOT_ALIGNED
2025-08-06 01:20:39,025 - INFO - Initialized feature similarity graph constructor for POSIX_SIZE_READ_0_100
2025-08-06 01:20:39,025 - INFO - Initialized feature similarity graph constructor for POSIX_SIZE_READ_100_1K
2025-08-06 01:20:39,025 - INFO - Initialized feature similarity graph constructor for POSIX_SIZE_READ_1K_10K
2025-08-06 01:20:39,025 - INFO - Initialized feature similarity graph constructor for POSIX_SIZE_READ_100K_1M
2025-08-06 01:20:39,025 - INFO - Initialized feature similarity graph constructor for POSIX_SIZE_WRITE_0_100
2025-08-06 01:20:39,025 - INFO - Initialized feature similarity graph constructor for POSIX_SIZE_WRITE_100_1K
2025-08-06 01:20:39,025 - INFO - Initialized feature similarity graph constructor for POSIX_SIZE_WRITE_1K_10K
2025-08-06 01:20:39,025 - INFO - Initialized feature similarity graph constructor for POSIX_SIZE_WRITE_10K_100K
2025-08-06 01:20:39,025 - INFO - Initialized feature similarity graph constructor for POSIX_SIZE_WRITE_100K_1M
2025-08-06 01:20:39,025 - INFO - Initialized feature similarity graph constructor for POSIX_STRIDE1_STRIDE
2025-08-06 01:20:39,025 - INFO - Initialized feature similarity graph constructor for POSIX_STRIDE2_STRIDE
2025-08-06 01:20:39,025 - INFO - Initialized feature similarity graph constructor for POSIX_STRIDE3_STRIDE
2025-08-06 01:20:39,025 - INFO - Initialized feature similarity graph constructor for POSIX_STRIDE4_STRIDE
2025-08-06 01:20:39,025 - INFO - Initialized feature similarity graph constructor for POSIX_STRIDE1_COUNT
2025-08-06 01:20:39,025 - INFO - Initialized feature similarity graph constructor for POSIX_STRIDE2_COUNT
2025-08-06 01:20:39,025 - INFO - Initialized feature similarity graph constructor for POSIX_STRIDE3_COUNT
2025-08-06 01:20:39,025 - INFO - Initialized feature similarity graph constructor for POSIX_STRIDE4_COUNT
2025-08-06 01:20:39,025 - INFO - Initialized feature similarity graph constructor for POSIX_ACCESS1_ACCESS
2025-08-06 01:20:39,025 - INFO - Initialized feature similarity graph constructor for POSIX_ACCESS2_ACCESS
2025-08-06 01:20:39,025 - INFO - Initialized feature similarity graph constructor for POSIX_ACCESS3_ACCESS
2025-08-06 01:20:39,025 - INFO - Initialized feature similarity graph constructor for POSIX_ACCESS4_ACCESS
2025-08-06 01:20:39,025 - INFO - Initialized feature similarity graph constructor for POSIX_ACCESS1_COUNT
2025-08-06 01:20:39,025 - INFO - Initialized feature similarity graph constructor for POSIX_ACCESS2_COUNT
2025-08-06 01:20:39,025 - INFO - Initialized feature similarity graph constructor for POSIX_ACCESS3_COUNT
2025-08-06 01:20:39,025 - INFO - Initialized feature similarity graph constructor for POSIX_ACCESS4_COUNT
2025-08-06 01:20:39,025 - INFO - Initialized multiplex graph constructor for 45 features
2025-08-06 01:20:39,025 - INFO - Creating combined PyG data
2025-08-06 01:20:39,025 - INFO - Loading precomputed similarity from data/100K/similarity_output_merged_100K.pt
2025-08-06 01:22:13,387 - INFO - Splitting data into train, validation, and test sets
2025-08-06 01:22:13,540 - INFO - Train: 69999, Val: 15001, Test: 15000
2025-08-06 01:22:13,544 - INFO - Saving processed data to logs/training/all/Experiment10/lightgbm/processed_data
2025-08-06 01:22:16,067 - INFO - Constructing multiplex graphs
2025-08-06 01:22:16,068 - INFO - Loading precomputed similarity from data/100K/similarity_output_merged_100K.pt
2025-08-06 01:23:00,029 - INFO - Creating combined PyG data
2025-08-06 01:23:00,029 - INFO - Loading precomputed similarity from data/100K/similarity_output_merged_100K.pt
2025-08-06 01:24:24,720 - INFO - Saved processed data to logs/training/all/Experiment10/lightgbm/processed_data
2025-08-06 01:24:24,731 - INFO - Initialized lightgbm model
/u/mbanisharifdehkordi/.conda/envs/gnn4_env/lib/python3.9/site-packages/sklearn/utils/deprecation.py:151: FutureWarning: 'force_all_finite' was renamed to 'ensure_all_finite' in 1.6 and will be removed in 1.8.
  warnings.warn(
2025-08-06 01:24:29,335 - INFO - LightGBM model fitted with 45 features
Traceback (most recent call last):
  File "/u/mbanisharifdehkordi/Github/GNN_4_IO_4/scripts/train.py", line 537, in <module>
    main()
  File "/u/mbanisharifdehkordi/Github/GNN_4_IO_4/scripts/train.py", line 519, in main
    model, metrics = train_tabular_model(data, args, args.model_type)
  File "/u/mbanisharifdehkordi/Github/GNN_4_IO_4/scripts/train.py", line 308, in train_tabular_model
    metrics = model.evaluate(X_test, y_test)
TypeError: evaluate() missing 1 required positional argument: 'y'
2025-08-06 01:24:34,337 - INFO - Parsed arguments:
{
    "data_path": "data/100K/sample_100K.csv",
    "output_dir": "logs/training/all/Experiment10/catboost",
    "target_column": "tag",
    "important_features": null,
    "similarity_threshold": 0.05,
    "model_type": "catboost",
    "gnn_type": "gcn",
    "hidden_dim": 64,
    "num_layers": 2,
    "dropout": 0.1,
    "batch_size": 32,
    "epochs": 100,
    "lr": 0.001,
    "weight_decay": 0.0001,
    "patience": 10,
    "seed": 42,
    "device": "cuda",
    "precomputed_similarity_path": "data/100K/similarity_output_merged_100K.pt"
}
2025-08-06 01:24:34,343 - INFO - Using device: cuda
2025-08-06 01:24:34,343 - INFO - Initialized I/O data processor for data/100K/sample_100K.csv
2025-08-06 01:24:34,343 - INFO - Loading data from data/100K/sample_100K.csv
2025-08-06 01:24:34,685 - INFO - Loaded data with shape (100000, 46)
2025-08-06 01:24:34,685 - INFO - Preprocessing data
2025-08-06 01:24:34,685 - INFO - Initialized feature similarity graph constructor for nprocs
2025-08-06 01:24:34,685 - INFO - Initialized feature similarity graph constructor for POSIX_OPENS
2025-08-06 01:24:34,685 - INFO - Initialized feature similarity graph constructor for LUSTRE_STRIPE_SIZE
2025-08-06 01:24:34,685 - INFO - Initialized feature similarity graph constructor for LUSTRE_STRIPE_WIDTH
2025-08-06 01:24:34,685 - INFO - Initialized feature similarity graph constructor for POSIX_FILENOS
2025-08-06 01:24:34,685 - INFO - Initialized feature similarity graph constructor for POSIX_MEM_ALIGNMENT
2025-08-06 01:24:34,685 - INFO - Initialized feature similarity graph constructor for POSIX_FILE_ALIGNMENT
2025-08-06 01:24:34,685 - INFO - Initialized feature similarity graph constructor for POSIX_READS
2025-08-06 01:24:34,685 - INFO - Initialized feature similarity graph constructor for POSIX_WRITES
2025-08-06 01:24:34,685 - INFO - Initialized feature similarity graph constructor for POSIX_SEEKS
2025-08-06 01:24:34,685 - INFO - Initialized feature similarity graph constructor for POSIX_STATS
2025-08-06 01:24:34,685 - INFO - Initialized feature similarity graph constructor for POSIX_BYTES_READ
2025-08-06 01:24:34,685 - INFO - Initialized feature similarity graph constructor for POSIX_BYTES_WRITTEN
2025-08-06 01:24:34,685 - INFO - Initialized feature similarity graph constructor for POSIX_CONSEC_READS
2025-08-06 01:24:34,685 - INFO - Initialized feature similarity graph constructor for POSIX_CONSEC_WRITES
2025-08-06 01:24:34,685 - INFO - Initialized feature similarity graph constructor for POSIX_SEQ_READS
2025-08-06 01:24:34,685 - INFO - Initialized feature similarity graph constructor for POSIX_SEQ_WRITES
2025-08-06 01:24:34,685 - INFO - Initialized feature similarity graph constructor for POSIX_RW_SWITCHES
2025-08-06 01:24:34,685 - INFO - Initialized feature similarity graph constructor for POSIX_MEM_NOT_ALIGNED
2025-08-06 01:24:34,685 - INFO - Initialized feature similarity graph constructor for POSIX_FILE_NOT_ALIGNED
2025-08-06 01:24:34,685 - INFO - Initialized feature similarity graph constructor for POSIX_SIZE_READ_0_100
2025-08-06 01:24:34,685 - INFO - Initialized feature similarity graph constructor for POSIX_SIZE_READ_100_1K
2025-08-06 01:24:34,685 - INFO - Initialized feature similarity graph constructor for POSIX_SIZE_READ_1K_10K
2025-08-06 01:24:34,685 - INFO - Initialized feature similarity graph constructor for POSIX_SIZE_READ_100K_1M
2025-08-06 01:24:34,685 - INFO - Initialized feature similarity graph constructor for POSIX_SIZE_WRITE_0_100
2025-08-06 01:24:34,685 - INFO - Initialized feature similarity graph constructor for POSIX_SIZE_WRITE_100_1K
2025-08-06 01:24:34,686 - INFO - Initialized feature similarity graph constructor for POSIX_SIZE_WRITE_1K_10K
2025-08-06 01:24:34,686 - INFO - Initialized feature similarity graph constructor for POSIX_SIZE_WRITE_10K_100K
2025-08-06 01:24:34,686 - INFO - Initialized feature similarity graph constructor for POSIX_SIZE_WRITE_100K_1M
2025-08-06 01:24:34,686 - INFO - Initialized feature similarity graph constructor for POSIX_STRIDE1_STRIDE
2025-08-06 01:24:34,686 - INFO - Initialized feature similarity graph constructor for POSIX_STRIDE2_STRIDE
2025-08-06 01:24:34,686 - INFO - Initialized feature similarity graph constructor for POSIX_STRIDE3_STRIDE
2025-08-06 01:24:34,686 - INFO - Initialized feature similarity graph constructor for POSIX_STRIDE4_STRIDE
2025-08-06 01:24:34,686 - INFO - Initialized feature similarity graph constructor for POSIX_STRIDE1_COUNT
2025-08-06 01:24:34,686 - INFO - Initialized feature similarity graph constructor for POSIX_STRIDE2_COUNT
2025-08-06 01:24:34,686 - INFO - Initialized feature similarity graph constructor for POSIX_STRIDE3_COUNT
2025-08-06 01:24:34,686 - INFO - Initialized feature similarity graph constructor for POSIX_STRIDE4_COUNT
2025-08-06 01:24:34,686 - INFO - Initialized feature similarity graph constructor for POSIX_ACCESS1_ACCESS
2025-08-06 01:24:34,686 - INFO - Initialized feature similarity graph constructor for POSIX_ACCESS2_ACCESS
2025-08-06 01:24:34,686 - INFO - Initialized feature similarity graph constructor for POSIX_ACCESS3_ACCESS
2025-08-06 01:24:34,686 - INFO - Initialized feature similarity graph constructor for POSIX_ACCESS4_ACCESS
2025-08-06 01:24:34,686 - INFO - Initialized feature similarity graph constructor for POSIX_ACCESS1_COUNT
2025-08-06 01:24:34,686 - INFO - Initialized feature similarity graph constructor for POSIX_ACCESS2_COUNT
2025-08-06 01:24:34,686 - INFO - Initialized feature similarity graph constructor for POSIX_ACCESS3_COUNT
2025-08-06 01:24:34,686 - INFO - Initialized feature similarity graph constructor for POSIX_ACCESS4_COUNT
2025-08-06 01:24:34,686 - INFO - Initialized multiplex graph constructor for 45 features
2025-08-06 01:24:34,686 - INFO - Creating combined PyG data
2025-08-06 01:24:34,686 - INFO - Loading precomputed similarity from data/100K/similarity_output_merged_100K.pt
2025-08-06 01:26:03,172 - INFO - Splitting data into train, validation, and test sets
2025-08-06 01:26:03,360 - INFO - Train: 69999, Val: 15001, Test: 15000
2025-08-06 01:26:03,364 - INFO - Saving processed data to logs/training/all/Experiment10/catboost/processed_data
2025-08-06 01:26:05,964 - INFO - Constructing multiplex graphs
2025-08-06 01:26:05,965 - INFO - Loading precomputed similarity from data/100K/similarity_output_merged_100K.pt
2025-08-06 01:26:49,658 - INFO - Creating combined PyG data
2025-08-06 01:26:49,659 - INFO - Loading precomputed similarity from data/100K/similarity_output_merged_100K.pt
2025-08-06 01:28:10,495 - INFO - Saved processed data to logs/training/all/Experiment10/catboost/processed_data
2025-08-06 01:28:10,508 - INFO - Initialized catboost model
2025-08-06 01:28:16,565 - INFO - CatBoost model fitted with 45 features
Traceback (most recent call last):
  File "/u/mbanisharifdehkordi/Github/GNN_4_IO_4/scripts/train.py", line 537, in <module>
    main()
  File "/u/mbanisharifdehkordi/Github/GNN_4_IO_4/scripts/train.py", line 519, in main
    model, metrics = train_tabular_model(data, args, args.model_type)
  File "/u/mbanisharifdehkordi/Github/GNN_4_IO_4/scripts/train.py", line 308, in train_tabular_model
    metrics = model.evaluate(X_test, y_test)
TypeError: evaluate() missing 1 required positional argument: 'y'
2025-08-06 01:28:21,751 - INFO - Parsed arguments:
{
    "data_path": "data/100K/sample_100K.csv",
    "output_dir": "logs/training/all/Experiment10/xgboost",
    "target_column": "tag",
    "important_features": null,
    "similarity_threshold": 0.05,
    "model_type": "xgboost",
    "gnn_type": "gcn",
    "hidden_dim": 64,
    "num_layers": 2,
    "dropout": 0.1,
    "batch_size": 32,
    "epochs": 100,
    "lr": 0.001,
    "weight_decay": 0.0001,
    "patience": 10,
    "seed": 42,
    "device": "cuda",
    "precomputed_similarity_path": "data/100K/similarity_output_merged_100K.pt"
}
2025-08-06 01:28:21,758 - INFO - Using device: cuda
2025-08-06 01:28:21,758 - INFO - Initialized I/O data processor for data/100K/sample_100K.csv
2025-08-06 01:28:21,758 - INFO - Loading data from data/100K/sample_100K.csv
2025-08-06 01:28:22,086 - INFO - Loaded data with shape (100000, 46)
2025-08-06 01:28:22,086 - INFO - Preprocessing data
2025-08-06 01:28:22,086 - INFO - Initialized feature similarity graph constructor for nprocs
2025-08-06 01:28:22,086 - INFO - Initialized feature similarity graph constructor for POSIX_OPENS
2025-08-06 01:28:22,086 - INFO - Initialized feature similarity graph constructor for LUSTRE_STRIPE_SIZE
2025-08-06 01:28:22,087 - INFO - Initialized feature similarity graph constructor for LUSTRE_STRIPE_WIDTH
2025-08-06 01:28:22,087 - INFO - Initialized feature similarity graph constructor for POSIX_FILENOS
2025-08-06 01:28:22,087 - INFO - Initialized feature similarity graph constructor for POSIX_MEM_ALIGNMENT
2025-08-06 01:28:22,087 - INFO - Initialized feature similarity graph constructor for POSIX_FILE_ALIGNMENT
2025-08-06 01:28:22,087 - INFO - Initialized feature similarity graph constructor for POSIX_READS
2025-08-06 01:28:22,087 - INFO - Initialized feature similarity graph constructor for POSIX_WRITES
2025-08-06 01:28:22,087 - INFO - Initialized feature similarity graph constructor for POSIX_SEEKS
2025-08-06 01:28:22,087 - INFO - Initialized feature similarity graph constructor for POSIX_STATS
2025-08-06 01:28:22,087 - INFO - Initialized feature similarity graph constructor for POSIX_BYTES_READ
2025-08-06 01:28:22,087 - INFO - Initialized feature similarity graph constructor for POSIX_BYTES_WRITTEN
2025-08-06 01:28:22,087 - INFO - Initialized feature similarity graph constructor for POSIX_CONSEC_READS
2025-08-06 01:28:22,087 - INFO - Initialized feature similarity graph constructor for POSIX_CONSEC_WRITES
2025-08-06 01:28:22,087 - INFO - Initialized feature similarity graph constructor for POSIX_SEQ_READS
2025-08-06 01:28:22,087 - INFO - Initialized feature similarity graph constructor for POSIX_SEQ_WRITES
2025-08-06 01:28:22,087 - INFO - Initialized feature similarity graph constructor for POSIX_RW_SWITCHES
2025-08-06 01:28:22,087 - INFO - Initialized feature similarity graph constructor for POSIX_MEM_NOT_ALIGNED
2025-08-06 01:28:22,087 - INFO - Initialized feature similarity graph constructor for POSIX_FILE_NOT_ALIGNED
2025-08-06 01:28:22,087 - INFO - Initialized feature similarity graph constructor for POSIX_SIZE_READ_0_100
2025-08-06 01:28:22,087 - INFO - Initialized feature similarity graph constructor for POSIX_SIZE_READ_100_1K
2025-08-06 01:28:22,087 - INFO - Initialized feature similarity graph constructor for POSIX_SIZE_READ_1K_10K
2025-08-06 01:28:22,087 - INFO - Initialized feature similarity graph constructor for POSIX_SIZE_READ_100K_1M
2025-08-06 01:28:22,087 - INFO - Initialized feature similarity graph constructor for POSIX_SIZE_WRITE_0_100
2025-08-06 01:28:22,087 - INFO - Initialized feature similarity graph constructor for POSIX_SIZE_WRITE_100_1K
2025-08-06 01:28:22,087 - INFO - Initialized feature similarity graph constructor for POSIX_SIZE_WRITE_1K_10K
2025-08-06 01:28:22,087 - INFO - Initialized feature similarity graph constructor for POSIX_SIZE_WRITE_10K_100K
2025-08-06 01:28:22,087 - INFO - Initialized feature similarity graph constructor for POSIX_SIZE_WRITE_100K_1M
2025-08-06 01:28:22,087 - INFO - Initialized feature similarity graph constructor for POSIX_STRIDE1_STRIDE
2025-08-06 01:28:22,087 - INFO - Initialized feature similarity graph constructor for POSIX_STRIDE2_STRIDE
2025-08-06 01:28:22,087 - INFO - Initialized feature similarity graph constructor for POSIX_STRIDE3_STRIDE
2025-08-06 01:28:22,087 - INFO - Initialized feature similarity graph constructor for POSIX_STRIDE4_STRIDE
2025-08-06 01:28:22,087 - INFO - Initialized feature similarity graph constructor for POSIX_STRIDE1_COUNT
2025-08-06 01:28:22,087 - INFO - Initialized feature similarity graph constructor for POSIX_STRIDE2_COUNT
2025-08-06 01:28:22,087 - INFO - Initialized feature similarity graph constructor for POSIX_STRIDE3_COUNT
2025-08-06 01:28:22,087 - INFO - Initialized feature similarity graph constructor for POSIX_STRIDE4_COUNT
2025-08-06 01:28:22,087 - INFO - Initialized feature similarity graph constructor for POSIX_ACCESS1_ACCESS
2025-08-06 01:28:22,087 - INFO - Initialized feature similarity graph constructor for POSIX_ACCESS2_ACCESS
2025-08-06 01:28:22,087 - INFO - Initialized feature similarity graph constructor for POSIX_ACCESS3_ACCESS
2025-08-06 01:28:22,087 - INFO - Initialized feature similarity graph constructor for POSIX_ACCESS4_ACCESS
2025-08-06 01:28:22,087 - INFO - Initialized feature similarity graph constructor for POSIX_ACCESS1_COUNT
2025-08-06 01:28:22,087 - INFO - Initialized feature similarity graph constructor for POSIX_ACCESS2_COUNT
2025-08-06 01:28:22,087 - INFO - Initialized feature similarity graph constructor for POSIX_ACCESS3_COUNT
2025-08-06 01:28:22,087 - INFO - Initialized feature similarity graph constructor for POSIX_ACCESS4_COUNT
2025-08-06 01:28:22,087 - INFO - Initialized multiplex graph constructor for 45 features
2025-08-06 01:28:22,087 - INFO - Creating combined PyG data
2025-08-06 01:28:22,088 - INFO - Loading precomputed similarity from data/100K/similarity_output_merged_100K.pt
2025-08-06 01:29:50,687 - INFO - Splitting data into train, validation, and test sets
2025-08-06 01:29:50,968 - INFO - Train: 69999, Val: 15001, Test: 15000
2025-08-06 01:29:50,972 - INFO - Saving processed data to logs/training/all/Experiment10/xgboost/processed_data
2025-08-06 01:29:53,540 - INFO - Constructing multiplex graphs
2025-08-06 01:29:53,541 - INFO - Loading precomputed similarity from data/100K/similarity_output_merged_100K.pt
2025-08-06 01:30:36,685 - INFO - Creating combined PyG data
2025-08-06 01:30:36,686 - INFO - Loading precomputed similarity from data/100K/similarity_output_merged_100K.pt
2025-08-06 01:31:57,158 - INFO - Saved processed data to logs/training/all/Experiment10/xgboost/processed_data
2025-08-06 01:31:57,170 - INFO - Initialized xgboost model
2025-08-06 01:32:13,690 - INFO - XGBoost model fitted with 45 features
Traceback (most recent call last):
  File "/u/mbanisharifdehkordi/Github/GNN_4_IO_4/scripts/train.py", line 537, in <module>
    main()
  File "/u/mbanisharifdehkordi/Github/GNN_4_IO_4/scripts/train.py", line 519, in main
    model, metrics = train_tabular_model(data, args, args.model_type)
  File "/u/mbanisharifdehkordi/Github/GNN_4_IO_4/scripts/train.py", line 308, in train_tabular_model
    metrics = model.evaluate(X_test, y_test)
TypeError: evaluate() missing 1 required positional argument: 'y'
2025-08-06 01:32:18,701 - INFO - Parsed arguments:
{
    "data_path": "data/100K/sample_100K.csv",
    "output_dir": "logs/training/all/Experiment10/mlp",
    "target_column": "tag",
    "important_features": null,
    "similarity_threshold": 0.05,
    "model_type": "mlp",
    "gnn_type": "gcn",
    "hidden_dim": 64,
    "num_layers": 2,
    "dropout": 0.1,
    "batch_size": 32,
    "epochs": 100,
    "lr": 0.001,
    "weight_decay": 0.0001,
    "patience": 10,
    "seed": 42,
    "device": "cuda",
    "precomputed_similarity_path": "data/100K/similarity_output_merged_100K.pt"
}
2025-08-06 01:32:18,707 - INFO - Using device: cuda
2025-08-06 01:32:18,707 - INFO - Initialized I/O data processor for data/100K/sample_100K.csv
2025-08-06 01:32:18,707 - INFO - Loading data from data/100K/sample_100K.csv
2025-08-06 01:32:19,061 - INFO - Loaded data with shape (100000, 46)
2025-08-06 01:32:19,062 - INFO - Preprocessing data
2025-08-06 01:32:19,062 - INFO - Initialized feature similarity graph constructor for nprocs
2025-08-06 01:32:19,062 - INFO - Initialized feature similarity graph constructor for POSIX_OPENS
2025-08-06 01:32:19,062 - INFO - Initialized feature similarity graph constructor for LUSTRE_STRIPE_SIZE
2025-08-06 01:32:19,062 - INFO - Initialized feature similarity graph constructor for LUSTRE_STRIPE_WIDTH
2025-08-06 01:32:19,062 - INFO - Initialized feature similarity graph constructor for POSIX_FILENOS
2025-08-06 01:32:19,062 - INFO - Initialized feature similarity graph constructor for POSIX_MEM_ALIGNMENT
2025-08-06 01:32:19,062 - INFO - Initialized feature similarity graph constructor for POSIX_FILE_ALIGNMENT
2025-08-06 01:32:19,062 - INFO - Initialized feature similarity graph constructor for POSIX_READS
2025-08-06 01:32:19,062 - INFO - Initialized feature similarity graph constructor for POSIX_WRITES
2025-08-06 01:32:19,062 - INFO - Initialized feature similarity graph constructor for POSIX_SEEKS
2025-08-06 01:32:19,062 - INFO - Initialized feature similarity graph constructor for POSIX_STATS
2025-08-06 01:32:19,062 - INFO - Initialized feature similarity graph constructor for POSIX_BYTES_READ
2025-08-06 01:32:19,062 - INFO - Initialized feature similarity graph constructor for POSIX_BYTES_WRITTEN
2025-08-06 01:32:19,062 - INFO - Initialized feature similarity graph constructor for POSIX_CONSEC_READS
2025-08-06 01:32:19,062 - INFO - Initialized feature similarity graph constructor for POSIX_CONSEC_WRITES
2025-08-06 01:32:19,062 - INFO - Initialized feature similarity graph constructor for POSIX_SEQ_READS
2025-08-06 01:32:19,062 - INFO - Initialized feature similarity graph constructor for POSIX_SEQ_WRITES
2025-08-06 01:32:19,062 - INFO - Initialized feature similarity graph constructor for POSIX_RW_SWITCHES
2025-08-06 01:32:19,062 - INFO - Initialized feature similarity graph constructor for POSIX_MEM_NOT_ALIGNED
2025-08-06 01:32:19,062 - INFO - Initialized feature similarity graph constructor for POSIX_FILE_NOT_ALIGNED
2025-08-06 01:32:19,062 - INFO - Initialized feature similarity graph constructor for POSIX_SIZE_READ_0_100
2025-08-06 01:32:19,062 - INFO - Initialized feature similarity graph constructor for POSIX_SIZE_READ_100_1K
2025-08-06 01:32:19,062 - INFO - Initialized feature similarity graph constructor for POSIX_SIZE_READ_1K_10K
2025-08-06 01:32:19,062 - INFO - Initialized feature similarity graph constructor for POSIX_SIZE_READ_100K_1M
2025-08-06 01:32:19,062 - INFO - Initialized feature similarity graph constructor for POSIX_SIZE_WRITE_0_100
2025-08-06 01:32:19,062 - INFO - Initialized feature similarity graph constructor for POSIX_SIZE_WRITE_100_1K
2025-08-06 01:32:19,062 - INFO - Initialized feature similarity graph constructor for POSIX_SIZE_WRITE_1K_10K
2025-08-06 01:32:19,062 - INFO - Initialized feature similarity graph constructor for POSIX_SIZE_WRITE_10K_100K
2025-08-06 01:32:19,062 - INFO - Initialized feature similarity graph constructor for POSIX_SIZE_WRITE_100K_1M
2025-08-06 01:32:19,062 - INFO - Initialized feature similarity graph constructor for POSIX_STRIDE1_STRIDE
2025-08-06 01:32:19,062 - INFO - Initialized feature similarity graph constructor for POSIX_STRIDE2_STRIDE
2025-08-06 01:32:19,062 - INFO - Initialized feature similarity graph constructor for POSIX_STRIDE3_STRIDE
2025-08-06 01:32:19,062 - INFO - Initialized feature similarity graph constructor for POSIX_STRIDE4_STRIDE
2025-08-06 01:32:19,062 - INFO - Initialized feature similarity graph constructor for POSIX_STRIDE1_COUNT
2025-08-06 01:32:19,062 - INFO - Initialized feature similarity graph constructor for POSIX_STRIDE2_COUNT
2025-08-06 01:32:19,062 - INFO - Initialized feature similarity graph constructor for POSIX_STRIDE3_COUNT
2025-08-06 01:32:19,063 - INFO - Initialized feature similarity graph constructor for POSIX_STRIDE4_COUNT
2025-08-06 01:32:19,063 - INFO - Initialized feature similarity graph constructor for POSIX_ACCESS1_ACCESS
2025-08-06 01:32:19,063 - INFO - Initialized feature similarity graph constructor for POSIX_ACCESS2_ACCESS
2025-08-06 01:32:19,063 - INFO - Initialized feature similarity graph constructor for POSIX_ACCESS3_ACCESS
2025-08-06 01:32:19,063 - INFO - Initialized feature similarity graph constructor for POSIX_ACCESS4_ACCESS
2025-08-06 01:32:19,063 - INFO - Initialized feature similarity graph constructor for POSIX_ACCESS1_COUNT
2025-08-06 01:32:19,063 - INFO - Initialized feature similarity graph constructor for POSIX_ACCESS2_COUNT
2025-08-06 01:32:19,063 - INFO - Initialized feature similarity graph constructor for POSIX_ACCESS3_COUNT
2025-08-06 01:32:19,063 - INFO - Initialized feature similarity graph constructor for POSIX_ACCESS4_COUNT
2025-08-06 01:32:19,063 - INFO - Initialized multiplex graph constructor for 45 features
2025-08-06 01:32:19,063 - INFO - Creating combined PyG data
2025-08-06 01:32:19,063 - INFO - Loading precomputed similarity from data/100K/similarity_output_merged_100K.pt
2025-08-06 01:33:52,438 - INFO - Splitting data into train, validation, and test sets
2025-08-06 01:33:52,586 - INFO - Train: 69999, Val: 15001, Test: 15000
2025-08-06 01:33:52,590 - INFO - Saving processed data to logs/training/all/Experiment10/mlp/processed_data
2025-08-06 01:33:55,119 - INFO - Constructing multiplex graphs
2025-08-06 01:33:55,120 - INFO - Loading precomputed similarity from data/100K/similarity_output_merged_100K.pt
2025-08-06 01:34:40,329 - INFO - Creating combined PyG data
2025-08-06 01:34:40,329 - INFO - Loading precomputed similarity from data/100K/similarity_output_merged_100K.pt
2025-08-06 01:36:04,923 - INFO - Saved processed data to logs/training/all/Experiment10/mlp/processed_data
2025-08-06 01:36:04,935 - INFO - Initialized mlp model
2025-08-06 01:36:23,026 - INFO - MLP model fitted with 45 features
Traceback (most recent call last):
  File "/u/mbanisharifdehkordi/Github/GNN_4_IO_4/scripts/train.py", line 537, in <module>
    main()
  File "/u/mbanisharifdehkordi/Github/GNN_4_IO_4/scripts/train.py", line 519, in main
    model, metrics = train_tabular_model(data, args, args.model_type)
  File "/u/mbanisharifdehkordi/Github/GNN_4_IO_4/scripts/train.py", line 308, in train_tabular_model
    metrics = model.evaluate(X_test, y_test)
TypeError: evaluate() missing 1 required positional argument: 'y'
2025-08-06 01:36:28,613 - INFO - Parsed arguments:
{
    "data_path": "data/100K/sample_100K.csv",
    "output_dir": "logs/training/all/Experiment10/tabnet",
    "target_column": "tag",
    "important_features": null,
    "similarity_threshold": 0.05,
    "model_type": "tabnet",
    "gnn_type": "gcn",
    "hidden_dim": 64,
    "num_layers": 2,
    "dropout": 0.1,
    "batch_size": 32,
    "epochs": 100,
    "lr": 0.001,
    "weight_decay": 0.0001,
    "patience": 10,
    "seed": 42,
    "device": "cuda",
    "precomputed_similarity_path": "data/100K/similarity_output_merged_100K.pt"
}
2025-08-06 01:36:28,620 - INFO - Using device: cuda
2025-08-06 01:36:28,620 - INFO - Initialized I/O data processor for data/100K/sample_100K.csv
2025-08-06 01:36:28,620 - INFO - Loading data from data/100K/sample_100K.csv
2025-08-06 01:36:28,962 - INFO - Loaded data with shape (100000, 46)
2025-08-06 01:36:28,962 - INFO - Preprocessing data
2025-08-06 01:36:28,962 - INFO - Initialized feature similarity graph constructor for nprocs
2025-08-06 01:36:28,962 - INFO - Initialized feature similarity graph constructor for POSIX_OPENS
2025-08-06 01:36:28,962 - INFO - Initialized feature similarity graph constructor for LUSTRE_STRIPE_SIZE
2025-08-06 01:36:28,962 - INFO - Initialized feature similarity graph constructor for LUSTRE_STRIPE_WIDTH
2025-08-06 01:36:28,962 - INFO - Initialized feature similarity graph constructor for POSIX_FILENOS
2025-08-06 01:36:28,962 - INFO - Initialized feature similarity graph constructor for POSIX_MEM_ALIGNMENT
2025-08-06 01:36:28,962 - INFO - Initialized feature similarity graph constructor for POSIX_FILE_ALIGNMENT
2025-08-06 01:36:28,962 - INFO - Initialized feature similarity graph constructor for POSIX_READS
2025-08-06 01:36:28,962 - INFO - Initialized feature similarity graph constructor for POSIX_WRITES
2025-08-06 01:36:28,962 - INFO - Initialized feature similarity graph constructor for POSIX_SEEKS
2025-08-06 01:36:28,962 - INFO - Initialized feature similarity graph constructor for POSIX_STATS
2025-08-06 01:36:28,962 - INFO - Initialized feature similarity graph constructor for POSIX_BYTES_READ
2025-08-06 01:36:28,962 - INFO - Initialized feature similarity graph constructor for POSIX_BYTES_WRITTEN
2025-08-06 01:36:28,962 - INFO - Initialized feature similarity graph constructor for POSIX_CONSEC_READS
2025-08-06 01:36:28,963 - INFO - Initialized feature similarity graph constructor for POSIX_CONSEC_WRITES
2025-08-06 01:36:28,963 - INFO - Initialized feature similarity graph constructor for POSIX_SEQ_READS
2025-08-06 01:36:28,963 - INFO - Initialized feature similarity graph constructor for POSIX_SEQ_WRITES
2025-08-06 01:36:28,963 - INFO - Initialized feature similarity graph constructor for POSIX_RW_SWITCHES
2025-08-06 01:36:28,963 - INFO - Initialized feature similarity graph constructor for POSIX_MEM_NOT_ALIGNED
2025-08-06 01:36:28,963 - INFO - Initialized feature similarity graph constructor for POSIX_FILE_NOT_ALIGNED
2025-08-06 01:36:28,963 - INFO - Initialized feature similarity graph constructor for POSIX_SIZE_READ_0_100
2025-08-06 01:36:28,963 - INFO - Initialized feature similarity graph constructor for POSIX_SIZE_READ_100_1K
2025-08-06 01:36:28,963 - INFO - Initialized feature similarity graph constructor for POSIX_SIZE_READ_1K_10K
2025-08-06 01:36:28,963 - INFO - Initialized feature similarity graph constructor for POSIX_SIZE_READ_100K_1M
2025-08-06 01:36:28,963 - INFO - Initialized feature similarity graph constructor for POSIX_SIZE_WRITE_0_100
2025-08-06 01:36:28,963 - INFO - Initialized feature similarity graph constructor for POSIX_SIZE_WRITE_100_1K
2025-08-06 01:36:28,963 - INFO - Initialized feature similarity graph constructor for POSIX_SIZE_WRITE_1K_10K
2025-08-06 01:36:28,963 - INFO - Initialized feature similarity graph constructor for POSIX_SIZE_WRITE_10K_100K
2025-08-06 01:36:28,963 - INFO - Initialized feature similarity graph constructor for POSIX_SIZE_WRITE_100K_1M
2025-08-06 01:36:28,963 - INFO - Initialized feature similarity graph constructor for POSIX_STRIDE1_STRIDE
2025-08-06 01:36:28,963 - INFO - Initialized feature similarity graph constructor for POSIX_STRIDE2_STRIDE
2025-08-06 01:36:28,963 - INFO - Initialized feature similarity graph constructor for POSIX_STRIDE3_STRIDE
2025-08-06 01:36:28,963 - INFO - Initialized feature similarity graph constructor for POSIX_STRIDE4_STRIDE
2025-08-06 01:36:28,963 - INFO - Initialized feature similarity graph constructor for POSIX_STRIDE1_COUNT
2025-08-06 01:36:28,963 - INFO - Initialized feature similarity graph constructor for POSIX_STRIDE2_COUNT
2025-08-06 01:36:28,963 - INFO - Initialized feature similarity graph constructor for POSIX_STRIDE3_COUNT
2025-08-06 01:36:28,963 - INFO - Initialized feature similarity graph constructor for POSIX_STRIDE4_COUNT
2025-08-06 01:36:28,963 - INFO - Initialized feature similarity graph constructor for POSIX_ACCESS1_ACCESS
2025-08-06 01:36:28,963 - INFO - Initialized feature similarity graph constructor for POSIX_ACCESS2_ACCESS
2025-08-06 01:36:28,963 - INFO - Initialized feature similarity graph constructor for POSIX_ACCESS3_ACCESS
2025-08-06 01:36:28,963 - INFO - Initialized feature similarity graph constructor for POSIX_ACCESS4_ACCESS
2025-08-06 01:36:28,963 - INFO - Initialized feature similarity graph constructor for POSIX_ACCESS1_COUNT
2025-08-06 01:36:28,963 - INFO - Initialized feature similarity graph constructor for POSIX_ACCESS2_COUNT
2025-08-06 01:36:28,963 - INFO - Initialized feature similarity graph constructor for POSIX_ACCESS3_COUNT
2025-08-06 01:36:28,963 - INFO - Initialized feature similarity graph constructor for POSIX_ACCESS4_COUNT
2025-08-06 01:36:28,963 - INFO - Initialized multiplex graph constructor for 45 features
2025-08-06 01:36:28,963 - INFO - Creating combined PyG data
2025-08-06 01:36:28,963 - INFO - Loading precomputed similarity from data/100K/similarity_output_merged_100K.pt
2025-08-06 01:37:57,272 - INFO - Splitting data into train, validation, and test sets
2025-08-06 01:37:57,445 - INFO - Train: 69999, Val: 15001, Test: 15000
2025-08-06 01:37:57,450 - INFO - Saving processed data to logs/training/all/Experiment10/tabnet/processed_data
2025-08-06 01:37:59,988 - INFO - Constructing multiplex graphs
2025-08-06 01:37:59,989 - INFO - Loading precomputed similarity from data/100K/similarity_output_merged_100K.pt
2025-08-06 01:38:43,480 - INFO - Creating combined PyG data
2025-08-06 01:38:43,480 - INFO - Loading precomputed similarity from data/100K/similarity_output_merged_100K.pt
2025-08-06 01:40:04,795 - INFO - Saved processed data to logs/training/all/Experiment10/tabnet/processed_data
2025-08-06 01:40:04,807 - INFO - Initialized tabnet model
/u/mbanisharifdehkordi/.local/lib/python3.9/site-packages/pytorch_tabnet/abstract_model.py:82: UserWarning: Device used : cuda
  warnings.warn(f"Device used : {self.device}")
/u/mbanisharifdehkordi/.local/lib/python3.9/site-packages/pytorch_tabnet/abstract_model.py:687: UserWarning: No early stopping will be performed, last training weights will be used.
  warnings.warn(wrn_msg)
2025-08-06 01:43:16,930 - INFO - TabNet model fitted with 45 features
Traceback (most recent call last):
  File "/u/mbanisharifdehkordi/Github/GNN_4_IO_4/scripts/train.py", line 537, in <module>
    main()
  File "/u/mbanisharifdehkordi/Github/GNN_4_IO_4/scripts/train.py", line 519, in main
    model, metrics = train_tabular_model(data, args, args.model_type)
  File "/u/mbanisharifdehkordi/Github/GNN_4_IO_4/scripts/train.py", line 308, in train_tabular_model
    metrics = model.evaluate(X_test, y_test)
TypeError: evaluate() missing 1 required positional argument: 'y'
2025-08-06 01:43:22,042 - INFO - Parsed arguments:
{
    "data_path": "data/100K/sample_100K.csv",
    "output_dir": "logs/training/all/Experiment10/combined",
    "target_column": "tag",
    "important_features": null,
    "similarity_threshold": 0.05,
    "model_type": "combined",
    "gnn_type": "gcn",
    "hidden_dim": 64,
    "num_layers": 2,
    "dropout": 0.1,
    "batch_size": 32,
    "epochs": 100,
    "lr": 0.001,
    "weight_decay": 0.0001,
    "patience": 10,
    "seed": 42,
    "device": "cuda",
    "precomputed_similarity_path": "data/100K/similarity_output_merged_100K.pt"
}
2025-08-06 01:43:22,049 - INFO - Using device: cuda
2025-08-06 01:43:22,049 - INFO - Initialized I/O data processor for data/100K/sample_100K.csv
2025-08-06 01:43:22,049 - INFO - Loading data from data/100K/sample_100K.csv
2025-08-06 01:43:22,394 - INFO - Loaded data with shape (100000, 46)
2025-08-06 01:43:22,394 - INFO - Preprocessing data
2025-08-06 01:43:22,394 - INFO - Initialized feature similarity graph constructor for nprocs
2025-08-06 01:43:22,394 - INFO - Initialized feature similarity graph constructor for POSIX_OPENS
2025-08-06 01:43:22,394 - INFO - Initialized feature similarity graph constructor for LUSTRE_STRIPE_SIZE
2025-08-06 01:43:22,394 - INFO - Initialized feature similarity graph constructor for LUSTRE_STRIPE_WIDTH
2025-08-06 01:43:22,394 - INFO - Initialized feature similarity graph constructor for POSIX_FILENOS
2025-08-06 01:43:22,394 - INFO - Initialized feature similarity graph constructor for POSIX_MEM_ALIGNMENT
2025-08-06 01:43:22,394 - INFO - Initialized feature similarity graph constructor for POSIX_FILE_ALIGNMENT
2025-08-06 01:43:22,394 - INFO - Initialized feature similarity graph constructor for POSIX_READS
2025-08-06 01:43:22,394 - INFO - Initialized feature similarity graph constructor for POSIX_WRITES
2025-08-06 01:43:22,394 - INFO - Initialized feature similarity graph constructor for POSIX_SEEKS
2025-08-06 01:43:22,394 - INFO - Initialized feature similarity graph constructor for POSIX_STATS
2025-08-06 01:43:22,394 - INFO - Initialized feature similarity graph constructor for POSIX_BYTES_READ
2025-08-06 01:43:22,394 - INFO - Initialized feature similarity graph constructor for POSIX_BYTES_WRITTEN
2025-08-06 01:43:22,394 - INFO - Initialized feature similarity graph constructor for POSIX_CONSEC_READS
2025-08-06 01:43:22,394 - INFO - Initialized feature similarity graph constructor for POSIX_CONSEC_WRITES
2025-08-06 01:43:22,394 - INFO - Initialized feature similarity graph constructor for POSIX_SEQ_READS
2025-08-06 01:43:22,394 - INFO - Initialized feature similarity graph constructor for POSIX_SEQ_WRITES
2025-08-06 01:43:22,394 - INFO - Initialized feature similarity graph constructor for POSIX_RW_SWITCHES
2025-08-06 01:43:22,395 - INFO - Initialized feature similarity graph constructor for POSIX_MEM_NOT_ALIGNED
2025-08-06 01:43:22,395 - INFO - Initialized feature similarity graph constructor for POSIX_FILE_NOT_ALIGNED
2025-08-06 01:43:22,395 - INFO - Initialized feature similarity graph constructor for POSIX_SIZE_READ_0_100
2025-08-06 01:43:22,395 - INFO - Initialized feature similarity graph constructor for POSIX_SIZE_READ_100_1K
2025-08-06 01:43:22,395 - INFO - Initialized feature similarity graph constructor for POSIX_SIZE_READ_1K_10K
2025-08-06 01:43:22,395 - INFO - Initialized feature similarity graph constructor for POSIX_SIZE_READ_100K_1M
2025-08-06 01:43:22,395 - INFO - Initialized feature similarity graph constructor for POSIX_SIZE_WRITE_0_100
2025-08-06 01:43:22,395 - INFO - Initialized feature similarity graph constructor for POSIX_SIZE_WRITE_100_1K
2025-08-06 01:43:22,395 - INFO - Initialized feature similarity graph constructor for POSIX_SIZE_WRITE_1K_10K
2025-08-06 01:43:22,395 - INFO - Initialized feature similarity graph constructor for POSIX_SIZE_WRITE_10K_100K
2025-08-06 01:43:22,395 - INFO - Initialized feature similarity graph constructor for POSIX_SIZE_WRITE_100K_1M
2025-08-06 01:43:22,395 - INFO - Initialized feature similarity graph constructor for POSIX_STRIDE1_STRIDE
2025-08-06 01:43:22,395 - INFO - Initialized feature similarity graph constructor for POSIX_STRIDE2_STRIDE
2025-08-06 01:43:22,395 - INFO - Initialized feature similarity graph constructor for POSIX_STRIDE3_STRIDE
2025-08-06 01:43:22,395 - INFO - Initialized feature similarity graph constructor for POSIX_STRIDE4_STRIDE
2025-08-06 01:43:22,395 - INFO - Initialized feature similarity graph constructor for POSIX_STRIDE1_COUNT
2025-08-06 01:43:22,395 - INFO - Initialized feature similarity graph constructor for POSIX_STRIDE2_COUNT
2025-08-06 01:43:22,395 - INFO - Initialized feature similarity graph constructor for POSIX_STRIDE3_COUNT
2025-08-06 01:43:22,395 - INFO - Initialized feature similarity graph constructor for POSIX_STRIDE4_COUNT
2025-08-06 01:43:22,395 - INFO - Initialized feature similarity graph constructor for POSIX_ACCESS1_ACCESS
2025-08-06 01:43:22,395 - INFO - Initialized feature similarity graph constructor for POSIX_ACCESS2_ACCESS
2025-08-06 01:43:22,395 - INFO - Initialized feature similarity graph constructor for POSIX_ACCESS3_ACCESS
2025-08-06 01:43:22,395 - INFO - Initialized feature similarity graph constructor for POSIX_ACCESS4_ACCESS
2025-08-06 01:43:22,395 - INFO - Initialized feature similarity graph constructor for POSIX_ACCESS1_COUNT
2025-08-06 01:43:22,395 - INFO - Initialized feature similarity graph constructor for POSIX_ACCESS2_COUNT
2025-08-06 01:43:22,395 - INFO - Initialized feature similarity graph constructor for POSIX_ACCESS3_COUNT
2025-08-06 01:43:22,395 - INFO - Initialized feature similarity graph constructor for POSIX_ACCESS4_COUNT
2025-08-06 01:43:22,395 - INFO - Initialized multiplex graph constructor for 45 features
2025-08-06 01:43:22,395 - INFO - Creating combined PyG data
2025-08-06 01:43:22,395 - INFO - Loading precomputed similarity from data/100K/similarity_output_merged_100K.pt
2025-08-06 01:44:57,100 - INFO - Splitting data into train, validation, and test sets
2025-08-06 01:44:57,222 - INFO - Train: 69999, Val: 15001, Test: 15000
2025-08-06 01:44:57,226 - INFO - Saving processed data to logs/training/all/Experiment10/combined/processed_data
2025-08-06 01:44:59,737 - INFO - Constructing multiplex graphs
2025-08-06 01:44:59,738 - INFO - Loading precomputed similarity from data/100K/similarity_output_merged_100K.pt
2025-08-06 01:45:44,549 - INFO - Creating combined PyG data
2025-08-06 01:45:44,549 - INFO - Loading precomputed similarity from data/100K/similarity_output_merged_100K.pt
2025-08-06 01:47:09,002 - INFO - Saved processed data to logs/training/all/Experiment10/combined/processed_data
2025-08-06 01:47:09,349 - INFO - Initialized GCN model with 2 layers
2025-08-06 01:47:09,349 - INFO - Initialized TabGNN regressor with 1 graph types
2025-08-06 01:47:09,790 - INFO - Epoch 1/100: Train Loss: 0.0171, Val Loss: 0.0083, Test Loss: 0.0078
2025-08-06 01:47:10,095 - INFO - Epoch 2/100: Train Loss: 0.0085, Val Loss: 0.0051, Test Loss: 0.0050
2025-08-06 01:47:10,400 - INFO - Epoch 3/100: Train Loss: 0.0054, Val Loss: 0.0043, Test Loss: 0.0043
2025-08-06 01:47:10,704 - INFO - Epoch 4/100: Train Loss: 0.0047, Val Loss: 0.0041, Test Loss: 0.0040
2025-08-06 01:47:11,010 - INFO - Epoch 5/100: Train Loss: 0.0043, Val Loss: 0.0033, Test Loss: 0.0033
2025-08-06 01:47:11,314 - INFO - Epoch 6/100: Train Loss: 0.0036, Val Loss: 0.0026, Test Loss: 0.0027
2025-08-06 01:47:11,619 - INFO - Epoch 7/100: Train Loss: 0.0031, Val Loss: 0.0024, Test Loss: 0.0024
2025-08-06 01:47:11,923 - INFO - Epoch 8/100: Train Loss: 0.0029, Val Loss: 0.0024, Test Loss: 0.0023
2025-08-06 01:47:12,228 - INFO - Epoch 9/100: Train Loss: 0.0030, Val Loss: 0.0021, Test Loss: 0.0021
2025-08-06 01:47:12,533 - INFO - Epoch 10/100: Train Loss: 0.0027, Val Loss: 0.0017, Test Loss: 0.0017
2025-08-06 01:47:12,838 - INFO - Epoch 11/100: Train Loss: 0.0023, Val Loss: 0.0015, Test Loss: 0.0016
2025-08-06 01:47:13,142 - INFO - Epoch 12/100: Train Loss: 0.0020, Val Loss: 0.0015, Test Loss: 0.0015
2025-08-06 01:47:13,447 - INFO - Epoch 13/100: Train Loss: 0.0018, Val Loss: 0.0015, Test Loss: 0.0015
2025-08-06 01:47:13,752 - INFO - Epoch 14/100: Train Loss: 0.0018, Val Loss: 0.0014, Test Loss: 0.0013
2025-08-06 01:47:14,056 - INFO - Epoch 15/100: Train Loss: 0.0016, Val Loss: 0.0011, Test Loss: 0.0011
2025-08-06 01:47:14,361 - INFO - Epoch 16/100: Train Loss: 0.0014, Val Loss: 0.0009, Test Loss: 0.0009
2025-08-06 01:47:14,667 - INFO - Epoch 17/100: Train Loss: 0.0013, Val Loss: 0.0008, Test Loss: 0.0008
2025-08-06 01:47:14,971 - INFO - Epoch 18/100: Train Loss: 0.0013, Val Loss: 0.0009, Test Loss: 0.0009
2025-08-06 01:47:15,276 - INFO - Epoch 19/100: Train Loss: 0.0013, Val Loss: 0.0009, Test Loss: 0.0009
2025-08-06 01:47:15,581 - INFO - Epoch 20/100: Train Loss: 0.0013, Val Loss: 0.0009, Test Loss: 0.0009
2025-08-06 01:47:15,886 - INFO - Epoch 21/100: Train Loss: 0.0013, Val Loss: 0.0009, Test Loss: 0.0009
2025-08-06 01:47:16,190 - INFO - Epoch 22/100: Train Loss: 0.0013, Val Loss: 0.0009, Test Loss: 0.0009
2025-08-06 01:47:16,493 - INFO - Epoch 23/100: Train Loss: 0.0013, Val Loss: 0.0009, Test Loss: 0.0009
2025-08-06 01:47:16,799 - INFO - Epoch 24/100: Train Loss: 0.0012, Val Loss: 0.0009, Test Loss: 0.0009
2025-08-06 01:47:17,103 - INFO - Epoch 25/100: Train Loss: 0.0012, Val Loss: 0.0009, Test Loss: 0.0009
2025-08-06 01:47:17,408 - INFO - Epoch 26/100: Train Loss: 0.0012, Val Loss: 0.0009, Test Loss: 0.0009
2025-08-06 01:47:17,713 - INFO - Epoch 27/100: Train Loss: 0.0011, Val Loss: 0.0009, Test Loss: 0.0009
2025-08-06 01:47:17,713 - INFO - Early stopping at epoch 27
2025-08-06 01:47:17,713 - INFO - Initialized lightgbm model
2025-08-06 01:47:17,713 - INFO - Initialized TabGNN tabular model with lightgbm base model
/u/mbanisharifdehkordi/.conda/envs/gnn4_env/lib/python3.9/site-packages/sklearn/utils/deprecation.py:151: FutureWarning: 'force_all_finite' was renamed to 'ensure_all_finite' in 1.6 and will be removed in 1.8.
  warnings.warn(
Traceback (most recent call last):
  File "/u/mbanisharifdehkordi/Github/GNN_4_IO_4/scripts/train.py", line 537, in <module>
    main()
  File "/u/mbanisharifdehkordi/Github/GNN_4_IO_4/scripts/train.py", line 502, in main
    model, metrics = train_combined_model(data, args, device)
  File "/u/mbanisharifdehkordi/Github/GNN_4_IO_4/scripts/train.py", line 344, in train_combined_model
    combined_model.fit(
  File "/u/mbanisharifdehkordi/Github/GNN_4_IO_4/src/models/tabular.py", line 997, in fit
    self.tabular_model.fit(combined_features, y, **kwargs)
  File "/u/mbanisharifdehkordi/Github/GNN_4_IO_4/src/models/tabular.py", line 331, in fit
    self.model.fit(X, y)
  File "/u/mbanisharifdehkordi/.local/lib/python3.9/site-packages/lightgbm/sklearn.py", line 1189, in fit
    super().fit(
  File "/u/mbanisharifdehkordi/.local/lib/python3.9/site-packages/lightgbm/sklearn.py", line 955, in fit
    self._Booster = train(
  File "/u/mbanisharifdehkordi/.local/lib/python3.9/site-packages/lightgbm/engine.py", line 282, in train
    booster = Booster(params=params, train_set=train_set)
  File "/u/mbanisharifdehkordi/.local/lib/python3.9/site-packages/lightgbm/basic.py", line 3637, in __init__
    train_set.construct()
  File "/u/mbanisharifdehkordi/.local/lib/python3.9/site-packages/lightgbm/basic.py", line 2576, in construct
    self._lazy_init(
  File "/u/mbanisharifdehkordi/.local/lib/python3.9/site-packages/lightgbm/basic.py", line 2144, in _lazy_init
    params_str = _param_dict_to_str(params)
  File "/u/mbanisharifdehkordi/.local/lib/python3.9/site-packages/lightgbm/basic.py", line 537, in _param_dict_to_str
    raise TypeError(f"Unknown type of parameter:{key}, got:{type(val).__name__}")
TypeError: Unknown type of parameter:train_mask, got:Tensor
2025-08-06 01:47:19,537 - WARNING - No metrics file found in logs/training/all/Experiment10/catboost
2025-08-06 01:47:19,537 - WARNING - No metrics file found in logs/training/all/Experiment10/combined
2025-08-06 01:47:19,538 - WARNING - No metrics file found in logs/training/all/Experiment10/lightgbm
2025-08-06 01:47:19,538 - WARNING - No metrics file found in logs/training/all/Experiment10/mlp
2025-08-06 01:47:19,539 - INFO - Loaded metrics for tabgnn: {'mse': 0.000502334616612643, 'rmse': 0.02241282259361018, 'mae': 0.01353845838457346, 'r2': 0.789135754108429}
2025-08-06 01:47:19,539 - WARNING - No metrics file found in logs/training/all/Experiment10/tabnet
2025-08-06 01:47:19,539 - WARNING - No metrics file found in logs/training/all/Experiment10/xgboost
2025-08-06 01:47:19,561 - INFO - Comparison report saved to logs/training/all/Experiment10/comparison_report_Experiment10.json
2025-08-06 01:47:19,561 - INFO - Markdown summary saved to logs/training/all/Experiment10/comparison_report_Experiment10.md
2025-08-06 01:47:19,749 - INFO - Saved RMSE plot to logs/training/all/Experiment10/model_comparison_Experiment10_rmse.png
2025-08-06 01:47:19,914 - INFO - Saved MAE plot to logs/training/all/Experiment10/model_comparison_Experiment10_mae.png
2025-08-06 01:47:20,038 - INFO - Saved R2 plot to logs/training/all/Experiment10/model_comparison_Experiment10_r2.png
2025-08-06 01:47:20,038 - INFO - Best model: tabgnn
2025-08-06 01:47:20,038 - INFO - Best metrics: {'mse': 0.000502334616612643, 'rmse': 0.02241282259361018, 'mae': 0.01353845838457346, 'r2': 0.789135754108429}
