2025-08-06 00:18:14,691 - INFO - Parsed arguments:
{
    "data_path": "data/100K/sample_100K.csv",
    "output_dir": "logs/training/all/Experiment10/tabgnn",
    "target_column": "tag",
    "important_features": null,
    "similarity_threshold": 0.05,
    "model_type": "tabgnn",
    "gnn_type": "gcn",
    "hidden_dim": 64,
    "num_layers": 2,
    "dropout": 0.1,
    "batch_size": 32,
    "epochs": 100,
    "lr": 0.001,
    "weight_decay": 0.0001,
    "patience": 10,
    "seed": 42,
    "device": "cuda",
    "precomputed_similarity_path": "data/100K/similarity_output_merged_100K.pt"
}
2025-08-06 00:18:14,699 - INFO - Using device: cuda
2025-08-06 00:18:14,699 - INFO - Initialized I/O data processor for data/100K/sample_100K.csv
2025-08-06 00:18:14,699 - INFO - Loading data from data/100K/sample_100K.csv
2025-08-06 00:18:14,994 - INFO - Loaded data with shape (100000, 46)
2025-08-06 00:18:14,994 - INFO - Preprocessing data
2025-08-06 00:18:14,994 - INFO - Initialized feature similarity graph constructor for nprocs
2025-08-06 00:18:14,994 - INFO - Initialized feature similarity graph constructor for POSIX_OPENS
2025-08-06 00:18:14,994 - INFO - Initialized feature similarity graph constructor for LUSTRE_STRIPE_SIZE
2025-08-06 00:18:14,994 - INFO - Initialized feature similarity graph constructor for LUSTRE_STRIPE_WIDTH
2025-08-06 00:18:14,994 - INFO - Initialized feature similarity graph constructor for POSIX_FILENOS
2025-08-06 00:18:14,994 - INFO - Initialized feature similarity graph constructor for POSIX_MEM_ALIGNMENT
2025-08-06 00:18:14,994 - INFO - Initialized feature similarity graph constructor for POSIX_FILE_ALIGNMENT
2025-08-06 00:18:14,994 - INFO - Initialized feature similarity graph constructor for POSIX_READS
2025-08-06 00:18:14,994 - INFO - Initialized feature similarity graph constructor for POSIX_WRITES
2025-08-06 00:18:14,994 - INFO - Initialized feature similarity graph constructor for POSIX_SEEKS
2025-08-06 00:18:14,994 - INFO - Initialized feature similarity graph constructor for POSIX_STATS
2025-08-06 00:18:14,994 - INFO - Initialized feature similarity graph constructor for POSIX_BYTES_READ
2025-08-06 00:18:14,994 - INFO - Initialized feature similarity graph constructor for POSIX_BYTES_WRITTEN
2025-08-06 00:18:14,994 - INFO - Initialized feature similarity graph constructor for POSIX_CONSEC_READS
2025-08-06 00:18:14,994 - INFO - Initialized feature similarity graph constructor for POSIX_CONSEC_WRITES
2025-08-06 00:18:14,994 - INFO - Initialized feature similarity graph constructor for POSIX_SEQ_READS
2025-08-06 00:18:14,994 - INFO - Initialized feature similarity graph constructor for POSIX_SEQ_WRITES
2025-08-06 00:18:14,994 - INFO - Initialized feature similarity graph constructor for POSIX_RW_SWITCHES
2025-08-06 00:18:14,994 - INFO - Initialized feature similarity graph constructor for POSIX_MEM_NOT_ALIGNED
2025-08-06 00:18:14,994 - INFO - Initialized feature similarity graph constructor for POSIX_FILE_NOT_ALIGNED
2025-08-06 00:18:14,994 - INFO - Initialized feature similarity graph constructor for POSIX_SIZE_READ_0_100
2025-08-06 00:18:14,994 - INFO - Initialized feature similarity graph constructor for POSIX_SIZE_READ_100_1K
2025-08-06 00:18:14,994 - INFO - Initialized feature similarity graph constructor for POSIX_SIZE_READ_1K_10K
2025-08-06 00:18:14,994 - INFO - Initialized feature similarity graph constructor for POSIX_SIZE_READ_100K_1M
2025-08-06 00:18:14,994 - INFO - Initialized feature similarity graph constructor for POSIX_SIZE_WRITE_0_100
2025-08-06 00:18:14,994 - INFO - Initialized feature similarity graph constructor for POSIX_SIZE_WRITE_100_1K
2025-08-06 00:18:14,994 - INFO - Initialized feature similarity graph constructor for POSIX_SIZE_WRITE_1K_10K
2025-08-06 00:18:14,994 - INFO - Initialized feature similarity graph constructor for POSIX_SIZE_WRITE_10K_100K
2025-08-06 00:18:14,994 - INFO - Initialized feature similarity graph constructor for POSIX_SIZE_WRITE_100K_1M
2025-08-06 00:18:14,994 - INFO - Initialized feature similarity graph constructor for POSIX_STRIDE1_STRIDE
2025-08-06 00:18:14,994 - INFO - Initialized feature similarity graph constructor for POSIX_STRIDE2_STRIDE
2025-08-06 00:18:14,994 - INFO - Initialized feature similarity graph constructor for POSIX_STRIDE3_STRIDE
2025-08-06 00:18:14,994 - INFO - Initialized feature similarity graph constructor for POSIX_STRIDE4_STRIDE
2025-08-06 00:18:14,994 - INFO - Initialized feature similarity graph constructor for POSIX_STRIDE1_COUNT
2025-08-06 00:18:14,994 - INFO - Initialized feature similarity graph constructor for POSIX_STRIDE2_COUNT
2025-08-06 00:18:14,994 - INFO - Initialized feature similarity graph constructor for POSIX_STRIDE3_COUNT
2025-08-06 00:18:14,994 - INFO - Initialized feature similarity graph constructor for POSIX_STRIDE4_COUNT
2025-08-06 00:18:14,994 - INFO - Initialized feature similarity graph constructor for POSIX_ACCESS1_ACCESS
2025-08-06 00:18:14,994 - INFO - Initialized feature similarity graph constructor for POSIX_ACCESS2_ACCESS
2025-08-06 00:18:14,994 - INFO - Initialized feature similarity graph constructor for POSIX_ACCESS3_ACCESS
2025-08-06 00:18:14,994 - INFO - Initialized feature similarity graph constructor for POSIX_ACCESS4_ACCESS
2025-08-06 00:18:14,994 - INFO - Initialized feature similarity graph constructor for POSIX_ACCESS1_COUNT
2025-08-06 00:18:14,994 - INFO - Initialized feature similarity graph constructor for POSIX_ACCESS2_COUNT
2025-08-06 00:18:14,994 - INFO - Initialized feature similarity graph constructor for POSIX_ACCESS3_COUNT
2025-08-06 00:18:14,994 - INFO - Initialized feature similarity graph constructor for POSIX_ACCESS4_COUNT
2025-08-06 00:18:14,994 - INFO - Initialized multiplex graph constructor for 45 features
2025-08-06 00:18:14,994 - INFO - Creating combined PyG data
2025-08-06 00:18:14,995 - INFO - Loading precomputed similarity from data/100K/similarity_output_merged_100K.pt
2025-08-06 00:19:04,421 - INFO - Loading precomputed similarity from data/100K/similarity_output_merged_100K.pt
2025-08-06 00:19:48,917 - INFO - Splitting data into train, validation, and test sets
2025-08-06 00:19:49,020 - INFO - Train: 69999, Val: 15001, Test: 15000
2025-08-06 00:19:49,026 - INFO - Saving processed data to logs/training/all/Experiment10/tabgnn/processed_data
2025-08-06 00:19:50,842 - INFO - Constructing multiplex graphs
2025-08-06 00:19:50,843 - INFO - Loading precomputed similarity from data/100K/similarity_output_merged_100K.pt
2025-08-06 00:20:31,669 - INFO - Creating combined PyG data
2025-08-06 00:20:31,669 - INFO - Loading precomputed similarity from data/100K/similarity_output_merged_100K.pt
2025-08-06 00:21:12,150 - INFO - Loading precomputed similarity from data/100K/similarity_output_merged_100K.pt
2025-08-06 00:22:03,703 - INFO - Saved processed data to logs/training/all/Experiment10/tabgnn/processed_data
2025-08-06 00:22:04,087 - INFO - Initialized GCN model with 2 layers
2025-08-06 00:22:04,087 - INFO - Initialized TabGNN regressor with 1 graph types
2025-08-06 00:22:04,417 - INFO - Epoch 1/100: Train Loss: 0.0163, Val Loss: 0.0082, Test Loss: 0.0078
2025-08-06 00:22:04,578 - INFO - Epoch 2/100: Train Loss: 0.0083, Val Loss: 0.0050, Test Loss: 0.0050
2025-08-06 00:22:04,738 - INFO - Epoch 3/100: Train Loss: 0.0055, Val Loss: 0.0043, Test Loss: 0.0043
2025-08-06 00:22:04,897 - INFO - Epoch 4/100: Train Loss: 0.0047, Val Loss: 0.0041, Test Loss: 0.0040
2025-08-06 00:22:05,055 - INFO - Epoch 5/100: Train Loss: 0.0043, Val Loss: 0.0033, Test Loss: 0.0033
2025-08-06 00:22:05,215 - INFO - Epoch 6/100: Train Loss: 0.0036, Val Loss: 0.0026, Test Loss: 0.0026
2025-08-06 00:22:05,374 - INFO - Epoch 7/100: Train Loss: 0.0030, Val Loss: 0.0025, Test Loss: 0.0025
2025-08-06 00:22:05,533 - INFO - Epoch 8/100: Train Loss: 0.0031, Val Loss: 0.0024, Test Loss: 0.0024
2025-08-06 00:22:05,692 - INFO - Epoch 9/100: Train Loss: 0.0030, Val Loss: 0.0021, Test Loss: 0.0021
2025-08-06 00:22:05,852 - INFO - Epoch 10/100: Train Loss: 0.0025, Val Loss: 0.0017, Test Loss: 0.0017
2025-08-06 00:22:06,012 - INFO - Epoch 11/100: Train Loss: 0.0023, Val Loss: 0.0015, Test Loss: 0.0016
2025-08-06 00:22:06,170 - INFO - Epoch 12/100: Train Loss: 0.0020, Val Loss: 0.0015, Test Loss: 0.0015
2025-08-06 00:22:06,329 - INFO - Epoch 13/100: Train Loss: 0.0019, Val Loss: 0.0014, Test Loss: 0.0014
2025-08-06 00:22:06,489 - INFO - Epoch 14/100: Train Loss: 0.0017, Val Loss: 0.0013, Test Loss: 0.0012
2025-08-06 00:22:06,648 - INFO - Epoch 15/100: Train Loss: 0.0015, Val Loss: 0.0011, Test Loss: 0.0011
2025-08-06 00:22:06,807 - INFO - Epoch 16/100: Train Loss: 0.0015, Val Loss: 0.0009, Test Loss: 0.0009
2025-08-06 00:22:06,966 - INFO - Epoch 17/100: Train Loss: 0.0013, Val Loss: 0.0008, Test Loss: 0.0008
2025-08-06 00:22:07,125 - INFO - Epoch 18/100: Train Loss: 0.0013, Val Loss: 0.0008, Test Loss: 0.0009
2025-08-06 00:22:07,284 - INFO - Epoch 19/100: Train Loss: 0.0013, Val Loss: 0.0009, Test Loss: 0.0009
2025-08-06 00:22:07,442 - INFO - Epoch 20/100: Train Loss: 0.0014, Val Loss: 0.0009, Test Loss: 0.0009
2025-08-06 00:22:07,601 - INFO - Epoch 21/100: Train Loss: 0.0013, Val Loss: 0.0009, Test Loss: 0.0009
2025-08-06 00:22:07,760 - INFO - Epoch 22/100: Train Loss: 0.0013, Val Loss: 0.0009, Test Loss: 0.0009
2025-08-06 00:22:07,919 - INFO - Epoch 23/100: Train Loss: 0.0012, Val Loss: 0.0009, Test Loss: 0.0009
2025-08-06 00:22:08,078 - INFO - Epoch 24/100: Train Loss: 0.0012, Val Loss: 0.0009, Test Loss: 0.0009
2025-08-06 00:22:08,237 - INFO - Epoch 25/100: Train Loss: 0.0012, Val Loss: 0.0009, Test Loss: 0.0009
2025-08-06 00:22:08,396 - INFO - Epoch 26/100: Train Loss: 0.0012, Val Loss: 0.0008, Test Loss: 0.0008
2025-08-06 00:22:08,555 - INFO - Epoch 27/100: Train Loss: 0.0011, Val Loss: 0.0008, Test Loss: 0.0008
2025-08-06 00:22:08,714 - INFO - Epoch 28/100: Train Loss: 0.0011, Val Loss: 0.0008, Test Loss: 0.0008
2025-08-06 00:22:08,872 - INFO - Epoch 29/100: Train Loss: 0.0011, Val Loss: 0.0007, Test Loss: 0.0007
2025-08-06 00:22:09,031 - INFO - Epoch 30/100: Train Loss: 0.0011, Val Loss: 0.0007, Test Loss: 0.0007
2025-08-06 00:22:09,190 - INFO - Epoch 31/100: Train Loss: 0.0010, Val Loss: 0.0007, Test Loss: 0.0007
2025-08-06 00:22:09,349 - INFO - Epoch 32/100: Train Loss: 0.0010, Val Loss: 0.0007, Test Loss: 0.0007
2025-08-06 00:22:09,508 - INFO - Epoch 33/100: Train Loss: 0.0010, Val Loss: 0.0007, Test Loss: 0.0007
2025-08-06 00:22:09,667 - INFO - Epoch 34/100: Train Loss: 0.0010, Val Loss: 0.0007, Test Loss: 0.0007
2025-08-06 00:22:09,826 - INFO - Epoch 35/100: Train Loss: 0.0010, Val Loss: 0.0007, Test Loss: 0.0007
2025-08-06 00:22:09,985 - INFO - Epoch 36/100: Train Loss: 0.0010, Val Loss: 0.0007, Test Loss: 0.0007
2025-08-06 00:22:10,144 - INFO - Epoch 37/100: Train Loss: 0.0010, Val Loss: 0.0007, Test Loss: 0.0007
2025-08-06 00:22:10,302 - INFO - Epoch 38/100: Train Loss: 0.0010, Val Loss: 0.0007, Test Loss: 0.0007
2025-08-06 00:22:10,461 - INFO - Epoch 39/100: Train Loss: 0.0010, Val Loss: 0.0007, Test Loss: 0.0007
2025-08-06 00:22:10,620 - INFO - Epoch 40/100: Train Loss: 0.0009, Val Loss: 0.0007, Test Loss: 0.0007
2025-08-06 00:22:10,779 - INFO - Epoch 41/100: Train Loss: 0.0009, Val Loss: 0.0007, Test Loss: 0.0007
2025-08-06 00:22:10,938 - INFO - Epoch 42/100: Train Loss: 0.0009, Val Loss: 0.0007, Test Loss: 0.0007
2025-08-06 00:22:11,097 - INFO - Epoch 43/100: Train Loss: 0.0009, Val Loss: 0.0007, Test Loss: 0.0007
2025-08-06 00:22:11,256 - INFO - Epoch 44/100: Train Loss: 0.0009, Val Loss: 0.0007, Test Loss: 0.0007
2025-08-06 00:22:11,414 - INFO - Epoch 45/100: Train Loss: 0.0009, Val Loss: 0.0007, Test Loss: 0.0007
2025-08-06 00:22:11,573 - INFO - Epoch 46/100: Train Loss: 0.0009, Val Loss: 0.0007, Test Loss: 0.0007
2025-08-06 00:22:11,732 - INFO - Epoch 47/100: Train Loss: 0.0009, Val Loss: 0.0007, Test Loss: 0.0007
2025-08-06 00:22:11,891 - INFO - Epoch 48/100: Train Loss: 0.0009, Val Loss: 0.0007, Test Loss: 0.0007
2025-08-06 00:22:12,050 - INFO - Epoch 49/100: Train Loss: 0.0009, Val Loss: 0.0007, Test Loss: 0.0007
2025-08-06 00:22:12,209 - INFO - Epoch 50/100: Train Loss: 0.0009, Val Loss: 0.0007, Test Loss: 0.0007
2025-08-06 00:22:12,368 - INFO - Epoch 51/100: Train Loss: 0.0009, Val Loss: 0.0006, Test Loss: 0.0007
2025-08-06 00:22:12,527 - INFO - Epoch 52/100: Train Loss: 0.0009, Val Loss: 0.0006, Test Loss: 0.0007
2025-08-06 00:22:12,686 - INFO - Epoch 53/100: Train Loss: 0.0009, Val Loss: 0.0006, Test Loss: 0.0007
2025-08-06 00:22:12,845 - INFO - Epoch 54/100: Train Loss: 0.0009, Val Loss: 0.0006, Test Loss: 0.0006
2025-08-06 00:22:13,003 - INFO - Epoch 55/100: Train Loss: 0.0009, Val Loss: 0.0006, Test Loss: 0.0006
2025-08-06 00:22:13,162 - INFO - Epoch 56/100: Train Loss: 0.0009, Val Loss: 0.0006, Test Loss: 0.0006
2025-08-06 00:22:13,321 - INFO - Epoch 57/100: Train Loss: 0.0009, Val Loss: 0.0006, Test Loss: 0.0006
2025-08-06 00:22:13,480 - INFO - Epoch 58/100: Train Loss: 0.0008, Val Loss: 0.0006, Test Loss: 0.0006
2025-08-06 00:22:13,639 - INFO - Epoch 59/100: Train Loss: 0.0008, Val Loss: 0.0006, Test Loss: 0.0006
2025-08-06 00:22:13,798 - INFO - Epoch 60/100: Train Loss: 0.0008, Val Loss: 0.0006, Test Loss: 0.0006
2025-08-06 00:22:13,957 - INFO - Epoch 61/100: Train Loss: 0.0008, Val Loss: 0.0006, Test Loss: 0.0006
2025-08-06 00:22:14,116 - INFO - Epoch 62/100: Train Loss: 0.0008, Val Loss: 0.0006, Test Loss: 0.0006
2025-08-06 00:22:14,275 - INFO - Epoch 63/100: Train Loss: 0.0008, Val Loss: 0.0006, Test Loss: 0.0006
2025-08-06 00:22:14,433 - INFO - Epoch 64/100: Train Loss: 0.0008, Val Loss: 0.0006, Test Loss: 0.0006
2025-08-06 00:22:14,592 - INFO - Epoch 65/100: Train Loss: 0.0008, Val Loss: 0.0006, Test Loss: 0.0006
2025-08-06 00:22:14,751 - INFO - Epoch 66/100: Train Loss: 0.0008, Val Loss: 0.0006, Test Loss: 0.0006
2025-08-06 00:22:14,910 - INFO - Epoch 67/100: Train Loss: 0.0008, Val Loss: 0.0006, Test Loss: 0.0006
2025-08-06 00:22:15,069 - INFO - Epoch 68/100: Train Loss: 0.0008, Val Loss: 0.0006, Test Loss: 0.0006
2025-08-06 00:22:15,228 - INFO - Epoch 69/100: Train Loss: 0.0008, Val Loss: 0.0006, Test Loss: 0.0006
2025-08-06 00:22:15,387 - INFO - Epoch 70/100: Train Loss: 0.0008, Val Loss: 0.0006, Test Loss: 0.0006
2025-08-06 00:22:15,545 - INFO - Epoch 71/100: Train Loss: 0.0008, Val Loss: 0.0006, Test Loss: 0.0006
2025-08-06 00:22:15,704 - INFO - Epoch 72/100: Train Loss: 0.0008, Val Loss: 0.0006, Test Loss: 0.0006
2025-08-06 00:22:15,863 - INFO - Epoch 73/100: Train Loss: 0.0008, Val Loss: 0.0006, Test Loss: 0.0006
2025-08-06 00:22:16,022 - INFO - Epoch 74/100: Train Loss: 0.0008, Val Loss: 0.0006, Test Loss: 0.0006
2025-08-06 00:22:16,181 - INFO - Epoch 75/100: Train Loss: 0.0008, Val Loss: 0.0006, Test Loss: 0.0006
2025-08-06 00:22:16,340 - INFO - Epoch 76/100: Train Loss: 0.0008, Val Loss: 0.0006, Test Loss: 0.0006
2025-08-06 00:22:16,499 - INFO - Epoch 77/100: Train Loss: 0.0008, Val Loss: 0.0006, Test Loss: 0.0006
2025-08-06 00:22:16,658 - INFO - Epoch 78/100: Train Loss: 0.0008, Val Loss: 0.0006, Test Loss: 0.0006
2025-08-06 00:22:16,816 - INFO - Epoch 79/100: Train Loss: 0.0008, Val Loss: 0.0005, Test Loss: 0.0006
2025-08-06 00:22:16,975 - INFO - Epoch 80/100: Train Loss: 0.0008, Val Loss: 0.0005, Test Loss: 0.0006
2025-08-06 00:22:17,134 - INFO - Epoch 81/100: Train Loss: 0.0008, Val Loss: 0.0005, Test Loss: 0.0006
2025-08-06 00:22:17,293 - INFO - Epoch 82/100: Train Loss: 0.0008, Val Loss: 0.0005, Test Loss: 0.0006
2025-08-06 00:22:17,452 - INFO - Epoch 83/100: Train Loss: 0.0007, Val Loss: 0.0005, Test Loss: 0.0006
2025-08-06 00:22:17,611 - INFO - Epoch 84/100: Train Loss: 0.0007, Val Loss: 0.0005, Test Loss: 0.0006
2025-08-06 00:22:17,770 - INFO - Epoch 85/100: Train Loss: 0.0007, Val Loss: 0.0005, Test Loss: 0.0005
2025-08-06 00:22:17,928 - INFO - Epoch 86/100: Train Loss: 0.0007, Val Loss: 0.0005, Test Loss: 0.0005
2025-08-06 00:22:18,087 - INFO - Epoch 87/100: Train Loss: 0.0007, Val Loss: 0.0005, Test Loss: 0.0005
2025-08-06 00:22:18,246 - INFO - Epoch 88/100: Train Loss: 0.0007, Val Loss: 0.0005, Test Loss: 0.0005
2025-08-06 00:22:18,405 - INFO - Epoch 89/100: Train Loss: 0.0007, Val Loss: 0.0005, Test Loss: 0.0005
2025-08-06 00:22:18,564 - INFO - Epoch 90/100: Train Loss: 0.0007, Val Loss: 0.0005, Test Loss: 0.0005
2025-08-06 00:22:18,723 - INFO - Epoch 91/100: Train Loss: 0.0007, Val Loss: 0.0005, Test Loss: 0.0005
2025-08-06 00:22:18,882 - INFO - Epoch 92/100: Train Loss: 0.0007, Val Loss: 0.0005, Test Loss: 0.0005
2025-08-06 00:22:19,040 - INFO - Epoch 93/100: Train Loss: 0.0007, Val Loss: 0.0005, Test Loss: 0.0005
2025-08-06 00:22:19,199 - INFO - Epoch 94/100: Train Loss: 0.0007, Val Loss: 0.0005, Test Loss: 0.0005
2025-08-06 00:22:19,358 - INFO - Epoch 95/100: Train Loss: 0.0007, Val Loss: 0.0005, Test Loss: 0.0005
2025-08-06 00:22:19,517 - INFO - Epoch 96/100: Train Loss: 0.0007, Val Loss: 0.0005, Test Loss: 0.0005
2025-08-06 00:22:19,676 - INFO - Epoch 97/100: Train Loss: 0.0007, Val Loss: 0.0005, Test Loss: 0.0005
2025-08-06 00:22:19,834 - INFO - Epoch 98/100: Train Loss: 0.0007, Val Loss: 0.0005, Test Loss: 0.0005
2025-08-06 00:22:19,993 - INFO - Epoch 99/100: Train Loss: 0.0007, Val Loss: 0.0005, Test Loss: 0.0005
2025-08-06 00:22:20,152 - INFO - Epoch 100/100: Train Loss: 0.0007, Val Loss: 0.0005, Test Loss: 0.0005
2025-08-06 00:22:20,159 - INFO - Model checkpoint saved to logs/training/all/Experiment10/tabgnn/tabgnn_model.pt
2025-08-06 00:22:20,338 - INFO - Final metrics: {'mse': 0.0005023403209634125, 'rmse': 0.022412949849660854, 'mae': 0.013538260012865067, 'r2': 0.7891333699226379}
2025-08-06 00:22:20,338 - INFO - Model and results saved to logs/training/all/Experiment10/tabgnn
2025-08-06 00:22:26,921 - INFO - Parsed arguments:
{
    "data_path": "data/100K/sample_100K.csv",
    "output_dir": "logs/training/all/Experiment10/lightgbm",
    "target_column": "tag",
    "important_features": null,
    "similarity_threshold": 0.05,
    "model_type": "lightgbm",
    "gnn_type": "gcn",
    "hidden_dim": 64,
    "num_layers": 2,
    "dropout": 0.1,
    "batch_size": 32,
    "epochs": 100,
    "lr": 0.001,
    "weight_decay": 0.0001,
    "patience": 10,
    "seed": 42,
    "device": "cuda",
    "precomputed_similarity_path": "data/100K/similarity_output_merged_100K.pt"
}
2025-08-06 00:22:26,929 - INFO - Using device: cuda
2025-08-06 00:22:26,929 - INFO - Initialized I/O data processor for data/100K/sample_100K.csv
2025-08-06 00:22:26,929 - INFO - Loading data from data/100K/sample_100K.csv
2025-08-06 00:22:27,222 - INFO - Loaded data with shape (100000, 46)
2025-08-06 00:22:27,222 - INFO - Preprocessing data
2025-08-06 00:22:27,222 - INFO - Initialized feature similarity graph constructor for nprocs
2025-08-06 00:22:27,222 - INFO - Initialized feature similarity graph constructor for POSIX_OPENS
2025-08-06 00:22:27,222 - INFO - Initialized feature similarity graph constructor for LUSTRE_STRIPE_SIZE
2025-08-06 00:22:27,222 - INFO - Initialized feature similarity graph constructor for LUSTRE_STRIPE_WIDTH
2025-08-06 00:22:27,222 - INFO - Initialized feature similarity graph constructor for POSIX_FILENOS
2025-08-06 00:22:27,222 - INFO - Initialized feature similarity graph constructor for POSIX_MEM_ALIGNMENT
2025-08-06 00:22:27,222 - INFO - Initialized feature similarity graph constructor for POSIX_FILE_ALIGNMENT
2025-08-06 00:22:27,222 - INFO - Initialized feature similarity graph constructor for POSIX_READS
2025-08-06 00:22:27,222 - INFO - Initialized feature similarity graph constructor for POSIX_WRITES
2025-08-06 00:22:27,222 - INFO - Initialized feature similarity graph constructor for POSIX_SEEKS
2025-08-06 00:22:27,222 - INFO - Initialized feature similarity graph constructor for POSIX_STATS
2025-08-06 00:22:27,222 - INFO - Initialized feature similarity graph constructor for POSIX_BYTES_READ
2025-08-06 00:22:27,222 - INFO - Initialized feature similarity graph constructor for POSIX_BYTES_WRITTEN
2025-08-06 00:22:27,222 - INFO - Initialized feature similarity graph constructor for POSIX_CONSEC_READS
2025-08-06 00:22:27,222 - INFO - Initialized feature similarity graph constructor for POSIX_CONSEC_WRITES
2025-08-06 00:22:27,222 - INFO - Initialized feature similarity graph constructor for POSIX_SEQ_READS
2025-08-06 00:22:27,222 - INFO - Initialized feature similarity graph constructor for POSIX_SEQ_WRITES
2025-08-06 00:22:27,222 - INFO - Initialized feature similarity graph constructor for POSIX_RW_SWITCHES
2025-08-06 00:22:27,222 - INFO - Initialized feature similarity graph constructor for POSIX_MEM_NOT_ALIGNED
2025-08-06 00:22:27,222 - INFO - Initialized feature similarity graph constructor for POSIX_FILE_NOT_ALIGNED
2025-08-06 00:22:27,222 - INFO - Initialized feature similarity graph constructor for POSIX_SIZE_READ_0_100
2025-08-06 00:22:27,222 - INFO - Initialized feature similarity graph constructor for POSIX_SIZE_READ_100_1K
2025-08-06 00:22:27,222 - INFO - Initialized feature similarity graph constructor for POSIX_SIZE_READ_1K_10K
2025-08-06 00:22:27,222 - INFO - Initialized feature similarity graph constructor for POSIX_SIZE_READ_100K_1M
2025-08-06 00:22:27,222 - INFO - Initialized feature similarity graph constructor for POSIX_SIZE_WRITE_0_100
2025-08-06 00:22:27,222 - INFO - Initialized feature similarity graph constructor for POSIX_SIZE_WRITE_100_1K
2025-08-06 00:22:27,222 - INFO - Initialized feature similarity graph constructor for POSIX_SIZE_WRITE_1K_10K
2025-08-06 00:22:27,222 - INFO - Initialized feature similarity graph constructor for POSIX_SIZE_WRITE_10K_100K
2025-08-06 00:22:27,222 - INFO - Initialized feature similarity graph constructor for POSIX_SIZE_WRITE_100K_1M
2025-08-06 00:22:27,222 - INFO - Initialized feature similarity graph constructor for POSIX_STRIDE1_STRIDE
2025-08-06 00:22:27,222 - INFO - Initialized feature similarity graph constructor for POSIX_STRIDE2_STRIDE
2025-08-06 00:22:27,222 - INFO - Initialized feature similarity graph constructor for POSIX_STRIDE3_STRIDE
2025-08-06 00:22:27,222 - INFO - Initialized feature similarity graph constructor for POSIX_STRIDE4_STRIDE
2025-08-06 00:22:27,222 - INFO - Initialized feature similarity graph constructor for POSIX_STRIDE1_COUNT
2025-08-06 00:22:27,222 - INFO - Initialized feature similarity graph constructor for POSIX_STRIDE2_COUNT
2025-08-06 00:22:27,222 - INFO - Initialized feature similarity graph constructor for POSIX_STRIDE3_COUNT
2025-08-06 00:22:27,222 - INFO - Initialized feature similarity graph constructor for POSIX_STRIDE4_COUNT
2025-08-06 00:22:27,222 - INFO - Initialized feature similarity graph constructor for POSIX_ACCESS1_ACCESS
2025-08-06 00:22:27,222 - INFO - Initialized feature similarity graph constructor for POSIX_ACCESS2_ACCESS
2025-08-06 00:22:27,222 - INFO - Initialized feature similarity graph constructor for POSIX_ACCESS3_ACCESS
2025-08-06 00:22:27,222 - INFO - Initialized feature similarity graph constructor for POSIX_ACCESS4_ACCESS
2025-08-06 00:22:27,222 - INFO - Initialized feature similarity graph constructor for POSIX_ACCESS1_COUNT
2025-08-06 00:22:27,222 - INFO - Initialized feature similarity graph constructor for POSIX_ACCESS2_COUNT
2025-08-06 00:22:27,222 - INFO - Initialized feature similarity graph constructor for POSIX_ACCESS3_COUNT
2025-08-06 00:22:27,222 - INFO - Initialized feature similarity graph constructor for POSIX_ACCESS4_COUNT
2025-08-06 00:22:27,222 - INFO - Initialized multiplex graph constructor for 45 features
2025-08-06 00:22:27,222 - INFO - Creating combined PyG data
2025-08-06 00:22:27,223 - INFO - Loading precomputed similarity from data/100K/similarity_output_merged_100K.pt
2025-08-06 00:23:16,067 - INFO - Loading precomputed similarity from data/100K/similarity_output_merged_100K.pt
2025-08-06 00:23:59,803 - INFO - Splitting data into train, validation, and test sets
2025-08-06 00:23:59,818 - INFO - Train: 69999, Val: 15001, Test: 15000
2025-08-06 00:23:59,823 - INFO - Saving processed data to logs/training/all/Experiment10/lightgbm/processed_data
2025-08-06 00:24:01,702 - INFO - Constructing multiplex graphs
2025-08-06 00:24:01,704 - INFO - Loading precomputed similarity from data/100K/similarity_output_merged_100K.pt
2025-08-06 00:24:41,265 - INFO - Creating combined PyG data
2025-08-06 00:24:41,265 - INFO - Loading precomputed similarity from data/100K/similarity_output_merged_100K.pt
2025-08-06 00:25:21,252 - INFO - Loading precomputed similarity from data/100K/similarity_output_merged_100K.pt
2025-08-06 00:26:12,214 - INFO - Saved processed data to logs/training/all/Experiment10/lightgbm/processed_data
2025-08-06 00:26:12,229 - INFO - Initialized lightgbm model
/u/mbanisharifdehkordi/.conda/envs/gnn4_env/lib/python3.9/site-packages/sklearn/utils/deprecation.py:151: FutureWarning: 'force_all_finite' was renamed to 'ensure_all_finite' in 1.6 and will be removed in 1.8.
  warnings.warn(
2025-08-06 00:26:15,964 - INFO - LightGBM model fitted with 45 features
Traceback (most recent call last):
  File "/u/mbanisharifdehkordi/Github/GNN_4_IO_4/scripts/train.py", line 539, in <module>
    main()
  File "/u/mbanisharifdehkordi/Github/GNN_4_IO_4/scripts/train.py", line 521, in main
    model, metrics = train_tabular_model(data, args, args.model_type)
  File "/u/mbanisharifdehkordi/Github/GNN_4_IO_4/scripts/train.py", line 308, in train_tabular_model
    metrics = model.evaluate(X_test, y_test)
TypeError: evaluate() missing 1 required positional argument: 'y'
2025-08-06 00:26:22,404 - INFO - Parsed arguments:
{
    "data_path": "data/100K/sample_100K.csv",
    "output_dir": "logs/training/all/Experiment10/catboost",
    "target_column": "tag",
    "important_features": null,
    "similarity_threshold": 0.05,
    "model_type": "catboost",
    "gnn_type": "gcn",
    "hidden_dim": 64,
    "num_layers": 2,
    "dropout": 0.1,
    "batch_size": 32,
    "epochs": 100,
    "lr": 0.001,
    "weight_decay": 0.0001,
    "patience": 10,
    "seed": 42,
    "device": "cuda",
    "precomputed_similarity_path": "data/100K/similarity_output_merged_100K.pt"
}
2025-08-06 00:26:22,411 - INFO - Using device: cuda
2025-08-06 00:26:22,411 - INFO - Initialized I/O data processor for data/100K/sample_100K.csv
2025-08-06 00:26:22,411 - INFO - Loading data from data/100K/sample_100K.csv
2025-08-06 00:26:22,706 - INFO - Loaded data with shape (100000, 46)
2025-08-06 00:26:22,706 - INFO - Preprocessing data
2025-08-06 00:26:22,706 - INFO - Initialized feature similarity graph constructor for nprocs
2025-08-06 00:26:22,706 - INFO - Initialized feature similarity graph constructor for POSIX_OPENS
2025-08-06 00:26:22,706 - INFO - Initialized feature similarity graph constructor for LUSTRE_STRIPE_SIZE
2025-08-06 00:26:22,706 - INFO - Initialized feature similarity graph constructor for LUSTRE_STRIPE_WIDTH
2025-08-06 00:26:22,706 - INFO - Initialized feature similarity graph constructor for POSIX_FILENOS
2025-08-06 00:26:22,706 - INFO - Initialized feature similarity graph constructor for POSIX_MEM_ALIGNMENT
2025-08-06 00:26:22,706 - INFO - Initialized feature similarity graph constructor for POSIX_FILE_ALIGNMENT
2025-08-06 00:26:22,706 - INFO - Initialized feature similarity graph constructor for POSIX_READS
2025-08-06 00:26:22,706 - INFO - Initialized feature similarity graph constructor for POSIX_WRITES
2025-08-06 00:26:22,706 - INFO - Initialized feature similarity graph constructor for POSIX_SEEKS
2025-08-06 00:26:22,706 - INFO - Initialized feature similarity graph constructor for POSIX_STATS
2025-08-06 00:26:22,706 - INFO - Initialized feature similarity graph constructor for POSIX_BYTES_READ
2025-08-06 00:26:22,706 - INFO - Initialized feature similarity graph constructor for POSIX_BYTES_WRITTEN
2025-08-06 00:26:22,706 - INFO - Initialized feature similarity graph constructor for POSIX_CONSEC_READS
2025-08-06 00:26:22,706 - INFO - Initialized feature similarity graph constructor for POSIX_CONSEC_WRITES
2025-08-06 00:26:22,707 - INFO - Initialized feature similarity graph constructor for POSIX_SEQ_READS
2025-08-06 00:26:22,707 - INFO - Initialized feature similarity graph constructor for POSIX_SEQ_WRITES
2025-08-06 00:26:22,707 - INFO - Initialized feature similarity graph constructor for POSIX_RW_SWITCHES
2025-08-06 00:26:22,707 - INFO - Initialized feature similarity graph constructor for POSIX_MEM_NOT_ALIGNED
2025-08-06 00:26:22,707 - INFO - Initialized feature similarity graph constructor for POSIX_FILE_NOT_ALIGNED
2025-08-06 00:26:22,707 - INFO - Initialized feature similarity graph constructor for POSIX_SIZE_READ_0_100
2025-08-06 00:26:22,707 - INFO - Initialized feature similarity graph constructor for POSIX_SIZE_READ_100_1K
2025-08-06 00:26:22,707 - INFO - Initialized feature similarity graph constructor for POSIX_SIZE_READ_1K_10K
2025-08-06 00:26:22,707 - INFO - Initialized feature similarity graph constructor for POSIX_SIZE_READ_100K_1M
2025-08-06 00:26:22,707 - INFO - Initialized feature similarity graph constructor for POSIX_SIZE_WRITE_0_100
2025-08-06 00:26:22,707 - INFO - Initialized feature similarity graph constructor for POSIX_SIZE_WRITE_100_1K
2025-08-06 00:26:22,707 - INFO - Initialized feature similarity graph constructor for POSIX_SIZE_WRITE_1K_10K
2025-08-06 00:26:22,707 - INFO - Initialized feature similarity graph constructor for POSIX_SIZE_WRITE_10K_100K
2025-08-06 00:26:22,707 - INFO - Initialized feature similarity graph constructor for POSIX_SIZE_WRITE_100K_1M
2025-08-06 00:26:22,707 - INFO - Initialized feature similarity graph constructor for POSIX_STRIDE1_STRIDE
2025-08-06 00:26:22,707 - INFO - Initialized feature similarity graph constructor for POSIX_STRIDE2_STRIDE
2025-08-06 00:26:22,707 - INFO - Initialized feature similarity graph constructor for POSIX_STRIDE3_STRIDE
2025-08-06 00:26:22,707 - INFO - Initialized feature similarity graph constructor for POSIX_STRIDE4_STRIDE
2025-08-06 00:26:22,707 - INFO - Initialized feature similarity graph constructor for POSIX_STRIDE1_COUNT
2025-08-06 00:26:22,707 - INFO - Initialized feature similarity graph constructor for POSIX_STRIDE2_COUNT
2025-08-06 00:26:22,707 - INFO - Initialized feature similarity graph constructor for POSIX_STRIDE3_COUNT
2025-08-06 00:26:22,707 - INFO - Initialized feature similarity graph constructor for POSIX_STRIDE4_COUNT
2025-08-06 00:26:22,707 - INFO - Initialized feature similarity graph constructor for POSIX_ACCESS1_ACCESS
2025-08-06 00:26:22,707 - INFO - Initialized feature similarity graph constructor for POSIX_ACCESS2_ACCESS
2025-08-06 00:26:22,707 - INFO - Initialized feature similarity graph constructor for POSIX_ACCESS3_ACCESS
2025-08-06 00:26:22,707 - INFO - Initialized feature similarity graph constructor for POSIX_ACCESS4_ACCESS
2025-08-06 00:26:22,707 - INFO - Initialized feature similarity graph constructor for POSIX_ACCESS1_COUNT
2025-08-06 00:26:22,707 - INFO - Initialized feature similarity graph constructor for POSIX_ACCESS2_COUNT
2025-08-06 00:26:22,707 - INFO - Initialized feature similarity graph constructor for POSIX_ACCESS3_COUNT
2025-08-06 00:26:22,707 - INFO - Initialized feature similarity graph constructor for POSIX_ACCESS4_COUNT
2025-08-06 00:26:22,707 - INFO - Initialized multiplex graph constructor for 45 features
2025-08-06 00:26:22,707 - INFO - Creating combined PyG data
2025-08-06 00:26:22,707 - INFO - Loading precomputed similarity from data/100K/similarity_output_merged_100K.pt
2025-08-06 00:27:11,678 - INFO - Loading precomputed similarity from data/100K/similarity_output_merged_100K.pt
2025-08-06 00:27:55,625 - INFO - Splitting data into train, validation, and test sets
2025-08-06 00:27:55,729 - INFO - Train: 69999, Val: 15001, Test: 15000
2025-08-06 00:27:55,734 - INFO - Saving processed data to logs/training/all/Experiment10/catboost/processed_data
2025-08-06 00:27:57,561 - INFO - Constructing multiplex graphs
2025-08-06 00:27:57,562 - INFO - Loading precomputed similarity from data/100K/similarity_output_merged_100K.pt
2025-08-06 00:28:37,734 - INFO - Creating combined PyG data
2025-08-06 00:28:37,734 - INFO - Loading precomputed similarity from data/100K/similarity_output_merged_100K.pt
2025-08-06 00:29:18,019 - INFO - Loading precomputed similarity from data/100K/similarity_output_merged_100K.pt
2025-08-06 00:30:09,569 - INFO - Saved processed data to logs/training/all/Experiment10/catboost/processed_data
2025-08-06 00:30:09,583 - INFO - Initialized catboost model
2025-08-06 00:30:12,826 - INFO - CatBoost model fitted with 45 features
Traceback (most recent call last):
  File "/u/mbanisharifdehkordi/Github/GNN_4_IO_4/scripts/train.py", line 539, in <module>
    main()
  File "/u/mbanisharifdehkordi/Github/GNN_4_IO_4/scripts/train.py", line 521, in main
    model, metrics = train_tabular_model(data, args, args.model_type)
  File "/u/mbanisharifdehkordi/Github/GNN_4_IO_4/scripts/train.py", line 308, in train_tabular_model
    metrics = model.evaluate(X_test, y_test)
TypeError: evaluate() missing 1 required positional argument: 'y'
2025-08-06 00:30:19,333 - INFO - Parsed arguments:
{
    "data_path": "data/100K/sample_100K.csv",
    "output_dir": "logs/training/all/Experiment10/xgboost",
    "target_column": "tag",
    "important_features": null,
    "similarity_threshold": 0.05,
    "model_type": "xgboost",
    "gnn_type": "gcn",
    "hidden_dim": 64,
    "num_layers": 2,
    "dropout": 0.1,
    "batch_size": 32,
    "epochs": 100,
    "lr": 0.001,
    "weight_decay": 0.0001,
    "patience": 10,
    "seed": 42,
    "device": "cuda",
    "precomputed_similarity_path": "data/100K/similarity_output_merged_100K.pt"
}
2025-08-06 00:30:19,341 - INFO - Using device: cuda
2025-08-06 00:30:19,341 - INFO - Initialized I/O data processor for data/100K/sample_100K.csv
2025-08-06 00:30:19,341 - INFO - Loading data from data/100K/sample_100K.csv
2025-08-06 00:30:19,642 - INFO - Loaded data with shape (100000, 46)
2025-08-06 00:30:19,642 - INFO - Preprocessing data
2025-08-06 00:30:19,642 - INFO - Initialized feature similarity graph constructor for nprocs
2025-08-06 00:30:19,642 - INFO - Initialized feature similarity graph constructor for POSIX_OPENS
2025-08-06 00:30:19,642 - INFO - Initialized feature similarity graph constructor for LUSTRE_STRIPE_SIZE
2025-08-06 00:30:19,642 - INFO - Initialized feature similarity graph constructor for LUSTRE_STRIPE_WIDTH
2025-08-06 00:30:19,642 - INFO - Initialized feature similarity graph constructor for POSIX_FILENOS
2025-08-06 00:30:19,642 - INFO - Initialized feature similarity graph constructor for POSIX_MEM_ALIGNMENT
2025-08-06 00:30:19,642 - INFO - Initialized feature similarity graph constructor for POSIX_FILE_ALIGNMENT
2025-08-06 00:30:19,642 - INFO - Initialized feature similarity graph constructor for POSIX_READS
2025-08-06 00:30:19,642 - INFO - Initialized feature similarity graph constructor for POSIX_WRITES
2025-08-06 00:30:19,642 - INFO - Initialized feature similarity graph constructor for POSIX_SEEKS
2025-08-06 00:30:19,642 - INFO - Initialized feature similarity graph constructor for POSIX_STATS
2025-08-06 00:30:19,642 - INFO - Initialized feature similarity graph constructor for POSIX_BYTES_READ
2025-08-06 00:30:19,642 - INFO - Initialized feature similarity graph constructor for POSIX_BYTES_WRITTEN
2025-08-06 00:30:19,642 - INFO - Initialized feature similarity graph constructor for POSIX_CONSEC_READS
2025-08-06 00:30:19,642 - INFO - Initialized feature similarity graph constructor for POSIX_CONSEC_WRITES
2025-08-06 00:30:19,642 - INFO - Initialized feature similarity graph constructor for POSIX_SEQ_READS
2025-08-06 00:30:19,642 - INFO - Initialized feature similarity graph constructor for POSIX_SEQ_WRITES
2025-08-06 00:30:19,642 - INFO - Initialized feature similarity graph constructor for POSIX_RW_SWITCHES
2025-08-06 00:30:19,642 - INFO - Initialized feature similarity graph constructor for POSIX_MEM_NOT_ALIGNED
2025-08-06 00:30:19,642 - INFO - Initialized feature similarity graph constructor for POSIX_FILE_NOT_ALIGNED
2025-08-06 00:30:19,642 - INFO - Initialized feature similarity graph constructor for POSIX_SIZE_READ_0_100
2025-08-06 00:30:19,642 - INFO - Initialized feature similarity graph constructor for POSIX_SIZE_READ_100_1K
2025-08-06 00:30:19,642 - INFO - Initialized feature similarity graph constructor for POSIX_SIZE_READ_1K_10K
2025-08-06 00:30:19,642 - INFO - Initialized feature similarity graph constructor for POSIX_SIZE_READ_100K_1M
2025-08-06 00:30:19,642 - INFO - Initialized feature similarity graph constructor for POSIX_SIZE_WRITE_0_100
2025-08-06 00:30:19,642 - INFO - Initialized feature similarity graph constructor for POSIX_SIZE_WRITE_100_1K
2025-08-06 00:30:19,642 - INFO - Initialized feature similarity graph constructor for POSIX_SIZE_WRITE_1K_10K
2025-08-06 00:30:19,642 - INFO - Initialized feature similarity graph constructor for POSIX_SIZE_WRITE_10K_100K
2025-08-06 00:30:19,642 - INFO - Initialized feature similarity graph constructor for POSIX_SIZE_WRITE_100K_1M
2025-08-06 00:30:19,642 - INFO - Initialized feature similarity graph constructor for POSIX_STRIDE1_STRIDE
2025-08-06 00:30:19,642 - INFO - Initialized feature similarity graph constructor for POSIX_STRIDE2_STRIDE
2025-08-06 00:30:19,642 - INFO - Initialized feature similarity graph constructor for POSIX_STRIDE3_STRIDE
2025-08-06 00:30:19,642 - INFO - Initialized feature similarity graph constructor for POSIX_STRIDE4_STRIDE
2025-08-06 00:30:19,642 - INFO - Initialized feature similarity graph constructor for POSIX_STRIDE1_COUNT
2025-08-06 00:30:19,642 - INFO - Initialized feature similarity graph constructor for POSIX_STRIDE2_COUNT
2025-08-06 00:30:19,642 - INFO - Initialized feature similarity graph constructor for POSIX_STRIDE3_COUNT
2025-08-06 00:30:19,642 - INFO - Initialized feature similarity graph constructor for POSIX_STRIDE4_COUNT
2025-08-06 00:30:19,642 - INFO - Initialized feature similarity graph constructor for POSIX_ACCESS1_ACCESS
2025-08-06 00:30:19,642 - INFO - Initialized feature similarity graph constructor for POSIX_ACCESS2_ACCESS
2025-08-06 00:30:19,642 - INFO - Initialized feature similarity graph constructor for POSIX_ACCESS3_ACCESS
2025-08-06 00:30:19,642 - INFO - Initialized feature similarity graph constructor for POSIX_ACCESS4_ACCESS
2025-08-06 00:30:19,642 - INFO - Initialized feature similarity graph constructor for POSIX_ACCESS1_COUNT
2025-08-06 00:30:19,642 - INFO - Initialized feature similarity graph constructor for POSIX_ACCESS2_COUNT
2025-08-06 00:30:19,642 - INFO - Initialized feature similarity graph constructor for POSIX_ACCESS3_COUNT
2025-08-06 00:30:19,642 - INFO - Initialized feature similarity graph constructor for POSIX_ACCESS4_COUNT
2025-08-06 00:30:19,642 - INFO - Initialized multiplex graph constructor for 45 features
2025-08-06 00:30:19,642 - INFO - Creating combined PyG data
2025-08-06 00:30:19,643 - INFO - Loading precomputed similarity from data/100K/similarity_output_merged_100K.pt
2025-08-06 00:31:09,019 - INFO - Loading precomputed similarity from data/100K/similarity_output_merged_100K.pt
2025-08-06 00:31:53,303 - INFO - Splitting data into train, validation, and test sets
2025-08-06 00:31:53,395 - INFO - Train: 69999, Val: 15001, Test: 15000
2025-08-06 00:31:53,401 - INFO - Saving processed data to logs/training/all/Experiment10/xgboost/processed_data
2025-08-06 00:31:55,212 - INFO - Constructing multiplex graphs
2025-08-06 00:31:55,213 - INFO - Loading precomputed similarity from data/100K/similarity_output_merged_100K.pt
2025-08-06 00:32:32,749 - INFO - Creating combined PyG data
2025-08-06 00:32:32,749 - INFO - Loading precomputed similarity from data/100K/similarity_output_merged_100K.pt
2025-08-06 00:33:11,791 - INFO - Loading precomputed similarity from data/100K/similarity_output_merged_100K.pt
2025-08-06 00:34:02,218 - INFO - Saved processed data to logs/training/all/Experiment10/xgboost/processed_data
2025-08-06 00:34:02,234 - INFO - Initialized xgboost model
2025-08-06 00:34:04,877 - INFO - XGBoost model fitted with 45 features
Traceback (most recent call last):
  File "/u/mbanisharifdehkordi/Github/GNN_4_IO_4/scripts/train.py", line 539, in <module>
    main()
  File "/u/mbanisharifdehkordi/Github/GNN_4_IO_4/scripts/train.py", line 521, in main
    model, metrics = train_tabular_model(data, args, args.model_type)
  File "/u/mbanisharifdehkordi/Github/GNN_4_IO_4/scripts/train.py", line 308, in train_tabular_model
    metrics = model.evaluate(X_test, y_test)
TypeError: evaluate() missing 1 required positional argument: 'y'
2025-08-06 00:34:11,487 - INFO - Parsed arguments:
{
    "data_path": "data/100K/sample_100K.csv",
    "output_dir": "logs/training/all/Experiment10/mlp",
    "target_column": "tag",
    "important_features": null,
    "similarity_threshold": 0.05,
    "model_type": "mlp",
    "gnn_type": "gcn",
    "hidden_dim": 64,
    "num_layers": 2,
    "dropout": 0.1,
    "batch_size": 32,
    "epochs": 100,
    "lr": 0.001,
    "weight_decay": 0.0001,
    "patience": 10,
    "seed": 42,
    "device": "cuda",
    "precomputed_similarity_path": "data/100K/similarity_output_merged_100K.pt"
}
2025-08-06 00:34:11,494 - INFO - Using device: cuda
2025-08-06 00:34:11,494 - INFO - Initialized I/O data processor for data/100K/sample_100K.csv
2025-08-06 00:34:11,494 - INFO - Loading data from data/100K/sample_100K.csv
2025-08-06 00:34:11,797 - INFO - Loaded data with shape (100000, 46)
2025-08-06 00:34:11,797 - INFO - Preprocessing data
2025-08-06 00:34:11,797 - INFO - Initialized feature similarity graph constructor for nprocs
2025-08-06 00:34:11,797 - INFO - Initialized feature similarity graph constructor for POSIX_OPENS
2025-08-06 00:34:11,797 - INFO - Initialized feature similarity graph constructor for LUSTRE_STRIPE_SIZE
2025-08-06 00:34:11,797 - INFO - Initialized feature similarity graph constructor for LUSTRE_STRIPE_WIDTH
2025-08-06 00:34:11,797 - INFO - Initialized feature similarity graph constructor for POSIX_FILENOS
2025-08-06 00:34:11,797 - INFO - Initialized feature similarity graph constructor for POSIX_MEM_ALIGNMENT
2025-08-06 00:34:11,797 - INFO - Initialized feature similarity graph constructor for POSIX_FILE_ALIGNMENT
2025-08-06 00:34:11,797 - INFO - Initialized feature similarity graph constructor for POSIX_READS
2025-08-06 00:34:11,797 - INFO - Initialized feature similarity graph constructor for POSIX_WRITES
2025-08-06 00:34:11,797 - INFO - Initialized feature similarity graph constructor for POSIX_SEEKS
2025-08-06 00:34:11,797 - INFO - Initialized feature similarity graph constructor for POSIX_STATS
2025-08-06 00:34:11,797 - INFO - Initialized feature similarity graph constructor for POSIX_BYTES_READ
2025-08-06 00:34:11,797 - INFO - Initialized feature similarity graph constructor for POSIX_BYTES_WRITTEN
2025-08-06 00:34:11,797 - INFO - Initialized feature similarity graph constructor for POSIX_CONSEC_READS
2025-08-06 00:34:11,797 - INFO - Initialized feature similarity graph constructor for POSIX_CONSEC_WRITES
2025-08-06 00:34:11,797 - INFO - Initialized feature similarity graph constructor for POSIX_SEQ_READS
2025-08-06 00:34:11,797 - INFO - Initialized feature similarity graph constructor for POSIX_SEQ_WRITES
2025-08-06 00:34:11,797 - INFO - Initialized feature similarity graph constructor for POSIX_RW_SWITCHES
2025-08-06 00:34:11,797 - INFO - Initialized feature similarity graph constructor for POSIX_MEM_NOT_ALIGNED
2025-08-06 00:34:11,797 - INFO - Initialized feature similarity graph constructor for POSIX_FILE_NOT_ALIGNED
2025-08-06 00:34:11,797 - INFO - Initialized feature similarity graph constructor for POSIX_SIZE_READ_0_100
2025-08-06 00:34:11,797 - INFO - Initialized feature similarity graph constructor for POSIX_SIZE_READ_100_1K
2025-08-06 00:34:11,797 - INFO - Initialized feature similarity graph constructor for POSIX_SIZE_READ_1K_10K
2025-08-06 00:34:11,797 - INFO - Initialized feature similarity graph constructor for POSIX_SIZE_READ_100K_1M
2025-08-06 00:34:11,797 - INFO - Initialized feature similarity graph constructor for POSIX_SIZE_WRITE_0_100
2025-08-06 00:34:11,797 - INFO - Initialized feature similarity graph constructor for POSIX_SIZE_WRITE_100_1K
2025-08-06 00:34:11,797 - INFO - Initialized feature similarity graph constructor for POSIX_SIZE_WRITE_1K_10K
2025-08-06 00:34:11,797 - INFO - Initialized feature similarity graph constructor for POSIX_SIZE_WRITE_10K_100K
2025-08-06 00:34:11,797 - INFO - Initialized feature similarity graph constructor for POSIX_SIZE_WRITE_100K_1M
2025-08-06 00:34:11,797 - INFO - Initialized feature similarity graph constructor for POSIX_STRIDE1_STRIDE
2025-08-06 00:34:11,797 - INFO - Initialized feature similarity graph constructor for POSIX_STRIDE2_STRIDE
2025-08-06 00:34:11,797 - INFO - Initialized feature similarity graph constructor for POSIX_STRIDE3_STRIDE
2025-08-06 00:34:11,797 - INFO - Initialized feature similarity graph constructor for POSIX_STRIDE4_STRIDE
2025-08-06 00:34:11,797 - INFO - Initialized feature similarity graph constructor for POSIX_STRIDE1_COUNT
2025-08-06 00:34:11,797 - INFO - Initialized feature similarity graph constructor for POSIX_STRIDE2_COUNT
2025-08-06 00:34:11,797 - INFO - Initialized feature similarity graph constructor for POSIX_STRIDE3_COUNT
2025-08-06 00:34:11,797 - INFO - Initialized feature similarity graph constructor for POSIX_STRIDE4_COUNT
2025-08-06 00:34:11,797 - INFO - Initialized feature similarity graph constructor for POSIX_ACCESS1_ACCESS
2025-08-06 00:34:11,797 - INFO - Initialized feature similarity graph constructor for POSIX_ACCESS2_ACCESS
2025-08-06 00:34:11,797 - INFO - Initialized feature similarity graph constructor for POSIX_ACCESS3_ACCESS
2025-08-06 00:34:11,797 - INFO - Initialized feature similarity graph constructor for POSIX_ACCESS4_ACCESS
2025-08-06 00:34:11,797 - INFO - Initialized feature similarity graph constructor for POSIX_ACCESS1_COUNT
2025-08-06 00:34:11,797 - INFO - Initialized feature similarity graph constructor for POSIX_ACCESS2_COUNT
2025-08-06 00:34:11,797 - INFO - Initialized feature similarity graph constructor for POSIX_ACCESS3_COUNT
2025-08-06 00:34:11,797 - INFO - Initialized feature similarity graph constructor for POSIX_ACCESS4_COUNT
2025-08-06 00:34:11,797 - INFO - Initialized multiplex graph constructor for 45 features
2025-08-06 00:34:11,798 - INFO - Creating combined PyG data
2025-08-06 00:34:11,799 - INFO - Loading precomputed similarity from data/100K/similarity_output_merged_100K.pt
2025-08-06 00:35:01,540 - INFO - Loading precomputed similarity from data/100K/similarity_output_merged_100K.pt
2025-08-06 00:35:46,304 - INFO - Splitting data into train, validation, and test sets
2025-08-06 00:35:46,396 - INFO - Train: 69999, Val: 15001, Test: 15000
2025-08-06 00:35:46,403 - INFO - Saving processed data to logs/training/all/Experiment10/mlp/processed_data
2025-08-06 00:35:48,234 - INFO - Constructing multiplex graphs
2025-08-06 00:35:48,235 - INFO - Loading precomputed similarity from data/100K/similarity_output_merged_100K.pt
2025-08-06 00:36:28,828 - INFO - Creating combined PyG data
2025-08-06 00:36:28,828 - INFO - Loading precomputed similarity from data/100K/similarity_output_merged_100K.pt
2025-08-06 00:37:09,570 - INFO - Loading precomputed similarity from data/100K/similarity_output_merged_100K.pt
2025-08-06 00:38:01,335 - INFO - Saved processed data to logs/training/all/Experiment10/mlp/processed_data
2025-08-06 00:38:01,349 - INFO - Initialized mlp model
2025-08-06 00:38:19,745 - INFO - MLP model fitted with 45 features
Traceback (most recent call last):
  File "/u/mbanisharifdehkordi/Github/GNN_4_IO_4/scripts/train.py", line 539, in <module>
    main()
  File "/u/mbanisharifdehkordi/Github/GNN_4_IO_4/scripts/train.py", line 521, in main
    model, metrics = train_tabular_model(data, args, args.model_type)
  File "/u/mbanisharifdehkordi/Github/GNN_4_IO_4/scripts/train.py", line 308, in train_tabular_model
    metrics = model.evaluate(X_test, y_test)
TypeError: evaluate() missing 1 required positional argument: 'y'
2025-08-06 00:38:26,162 - INFO - Parsed arguments:
{
    "data_path": "data/100K/sample_100K.csv",
    "output_dir": "logs/training/all/Experiment10/tabnet",
    "target_column": "tag",
    "important_features": null,
    "similarity_threshold": 0.05,
    "model_type": "tabnet",
    "gnn_type": "gcn",
    "hidden_dim": 64,
    "num_layers": 2,
    "dropout": 0.1,
    "batch_size": 32,
    "epochs": 100,
    "lr": 0.001,
    "weight_decay": 0.0001,
    "patience": 10,
    "seed": 42,
    "device": "cuda",
    "precomputed_similarity_path": "data/100K/similarity_output_merged_100K.pt"
}
2025-08-06 00:38:26,169 - INFO - Using device: cuda
2025-08-06 00:38:26,169 - INFO - Initialized I/O data processor for data/100K/sample_100K.csv
2025-08-06 00:38:26,169 - INFO - Loading data from data/100K/sample_100K.csv
2025-08-06 00:38:26,467 - INFO - Loaded data with shape (100000, 46)
2025-08-06 00:38:26,467 - INFO - Preprocessing data
2025-08-06 00:38:26,467 - INFO - Initialized feature similarity graph constructor for nprocs
2025-08-06 00:38:26,467 - INFO - Initialized feature similarity graph constructor for POSIX_OPENS
2025-08-06 00:38:26,467 - INFO - Initialized feature similarity graph constructor for LUSTRE_STRIPE_SIZE
2025-08-06 00:38:26,467 - INFO - Initialized feature similarity graph constructor for LUSTRE_STRIPE_WIDTH
2025-08-06 00:38:26,467 - INFO - Initialized feature similarity graph constructor for POSIX_FILENOS
2025-08-06 00:38:26,467 - INFO - Initialized feature similarity graph constructor for POSIX_MEM_ALIGNMENT
2025-08-06 00:38:26,467 - INFO - Initialized feature similarity graph constructor for POSIX_FILE_ALIGNMENT
2025-08-06 00:38:26,467 - INFO - Initialized feature similarity graph constructor for POSIX_READS
2025-08-06 00:38:26,467 - INFO - Initialized feature similarity graph constructor for POSIX_WRITES
2025-08-06 00:38:26,467 - INFO - Initialized feature similarity graph constructor for POSIX_SEEKS
2025-08-06 00:38:26,467 - INFO - Initialized feature similarity graph constructor for POSIX_STATS
2025-08-06 00:38:26,467 - INFO - Initialized feature similarity graph constructor for POSIX_BYTES_READ
2025-08-06 00:38:26,467 - INFO - Initialized feature similarity graph constructor for POSIX_BYTES_WRITTEN
2025-08-06 00:38:26,467 - INFO - Initialized feature similarity graph constructor for POSIX_CONSEC_READS
2025-08-06 00:38:26,467 - INFO - Initialized feature similarity graph constructor for POSIX_CONSEC_WRITES
2025-08-06 00:38:26,467 - INFO - Initialized feature similarity graph constructor for POSIX_SEQ_READS
2025-08-06 00:38:26,467 - INFO - Initialized feature similarity graph constructor for POSIX_SEQ_WRITES
2025-08-06 00:38:26,467 - INFO - Initialized feature similarity graph constructor for POSIX_RW_SWITCHES
2025-08-06 00:38:26,467 - INFO - Initialized feature similarity graph constructor for POSIX_MEM_NOT_ALIGNED
2025-08-06 00:38:26,467 - INFO - Initialized feature similarity graph constructor for POSIX_FILE_NOT_ALIGNED
2025-08-06 00:38:26,467 - INFO - Initialized feature similarity graph constructor for POSIX_SIZE_READ_0_100
2025-08-06 00:38:26,467 - INFO - Initialized feature similarity graph constructor for POSIX_SIZE_READ_100_1K
2025-08-06 00:38:26,467 - INFO - Initialized feature similarity graph constructor for POSIX_SIZE_READ_1K_10K
2025-08-06 00:38:26,467 - INFO - Initialized feature similarity graph constructor for POSIX_SIZE_READ_100K_1M
2025-08-06 00:38:26,467 - INFO - Initialized feature similarity graph constructor for POSIX_SIZE_WRITE_0_100
2025-08-06 00:38:26,467 - INFO - Initialized feature similarity graph constructor for POSIX_SIZE_WRITE_100_1K
2025-08-06 00:38:26,467 - INFO - Initialized feature similarity graph constructor for POSIX_SIZE_WRITE_1K_10K
2025-08-06 00:38:26,467 - INFO - Initialized feature similarity graph constructor for POSIX_SIZE_WRITE_10K_100K
2025-08-06 00:38:26,467 - INFO - Initialized feature similarity graph constructor for POSIX_SIZE_WRITE_100K_1M
2025-08-06 00:38:26,467 - INFO - Initialized feature similarity graph constructor for POSIX_STRIDE1_STRIDE
2025-08-06 00:38:26,467 - INFO - Initialized feature similarity graph constructor for POSIX_STRIDE2_STRIDE
2025-08-06 00:38:26,467 - INFO - Initialized feature similarity graph constructor for POSIX_STRIDE3_STRIDE
2025-08-06 00:38:26,467 - INFO - Initialized feature similarity graph constructor for POSIX_STRIDE4_STRIDE
2025-08-06 00:38:26,467 - INFO - Initialized feature similarity graph constructor for POSIX_STRIDE1_COUNT
2025-08-06 00:38:26,467 - INFO - Initialized feature similarity graph constructor for POSIX_STRIDE2_COUNT
2025-08-06 00:38:26,467 - INFO - Initialized feature similarity graph constructor for POSIX_STRIDE3_COUNT
2025-08-06 00:38:26,467 - INFO - Initialized feature similarity graph constructor for POSIX_STRIDE4_COUNT
2025-08-06 00:38:26,467 - INFO - Initialized feature similarity graph constructor for POSIX_ACCESS1_ACCESS
2025-08-06 00:38:26,467 - INFO - Initialized feature similarity graph constructor for POSIX_ACCESS2_ACCESS
2025-08-06 00:38:26,467 - INFO - Initialized feature similarity graph constructor for POSIX_ACCESS3_ACCESS
2025-08-06 00:38:26,467 - INFO - Initialized feature similarity graph constructor for POSIX_ACCESS4_ACCESS
2025-08-06 00:38:26,467 - INFO - Initialized feature similarity graph constructor for POSIX_ACCESS1_COUNT
2025-08-06 00:38:26,467 - INFO - Initialized feature similarity graph constructor for POSIX_ACCESS2_COUNT
2025-08-06 00:38:26,467 - INFO - Initialized feature similarity graph constructor for POSIX_ACCESS3_COUNT
2025-08-06 00:38:26,467 - INFO - Initialized feature similarity graph constructor for POSIX_ACCESS4_COUNT
2025-08-06 00:38:26,467 - INFO - Initialized multiplex graph constructor for 45 features
2025-08-06 00:38:26,467 - INFO - Creating combined PyG data
2025-08-06 00:38:26,468 - INFO - Loading precomputed similarity from data/100K/similarity_output_merged_100K.pt
