2025-08-05 18:12:09,935 - INFO - Parsed arguments:
{
    "data_path": "data/100K/sample_100K.csv",
    "output_dir": "logs/training/all/Experiment10/tabgnn",
    "target_column": "tag",
    "important_features": null,
    "similarity_threshold": 0.05,
    "model_type": "tabgnn",
    "gnn_type": "gcn",
    "hidden_dim": 64,
    "num_layers": 2,
    "dropout": 0.1,
    "batch_size": 32,
    "epochs": 100,
    "lr": 0.001,
    "weight_decay": 0.0001,
    "patience": 10,
    "seed": 42,
    "device": "cuda",
    "precomputed_similarity_path": "data/100K/similarity_output_merged_100K.pt"
}
2025-08-05 18:12:09,959 - INFO - Using device: cuda
2025-08-05 18:12:09,959 - INFO - Initialized I/O data processor for data/100K/sample_100K.csv
2025-08-05 18:12:09,959 - INFO - Loading data from data/100K/sample_100K.csv
2025-08-05 18:12:10,350 - INFO - Loaded data with shape (100000, 46)
2025-08-05 18:12:10,350 - INFO - Preprocessing data
2025-08-05 18:12:10,350 - INFO - Initialized feature similarity graph constructor for nprocs
2025-08-05 18:12:10,350 - INFO - Initialized feature similarity graph constructor for POSIX_OPENS
2025-08-05 18:12:10,350 - INFO - Initialized feature similarity graph constructor for LUSTRE_STRIPE_SIZE
2025-08-05 18:12:10,350 - INFO - Initialized feature similarity graph constructor for LUSTRE_STRIPE_WIDTH
2025-08-05 18:12:10,350 - INFO - Initialized feature similarity graph constructor for POSIX_FILENOS
2025-08-05 18:12:10,350 - INFO - Initialized feature similarity graph constructor for POSIX_MEM_ALIGNMENT
2025-08-05 18:12:10,350 - INFO - Initialized feature similarity graph constructor for POSIX_FILE_ALIGNMENT
2025-08-05 18:12:10,350 - INFO - Initialized feature similarity graph constructor for POSIX_READS
2025-08-05 18:12:10,350 - INFO - Initialized feature similarity graph constructor for POSIX_WRITES
2025-08-05 18:12:10,350 - INFO - Initialized feature similarity graph constructor for POSIX_SEEKS
2025-08-05 18:12:10,350 - INFO - Initialized feature similarity graph constructor for POSIX_STATS
2025-08-05 18:12:10,350 - INFO - Initialized feature similarity graph constructor for POSIX_BYTES_READ
2025-08-05 18:12:10,350 - INFO - Initialized feature similarity graph constructor for POSIX_BYTES_WRITTEN
2025-08-05 18:12:10,350 - INFO - Initialized feature similarity graph constructor for POSIX_CONSEC_READS
2025-08-05 18:12:10,350 - INFO - Initialized feature similarity graph constructor for POSIX_CONSEC_WRITES
2025-08-05 18:12:10,350 - INFO - Initialized feature similarity graph constructor for POSIX_SEQ_READS
2025-08-05 18:12:10,350 - INFO - Initialized feature similarity graph constructor for POSIX_SEQ_WRITES
2025-08-05 18:12:10,350 - INFO - Initialized feature similarity graph constructor for POSIX_RW_SWITCHES
2025-08-05 18:12:10,350 - INFO - Initialized feature similarity graph constructor for POSIX_MEM_NOT_ALIGNED
2025-08-05 18:12:10,350 - INFO - Initialized feature similarity graph constructor for POSIX_FILE_NOT_ALIGNED
2025-08-05 18:12:10,350 - INFO - Initialized feature similarity graph constructor for POSIX_SIZE_READ_0_100
2025-08-05 18:12:10,350 - INFO - Initialized feature similarity graph constructor for POSIX_SIZE_READ_100_1K
2025-08-05 18:12:10,350 - INFO - Initialized feature similarity graph constructor for POSIX_SIZE_READ_1K_10K
2025-08-05 18:12:10,350 - INFO - Initialized feature similarity graph constructor for POSIX_SIZE_READ_100K_1M
2025-08-05 18:12:10,350 - INFO - Initialized feature similarity graph constructor for POSIX_SIZE_WRITE_0_100
2025-08-05 18:12:10,350 - INFO - Initialized feature similarity graph constructor for POSIX_SIZE_WRITE_100_1K
2025-08-05 18:12:10,350 - INFO - Initialized feature similarity graph constructor for POSIX_SIZE_WRITE_1K_10K
2025-08-05 18:12:10,350 - INFO - Initialized feature similarity graph constructor for POSIX_SIZE_WRITE_10K_100K
2025-08-05 18:12:10,350 - INFO - Initialized feature similarity graph constructor for POSIX_SIZE_WRITE_100K_1M
2025-08-05 18:12:10,350 - INFO - Initialized feature similarity graph constructor for POSIX_STRIDE1_STRIDE
2025-08-05 18:12:10,350 - INFO - Initialized feature similarity graph constructor for POSIX_STRIDE2_STRIDE
2025-08-05 18:12:10,350 - INFO - Initialized feature similarity graph constructor for POSIX_STRIDE3_STRIDE
2025-08-05 18:12:10,350 - INFO - Initialized feature similarity graph constructor for POSIX_STRIDE4_STRIDE
2025-08-05 18:12:10,350 - INFO - Initialized feature similarity graph constructor for POSIX_STRIDE1_COUNT
2025-08-05 18:12:10,350 - INFO - Initialized feature similarity graph constructor for POSIX_STRIDE2_COUNT
2025-08-05 18:12:10,350 - INFO - Initialized feature similarity graph constructor for POSIX_STRIDE3_COUNT
2025-08-05 18:12:10,350 - INFO - Initialized feature similarity graph constructor for POSIX_STRIDE4_COUNT
2025-08-05 18:12:10,350 - INFO - Initialized feature similarity graph constructor for POSIX_ACCESS1_ACCESS
2025-08-05 18:12:10,350 - INFO - Initialized feature similarity graph constructor for POSIX_ACCESS2_ACCESS
2025-08-05 18:12:10,350 - INFO - Initialized feature similarity graph constructor for POSIX_ACCESS3_ACCESS
2025-08-05 18:12:10,350 - INFO - Initialized feature similarity graph constructor for POSIX_ACCESS4_ACCESS
2025-08-05 18:12:10,350 - INFO - Initialized feature similarity graph constructor for POSIX_ACCESS1_COUNT
2025-08-05 18:12:10,350 - INFO - Initialized feature similarity graph constructor for POSIX_ACCESS2_COUNT
2025-08-05 18:12:10,350 - INFO - Initialized feature similarity graph constructor for POSIX_ACCESS3_COUNT
2025-08-05 18:12:10,350 - INFO - Initialized feature similarity graph constructor for POSIX_ACCESS4_COUNT
2025-08-05 18:12:10,350 - INFO - Initialized multiplex graph constructor for 45 features
2025-08-05 18:12:10,350 - INFO - Creating combined PyG data
2025-08-05 18:12:10,351 - INFO - Loading precomputed similarity from data/100K/similarity_output_merged_100K.pt
2025-08-05 18:13:00,508 - INFO - Loading precomputed similarity from data/100K/similarity_output_merged_100K.pt
2025-08-05 18:13:45,212 - INFO - Splitting data into train, validation, and test sets
2025-08-05 18:13:45,347 - INFO - Train: 69999, Val: 15001, Test: 15000
2025-08-05 18:13:45,353 - INFO - Saving processed data to logs/training/all/Experiment10/tabgnn/processed_data
2025-08-05 18:13:47,181 - INFO - Constructing multiplex graphs
2025-08-05 18:13:47,181 - INFO - Loading precomputed similarity from data/100K/similarity_output_merged_100K.pt
2025-08-05 18:14:27,823 - INFO - Creating combined PyG data
2025-08-05 18:14:27,824 - INFO - Loading precomputed similarity from data/100K/similarity_output_merged_100K.pt
2025-08-05 18:15:08,417 - INFO - Loading precomputed similarity from data/100K/similarity_output_merged_100K.pt
2025-08-05 18:16:00,231 - INFO - Saved processed data to logs/training/all/Experiment10/tabgnn/processed_data
2025-08-05 18:16:00,711 - INFO - Initialized GCN model with 2 layers
2025-08-05 18:16:00,712 - INFO - Initialized TabGNN regressor with 1 graph types
2025-08-05 18:16:02,019 - INFO - Epoch 1/100: Train Loss: 0.0163, Val Loss: 0.0082, Test Loss: 0.0078
2025-08-05 18:16:02,196 - INFO - Epoch 2/100: Train Loss: 0.0083, Val Loss: 0.0050, Test Loss: 0.0050
2025-08-05 18:16:02,352 - INFO - Epoch 3/100: Train Loss: 0.0055, Val Loss: 0.0043, Test Loss: 0.0043
2025-08-05 18:16:02,509 - INFO - Epoch 4/100: Train Loss: 0.0047, Val Loss: 0.0041, Test Loss: 0.0040
2025-08-05 18:16:02,665 - INFO - Epoch 5/100: Train Loss: 0.0043, Val Loss: 0.0033, Test Loss: 0.0033
2025-08-05 18:16:02,821 - INFO - Epoch 6/100: Train Loss: 0.0036, Val Loss: 0.0026, Test Loss: 0.0026
2025-08-05 18:16:02,978 - INFO - Epoch 7/100: Train Loss: 0.0030, Val Loss: 0.0025, Test Loss: 0.0025
2025-08-05 18:16:03,135 - INFO - Epoch 8/100: Train Loss: 0.0031, Val Loss: 0.0024, Test Loss: 0.0024
2025-08-05 18:16:03,292 - INFO - Epoch 9/100: Train Loss: 0.0030, Val Loss: 0.0021, Test Loss: 0.0021
2025-08-05 18:16:03,448 - INFO - Epoch 10/100: Train Loss: 0.0025, Val Loss: 0.0017, Test Loss: 0.0017
2025-08-05 18:16:03,605 - INFO - Epoch 11/100: Train Loss: 0.0023, Val Loss: 0.0015, Test Loss: 0.0016
2025-08-05 18:16:03,761 - INFO - Epoch 12/100: Train Loss: 0.0020, Val Loss: 0.0015, Test Loss: 0.0015
2025-08-05 18:16:03,918 - INFO - Epoch 13/100: Train Loss: 0.0019, Val Loss: 0.0014, Test Loss: 0.0014
2025-08-05 18:16:04,074 - INFO - Epoch 14/100: Train Loss: 0.0017, Val Loss: 0.0013, Test Loss: 0.0012
2025-08-05 18:16:04,230 - INFO - Epoch 15/100: Train Loss: 0.0015, Val Loss: 0.0011, Test Loss: 0.0011
2025-08-05 18:16:04,387 - INFO - Epoch 16/100: Train Loss: 0.0015, Val Loss: 0.0009, Test Loss: 0.0009
2025-08-05 18:16:04,543 - INFO - Epoch 17/100: Train Loss: 0.0013, Val Loss: 0.0008, Test Loss: 0.0008
2025-08-05 18:16:04,699 - INFO - Epoch 18/100: Train Loss: 0.0013, Val Loss: 0.0008, Test Loss: 0.0009
2025-08-05 18:16:04,855 - INFO - Epoch 19/100: Train Loss: 0.0013, Val Loss: 0.0009, Test Loss: 0.0009
2025-08-05 18:16:05,012 - INFO - Epoch 20/100: Train Loss: 0.0014, Val Loss: 0.0009, Test Loss: 0.0009
2025-08-05 18:16:05,168 - INFO - Epoch 21/100: Train Loss: 0.0013, Val Loss: 0.0009, Test Loss: 0.0009
2025-08-05 18:16:05,325 - INFO - Epoch 22/100: Train Loss: 0.0013, Val Loss: 0.0009, Test Loss: 0.0009
2025-08-05 18:16:05,481 - INFO - Epoch 23/100: Train Loss: 0.0012, Val Loss: 0.0009, Test Loss: 0.0009
2025-08-05 18:16:05,637 - INFO - Epoch 24/100: Train Loss: 0.0012, Val Loss: 0.0009, Test Loss: 0.0009
2025-08-05 18:16:05,793 - INFO - Epoch 25/100: Train Loss: 0.0012, Val Loss: 0.0009, Test Loss: 0.0009
2025-08-05 18:16:05,949 - INFO - Epoch 26/100: Train Loss: 0.0012, Val Loss: 0.0008, Test Loss: 0.0008
2025-08-05 18:16:06,105 - INFO - Epoch 27/100: Train Loss: 0.0011, Val Loss: 0.0008, Test Loss: 0.0008
2025-08-05 18:16:06,262 - INFO - Epoch 28/100: Train Loss: 0.0011, Val Loss: 0.0008, Test Loss: 0.0008
2025-08-05 18:16:06,419 - INFO - Epoch 29/100: Train Loss: 0.0011, Val Loss: 0.0007, Test Loss: 0.0007
2025-08-05 18:16:06,575 - INFO - Epoch 30/100: Train Loss: 0.0011, Val Loss: 0.0007, Test Loss: 0.0007
2025-08-05 18:16:06,731 - INFO - Epoch 31/100: Train Loss: 0.0010, Val Loss: 0.0007, Test Loss: 0.0007
2025-08-05 18:16:06,888 - INFO - Epoch 32/100: Train Loss: 0.0010, Val Loss: 0.0007, Test Loss: 0.0007
2025-08-05 18:16:07,044 - INFO - Epoch 33/100: Train Loss: 0.0010, Val Loss: 0.0007, Test Loss: 0.0007
2025-08-05 18:16:07,200 - INFO - Epoch 34/100: Train Loss: 0.0010, Val Loss: 0.0007, Test Loss: 0.0007
2025-08-05 18:16:07,356 - INFO - Epoch 35/100: Train Loss: 0.0010, Val Loss: 0.0007, Test Loss: 0.0007
2025-08-05 18:16:07,512 - INFO - Epoch 36/100: Train Loss: 0.0010, Val Loss: 0.0007, Test Loss: 0.0007
2025-08-05 18:16:07,669 - INFO - Epoch 37/100: Train Loss: 0.0010, Val Loss: 0.0007, Test Loss: 0.0007
2025-08-05 18:16:07,825 - INFO - Epoch 38/100: Train Loss: 0.0010, Val Loss: 0.0007, Test Loss: 0.0007
2025-08-05 18:16:07,981 - INFO - Epoch 39/100: Train Loss: 0.0010, Val Loss: 0.0007, Test Loss: 0.0007
2025-08-05 18:16:08,137 - INFO - Epoch 40/100: Train Loss: 0.0009, Val Loss: 0.0007, Test Loss: 0.0007
2025-08-05 18:16:08,294 - INFO - Epoch 41/100: Train Loss: 0.0009, Val Loss: 0.0007, Test Loss: 0.0007
2025-08-05 18:16:08,450 - INFO - Epoch 42/100: Train Loss: 0.0009, Val Loss: 0.0007, Test Loss: 0.0007
2025-08-05 18:16:08,606 - INFO - Epoch 43/100: Train Loss: 0.0009, Val Loss: 0.0007, Test Loss: 0.0007
2025-08-05 18:16:08,762 - INFO - Epoch 44/100: Train Loss: 0.0009, Val Loss: 0.0007, Test Loss: 0.0007
2025-08-05 18:16:08,918 - INFO - Epoch 45/100: Train Loss: 0.0009, Val Loss: 0.0007, Test Loss: 0.0007
2025-08-05 18:16:09,075 - INFO - Epoch 46/100: Train Loss: 0.0009, Val Loss: 0.0007, Test Loss: 0.0007
2025-08-05 18:16:09,231 - INFO - Epoch 47/100: Train Loss: 0.0009, Val Loss: 0.0007, Test Loss: 0.0007
2025-08-05 18:16:09,388 - INFO - Epoch 48/100: Train Loss: 0.0009, Val Loss: 0.0007, Test Loss: 0.0007
2025-08-05 18:16:09,544 - INFO - Epoch 49/100: Train Loss: 0.0009, Val Loss: 0.0007, Test Loss: 0.0007
2025-08-05 18:16:09,701 - INFO - Epoch 50/100: Train Loss: 0.0009, Val Loss: 0.0007, Test Loss: 0.0007
2025-08-05 18:16:09,857 - INFO - Epoch 51/100: Train Loss: 0.0009, Val Loss: 0.0006, Test Loss: 0.0007
2025-08-05 18:16:10,013 - INFO - Epoch 52/100: Train Loss: 0.0009, Val Loss: 0.0006, Test Loss: 0.0007
2025-08-05 18:16:10,169 - INFO - Epoch 53/100: Train Loss: 0.0009, Val Loss: 0.0006, Test Loss: 0.0007
2025-08-05 18:16:10,325 - INFO - Epoch 54/100: Train Loss: 0.0009, Val Loss: 0.0006, Test Loss: 0.0006
2025-08-05 18:16:10,481 - INFO - Epoch 55/100: Train Loss: 0.0009, Val Loss: 0.0006, Test Loss: 0.0006
2025-08-05 18:16:10,638 - INFO - Epoch 56/100: Train Loss: 0.0009, Val Loss: 0.0006, Test Loss: 0.0006
2025-08-05 18:16:10,793 - INFO - Epoch 57/100: Train Loss: 0.0009, Val Loss: 0.0006, Test Loss: 0.0006
2025-08-05 18:16:10,950 - INFO - Epoch 58/100: Train Loss: 0.0008, Val Loss: 0.0006, Test Loss: 0.0006
2025-08-05 18:16:11,107 - INFO - Epoch 59/100: Train Loss: 0.0008, Val Loss: 0.0006, Test Loss: 0.0006
2025-08-05 18:16:11,263 - INFO - Epoch 60/100: Train Loss: 0.0008, Val Loss: 0.0006, Test Loss: 0.0006
2025-08-05 18:16:11,419 - INFO - Epoch 61/100: Train Loss: 0.0008, Val Loss: 0.0006, Test Loss: 0.0006
2025-08-05 18:16:11,575 - INFO - Epoch 62/100: Train Loss: 0.0008, Val Loss: 0.0006, Test Loss: 0.0006
2025-08-05 18:16:11,731 - INFO - Epoch 63/100: Train Loss: 0.0008, Val Loss: 0.0006, Test Loss: 0.0006
2025-08-05 18:16:11,887 - INFO - Epoch 64/100: Train Loss: 0.0008, Val Loss: 0.0006, Test Loss: 0.0006
2025-08-05 18:16:12,043 - INFO - Epoch 65/100: Train Loss: 0.0008, Val Loss: 0.0006, Test Loss: 0.0006
2025-08-05 18:16:12,200 - INFO - Epoch 66/100: Train Loss: 0.0008, Val Loss: 0.0006, Test Loss: 0.0006
2025-08-05 18:16:12,356 - INFO - Epoch 67/100: Train Loss: 0.0008, Val Loss: 0.0006, Test Loss: 0.0006
2025-08-05 18:16:12,512 - INFO - Epoch 68/100: Train Loss: 0.0008, Val Loss: 0.0006, Test Loss: 0.0006
2025-08-05 18:16:12,669 - INFO - Epoch 69/100: Train Loss: 0.0008, Val Loss: 0.0006, Test Loss: 0.0006
2025-08-05 18:16:12,825 - INFO - Epoch 70/100: Train Loss: 0.0008, Val Loss: 0.0006, Test Loss: 0.0006
2025-08-05 18:16:12,981 - INFO - Epoch 71/100: Train Loss: 0.0008, Val Loss: 0.0006, Test Loss: 0.0006
2025-08-05 18:16:13,137 - INFO - Epoch 72/100: Train Loss: 0.0008, Val Loss: 0.0006, Test Loss: 0.0006
2025-08-05 18:16:13,294 - INFO - Epoch 73/100: Train Loss: 0.0008, Val Loss: 0.0006, Test Loss: 0.0006
2025-08-05 18:16:13,450 - INFO - Epoch 74/100: Train Loss: 0.0008, Val Loss: 0.0006, Test Loss: 0.0006
2025-08-05 18:16:13,606 - INFO - Epoch 75/100: Train Loss: 0.0008, Val Loss: 0.0006, Test Loss: 0.0006
2025-08-05 18:16:13,762 - INFO - Epoch 76/100: Train Loss: 0.0008, Val Loss: 0.0006, Test Loss: 0.0006
2025-08-05 18:16:13,918 - INFO - Epoch 77/100: Train Loss: 0.0008, Val Loss: 0.0006, Test Loss: 0.0006
2025-08-05 18:16:14,074 - INFO - Epoch 78/100: Train Loss: 0.0008, Val Loss: 0.0006, Test Loss: 0.0006
2025-08-05 18:16:14,231 - INFO - Epoch 79/100: Train Loss: 0.0008, Val Loss: 0.0005, Test Loss: 0.0006
2025-08-05 18:16:14,387 - INFO - Epoch 80/100: Train Loss: 0.0008, Val Loss: 0.0005, Test Loss: 0.0006
2025-08-05 18:16:14,543 - INFO - Epoch 81/100: Train Loss: 0.0008, Val Loss: 0.0005, Test Loss: 0.0006
2025-08-05 18:16:14,699 - INFO - Epoch 82/100: Train Loss: 0.0008, Val Loss: 0.0005, Test Loss: 0.0006
2025-08-05 18:16:14,855 - INFO - Epoch 83/100: Train Loss: 0.0007, Val Loss: 0.0005, Test Loss: 0.0006
2025-08-05 18:16:15,011 - INFO - Epoch 84/100: Train Loss: 0.0007, Val Loss: 0.0005, Test Loss: 0.0006
2025-08-05 18:16:15,167 - INFO - Epoch 85/100: Train Loss: 0.0007, Val Loss: 0.0005, Test Loss: 0.0005
2025-08-05 18:16:15,323 - INFO - Epoch 86/100: Train Loss: 0.0007, Val Loss: 0.0005, Test Loss: 0.0005
2025-08-05 18:16:15,479 - INFO - Epoch 87/100: Train Loss: 0.0007, Val Loss: 0.0005, Test Loss: 0.0005
2025-08-05 18:16:15,636 - INFO - Epoch 88/100: Train Loss: 0.0007, Val Loss: 0.0005, Test Loss: 0.0005
2025-08-05 18:16:15,792 - INFO - Epoch 89/100: Train Loss: 0.0007, Val Loss: 0.0005, Test Loss: 0.0005
2025-08-05 18:16:15,948 - INFO - Epoch 90/100: Train Loss: 0.0007, Val Loss: 0.0005, Test Loss: 0.0005
2025-08-05 18:16:16,104 - INFO - Epoch 91/100: Train Loss: 0.0007, Val Loss: 0.0005, Test Loss: 0.0005
2025-08-05 18:16:16,260 - INFO - Epoch 92/100: Train Loss: 0.0007, Val Loss: 0.0005, Test Loss: 0.0005
2025-08-05 18:16:16,416 - INFO - Epoch 93/100: Train Loss: 0.0007, Val Loss: 0.0005, Test Loss: 0.0005
2025-08-05 18:16:16,572 - INFO - Epoch 94/100: Train Loss: 0.0007, Val Loss: 0.0005, Test Loss: 0.0005
2025-08-05 18:16:16,728 - INFO - Epoch 95/100: Train Loss: 0.0007, Val Loss: 0.0005, Test Loss: 0.0005
2025-08-05 18:16:16,885 - INFO - Epoch 96/100: Train Loss: 0.0007, Val Loss: 0.0005, Test Loss: 0.0005
2025-08-05 18:16:17,041 - INFO - Epoch 97/100: Train Loss: 0.0007, Val Loss: 0.0005, Test Loss: 0.0005
2025-08-05 18:16:17,197 - INFO - Epoch 98/100: Train Loss: 0.0007, Val Loss: 0.0005, Test Loss: 0.0005
2025-08-05 18:16:17,353 - INFO - Epoch 99/100: Train Loss: 0.0007, Val Loss: 0.0005, Test Loss: 0.0005
2025-08-05 18:16:17,509 - INFO - Epoch 100/100: Train Loss: 0.0007, Val Loss: 0.0005, Test Loss: 0.0005
2025-08-05 18:16:17,515 - INFO - Model checkpoint saved to logs/training/all/Experiment10/tabgnn/tabgnn_model.pt
2025-08-05 18:16:17,737 - INFO - Final metrics: {'mse': 0.0005023336852900684, 'rmse': 0.0224128018170435, 'mae': 0.013538459315896034, 'r2': 0.7891361713409424}
2025-08-05 18:16:17,737 - INFO - Model and results saved to logs/training/all/Experiment10/tabgnn
2025-08-05 18:16:25,218 - INFO - Parsed arguments:
{
    "data_path": "data/100K/sample_100K.csv",
    "output_dir": "logs/training/all/Experiment10/lightgbm",
    "target_column": "tag",
    "important_features": null,
    "similarity_threshold": 0.05,
    "model_type": "lightgbm",
    "gnn_type": "gcn",
    "hidden_dim": 64,
    "num_layers": 2,
    "dropout": 0.1,
    "batch_size": 32,
    "epochs": 100,
    "lr": 0.001,
    "weight_decay": 0.0001,
    "patience": 10,
    "seed": 42,
    "device": "cuda",
    "precomputed_similarity_path": "data/100K/similarity_output_merged_100K.pt"
}
2025-08-05 18:16:25,226 - INFO - Using device: cuda
2025-08-05 18:16:25,226 - INFO - Initialized I/O data processor for data/100K/sample_100K.csv
2025-08-05 18:16:25,226 - INFO - Loading data from data/100K/sample_100K.csv
2025-08-05 18:16:25,522 - INFO - Loaded data with shape (100000, 46)
2025-08-05 18:16:25,522 - INFO - Preprocessing data
2025-08-05 18:16:25,522 - INFO - Initialized feature similarity graph constructor for nprocs
2025-08-05 18:16:25,522 - INFO - Initialized feature similarity graph constructor for POSIX_OPENS
2025-08-05 18:16:25,522 - INFO - Initialized feature similarity graph constructor for LUSTRE_STRIPE_SIZE
2025-08-05 18:16:25,522 - INFO - Initialized feature similarity graph constructor for LUSTRE_STRIPE_WIDTH
2025-08-05 18:16:25,522 - INFO - Initialized feature similarity graph constructor for POSIX_FILENOS
2025-08-05 18:16:25,522 - INFO - Initialized feature similarity graph constructor for POSIX_MEM_ALIGNMENT
2025-08-05 18:16:25,522 - INFO - Initialized feature similarity graph constructor for POSIX_FILE_ALIGNMENT
2025-08-05 18:16:25,522 - INFO - Initialized feature similarity graph constructor for POSIX_READS
2025-08-05 18:16:25,522 - INFO - Initialized feature similarity graph constructor for POSIX_WRITES
2025-08-05 18:16:25,522 - INFO - Initialized feature similarity graph constructor for POSIX_SEEKS
2025-08-05 18:16:25,522 - INFO - Initialized feature similarity graph constructor for POSIX_STATS
2025-08-05 18:16:25,522 - INFO - Initialized feature similarity graph constructor for POSIX_BYTES_READ
2025-08-05 18:16:25,522 - INFO - Initialized feature similarity graph constructor for POSIX_BYTES_WRITTEN
2025-08-05 18:16:25,522 - INFO - Initialized feature similarity graph constructor for POSIX_CONSEC_READS
2025-08-05 18:16:25,522 - INFO - Initialized feature similarity graph constructor for POSIX_CONSEC_WRITES
2025-08-05 18:16:25,522 - INFO - Initialized feature similarity graph constructor for POSIX_SEQ_READS
2025-08-05 18:16:25,522 - INFO - Initialized feature similarity graph constructor for POSIX_SEQ_WRITES
2025-08-05 18:16:25,522 - INFO - Initialized feature similarity graph constructor for POSIX_RW_SWITCHES
2025-08-05 18:16:25,522 - INFO - Initialized feature similarity graph constructor for POSIX_MEM_NOT_ALIGNED
2025-08-05 18:16:25,522 - INFO - Initialized feature similarity graph constructor for POSIX_FILE_NOT_ALIGNED
2025-08-05 18:16:25,522 - INFO - Initialized feature similarity graph constructor for POSIX_SIZE_READ_0_100
2025-08-05 18:16:25,522 - INFO - Initialized feature similarity graph constructor for POSIX_SIZE_READ_100_1K
2025-08-05 18:16:25,522 - INFO - Initialized feature similarity graph constructor for POSIX_SIZE_READ_1K_10K
2025-08-05 18:16:25,522 - INFO - Initialized feature similarity graph constructor for POSIX_SIZE_READ_100K_1M
2025-08-05 18:16:25,522 - INFO - Initialized feature similarity graph constructor for POSIX_SIZE_WRITE_0_100
2025-08-05 18:16:25,522 - INFO - Initialized feature similarity graph constructor for POSIX_SIZE_WRITE_100_1K
2025-08-05 18:16:25,522 - INFO - Initialized feature similarity graph constructor for POSIX_SIZE_WRITE_1K_10K
2025-08-05 18:16:25,522 - INFO - Initialized feature similarity graph constructor for POSIX_SIZE_WRITE_10K_100K
2025-08-05 18:16:25,522 - INFO - Initialized feature similarity graph constructor for POSIX_SIZE_WRITE_100K_1M
2025-08-05 18:16:25,522 - INFO - Initialized feature similarity graph constructor for POSIX_STRIDE1_STRIDE
2025-08-05 18:16:25,522 - INFO - Initialized feature similarity graph constructor for POSIX_STRIDE2_STRIDE
2025-08-05 18:16:25,522 - INFO - Initialized feature similarity graph constructor for POSIX_STRIDE3_STRIDE
2025-08-05 18:16:25,522 - INFO - Initialized feature similarity graph constructor for POSIX_STRIDE4_STRIDE
2025-08-05 18:16:25,522 - INFO - Initialized feature similarity graph constructor for POSIX_STRIDE1_COUNT
2025-08-05 18:16:25,522 - INFO - Initialized feature similarity graph constructor for POSIX_STRIDE2_COUNT
2025-08-05 18:16:25,522 - INFO - Initialized feature similarity graph constructor for POSIX_STRIDE3_COUNT
2025-08-05 18:16:25,522 - INFO - Initialized feature similarity graph constructor for POSIX_STRIDE4_COUNT
2025-08-05 18:16:25,522 - INFO - Initialized feature similarity graph constructor for POSIX_ACCESS1_ACCESS
2025-08-05 18:16:25,522 - INFO - Initialized feature similarity graph constructor for POSIX_ACCESS2_ACCESS
2025-08-05 18:16:25,522 - INFO - Initialized feature similarity graph constructor for POSIX_ACCESS3_ACCESS
2025-08-05 18:16:25,522 - INFO - Initialized feature similarity graph constructor for POSIX_ACCESS4_ACCESS
2025-08-05 18:16:25,522 - INFO - Initialized feature similarity graph constructor for POSIX_ACCESS1_COUNT
2025-08-05 18:16:25,522 - INFO - Initialized feature similarity graph constructor for POSIX_ACCESS2_COUNT
2025-08-05 18:16:25,522 - INFO - Initialized feature similarity graph constructor for POSIX_ACCESS3_COUNT
2025-08-05 18:16:25,522 - INFO - Initialized feature similarity graph constructor for POSIX_ACCESS4_COUNT
2025-08-05 18:16:25,522 - INFO - Initialized multiplex graph constructor for 45 features
2025-08-05 18:16:25,522 - INFO - Creating combined PyG data
2025-08-05 18:16:25,523 - INFO - Loading precomputed similarity from data/100K/similarity_output_merged_100K.pt
2025-08-05 18:17:14,209 - INFO - Loading precomputed similarity from data/100K/similarity_output_merged_100K.pt
2025-08-05 18:17:58,258 - INFO - Splitting data into train, validation, and test sets
2025-08-05 18:17:58,362 - INFO - Train: 69999, Val: 15001, Test: 15000
2025-08-05 18:17:58,366 - INFO - Saving processed data to logs/training/all/Experiment10/lightgbm/processed_data
2025-08-05 18:18:00,185 - INFO - Constructing multiplex graphs
2025-08-05 18:18:00,186 - INFO - Loading precomputed similarity from data/100K/similarity_output_merged_100K.pt
2025-08-05 18:18:37,934 - INFO - Creating combined PyG data
2025-08-05 18:18:37,934 - INFO - Loading precomputed similarity from data/100K/similarity_output_merged_100K.pt
2025-08-05 18:19:17,365 - INFO - Loading precomputed similarity from data/100K/similarity_output_merged_100K.pt
2025-08-05 18:20:08,378 - INFO - Saved processed data to logs/training/all/Experiment10/lightgbm/processed_data
2025-08-05 18:20:08,391 - INFO - Initialized lightgbm model
/u/mbanisharifdehkordi/.conda/envs/gnn4_env/lib/python3.9/site-packages/sklearn/utils/deprecation.py:151: FutureWarning: 'force_all_finite' was renamed to 'ensure_all_finite' in 1.6 and will be removed in 1.8.
  warnings.warn(
2025-08-05 18:20:20,062 - INFO - LightGBM model fitted with 45 features
/u/mbanisharifdehkordi/.conda/envs/gnn4_env/lib/python3.9/site-packages/sklearn/utils/deprecation.py:151: FutureWarning: 'force_all_finite' was renamed to 'ensure_all_finite' in 1.6 and will be removed in 1.8.
  warnings.warn(
2025-08-05 18:20:20,086 - INFO - Evaluation metrics: {'mse': 0.00010251345309648767, 'rmse': 0.010124892744937483, 'mae': 0.005038886044565447, 'r2': 0.9569680877670957}
2025-08-05 18:20:20,091 - INFO - Final metrics: {'mse': 0.00010251345309648767, 'rmse': 0.010124892744937483, 'mae': 0.005038886044565447, 'r2': 0.9569680877670957}
2025-08-05 18:20:20,091 - INFO - Model and results saved to logs/training/all/Experiment10/lightgbm
2025-08-05 18:20:20,122 - INFO - Model saved to logs/training/all/Experiment10/lightgbm/lightgbm_model.joblib
2025-08-05 18:20:27,170 - INFO - Parsed arguments:
{
    "data_path": "data/100K/sample_100K.csv",
    "output_dir": "logs/training/all/Experiment10/catboost",
    "target_column": "tag",
    "important_features": null,
    "similarity_threshold": 0.05,
    "model_type": "catboost",
    "gnn_type": "gcn",
    "hidden_dim": 64,
    "num_layers": 2,
    "dropout": 0.1,
    "batch_size": 32,
    "epochs": 100,
    "lr": 0.001,
    "weight_decay": 0.0001,
    "patience": 10,
    "seed": 42,
    "device": "cuda",
    "precomputed_similarity_path": "data/100K/similarity_output_merged_100K.pt"
}
2025-08-05 18:20:27,178 - INFO - Using device: cuda
2025-08-05 18:20:27,178 - INFO - Initialized I/O data processor for data/100K/sample_100K.csv
2025-08-05 18:20:27,178 - INFO - Loading data from data/100K/sample_100K.csv
2025-08-05 18:20:27,490 - INFO - Loaded data with shape (100000, 46)
2025-08-05 18:20:27,490 - INFO - Preprocessing data
2025-08-05 18:20:27,490 - INFO - Initialized feature similarity graph constructor for nprocs
2025-08-05 18:20:27,490 - INFO - Initialized feature similarity graph constructor for POSIX_OPENS
2025-08-05 18:20:27,490 - INFO - Initialized feature similarity graph constructor for LUSTRE_STRIPE_SIZE
2025-08-05 18:20:27,490 - INFO - Initialized feature similarity graph constructor for LUSTRE_STRIPE_WIDTH
2025-08-05 18:20:27,490 - INFO - Initialized feature similarity graph constructor for POSIX_FILENOS
2025-08-05 18:20:27,490 - INFO - Initialized feature similarity graph constructor for POSIX_MEM_ALIGNMENT
2025-08-05 18:20:27,490 - INFO - Initialized feature similarity graph constructor for POSIX_FILE_ALIGNMENT
2025-08-05 18:20:27,490 - INFO - Initialized feature similarity graph constructor for POSIX_READS
2025-08-05 18:20:27,490 - INFO - Initialized feature similarity graph constructor for POSIX_WRITES
2025-08-05 18:20:27,490 - INFO - Initialized feature similarity graph constructor for POSIX_SEEKS
2025-08-05 18:20:27,490 - INFO - Initialized feature similarity graph constructor for POSIX_STATS
2025-08-05 18:20:27,490 - INFO - Initialized feature similarity graph constructor for POSIX_BYTES_READ
2025-08-05 18:20:27,490 - INFO - Initialized feature similarity graph constructor for POSIX_BYTES_WRITTEN
2025-08-05 18:20:27,490 - INFO - Initialized feature similarity graph constructor for POSIX_CONSEC_READS
2025-08-05 18:20:27,490 - INFO - Initialized feature similarity graph constructor for POSIX_CONSEC_WRITES
2025-08-05 18:20:27,490 - INFO - Initialized feature similarity graph constructor for POSIX_SEQ_READS
2025-08-05 18:20:27,491 - INFO - Initialized feature similarity graph constructor for POSIX_SEQ_WRITES
2025-08-05 18:20:27,491 - INFO - Initialized feature similarity graph constructor for POSIX_RW_SWITCHES
2025-08-05 18:20:27,491 - INFO - Initialized feature similarity graph constructor for POSIX_MEM_NOT_ALIGNED
2025-08-05 18:20:27,491 - INFO - Initialized feature similarity graph constructor for POSIX_FILE_NOT_ALIGNED
2025-08-05 18:20:27,491 - INFO - Initialized feature similarity graph constructor for POSIX_SIZE_READ_0_100
2025-08-05 18:20:27,491 - INFO - Initialized feature similarity graph constructor for POSIX_SIZE_READ_100_1K
2025-08-05 18:20:27,491 - INFO - Initialized feature similarity graph constructor for POSIX_SIZE_READ_1K_10K
2025-08-05 18:20:27,491 - INFO - Initialized feature similarity graph constructor for POSIX_SIZE_READ_100K_1M
2025-08-05 18:20:27,491 - INFO - Initialized feature similarity graph constructor for POSIX_SIZE_WRITE_0_100
2025-08-05 18:20:27,491 - INFO - Initialized feature similarity graph constructor for POSIX_SIZE_WRITE_100_1K
2025-08-05 18:20:27,491 - INFO - Initialized feature similarity graph constructor for POSIX_SIZE_WRITE_1K_10K
2025-08-05 18:20:27,491 - INFO - Initialized feature similarity graph constructor for POSIX_SIZE_WRITE_10K_100K
2025-08-05 18:20:27,491 - INFO - Initialized feature similarity graph constructor for POSIX_SIZE_WRITE_100K_1M
2025-08-05 18:20:27,491 - INFO - Initialized feature similarity graph constructor for POSIX_STRIDE1_STRIDE
2025-08-05 18:20:27,491 - INFO - Initialized feature similarity graph constructor for POSIX_STRIDE2_STRIDE
2025-08-05 18:20:27,491 - INFO - Initialized feature similarity graph constructor for POSIX_STRIDE3_STRIDE
2025-08-05 18:20:27,491 - INFO - Initialized feature similarity graph constructor for POSIX_STRIDE4_STRIDE
2025-08-05 18:20:27,491 - INFO - Initialized feature similarity graph constructor for POSIX_STRIDE1_COUNT
2025-08-05 18:20:27,491 - INFO - Initialized feature similarity graph constructor for POSIX_STRIDE2_COUNT
2025-08-05 18:20:27,491 - INFO - Initialized feature similarity graph constructor for POSIX_STRIDE3_COUNT
2025-08-05 18:20:27,491 - INFO - Initialized feature similarity graph constructor for POSIX_STRIDE4_COUNT
2025-08-05 18:20:27,491 - INFO - Initialized feature similarity graph constructor for POSIX_ACCESS1_ACCESS
2025-08-05 18:20:27,491 - INFO - Initialized feature similarity graph constructor for POSIX_ACCESS2_ACCESS
2025-08-05 18:20:27,491 - INFO - Initialized feature similarity graph constructor for POSIX_ACCESS3_ACCESS
2025-08-05 18:20:27,491 - INFO - Initialized feature similarity graph constructor for POSIX_ACCESS4_ACCESS
2025-08-05 18:20:27,491 - INFO - Initialized feature similarity graph constructor for POSIX_ACCESS1_COUNT
2025-08-05 18:20:27,491 - INFO - Initialized feature similarity graph constructor for POSIX_ACCESS2_COUNT
2025-08-05 18:20:27,491 - INFO - Initialized feature similarity graph constructor for POSIX_ACCESS3_COUNT
2025-08-05 18:20:27,491 - INFO - Initialized feature similarity graph constructor for POSIX_ACCESS4_COUNT
2025-08-05 18:20:27,491 - INFO - Initialized multiplex graph constructor for 45 features
2025-08-05 18:20:27,491 - INFO - Creating combined PyG data
2025-08-05 18:20:27,491 - INFO - Loading precomputed similarity from data/100K/similarity_output_merged_100K.pt
2025-08-05 18:21:17,050 - INFO - Loading precomputed similarity from data/100K/similarity_output_merged_100K.pt
2025-08-05 18:22:01,176 - INFO - Splitting data into train, validation, and test sets
2025-08-05 18:22:01,281 - INFO - Train: 69999, Val: 15001, Test: 15000
2025-08-05 18:22:01,290 - INFO - Saving processed data to logs/training/all/Experiment10/catboost/processed_data
2025-08-05 18:22:03,131 - INFO - Constructing multiplex graphs
2025-08-05 18:22:03,131 - INFO - Loading precomputed similarity from data/100K/similarity_output_merged_100K.pt
2025-08-05 18:22:42,062 - INFO - Creating combined PyG data
2025-08-05 18:22:42,062 - INFO - Loading precomputed similarity from data/100K/similarity_output_merged_100K.pt
2025-08-05 18:23:21,841 - INFO - Loading precomputed similarity from data/100K/similarity_output_merged_100K.pt
2025-08-05 18:24:13,032 - INFO - Saved processed data to logs/training/all/Experiment10/catboost/processed_data
2025-08-05 18:24:13,044 - INFO - Initialized catboost model
2025-08-05 18:24:16,676 - INFO - CatBoost model fitted with 45 features
2025-08-05 18:24:16,692 - INFO - Evaluation metrics: {'mse': 0.00011812680738033972, 'rmse': 0.010868615706719036, 'mae': 0.005651529015162931, 'r2': 0.9504140944041799}
2025-08-05 18:24:16,696 - INFO - Final metrics: {'mse': 0.00011812680738033972, 'rmse': 0.010868615706719036, 'mae': 0.005651529015162931, 'r2': 0.9504140944041799}
2025-08-05 18:24:16,696 - INFO - Model and results saved to logs/training/all/Experiment10/catboost
2025-08-05 18:24:16,706 - INFO - Model saved to logs/training/all/Experiment10/catboost/catboost_model.joblib
2025-08-05 18:24:23,178 - INFO - Parsed arguments:
{
    "data_path": "data/100K/sample_100K.csv",
    "output_dir": "logs/training/all/Experiment10/xgboost",
    "target_column": "tag",
    "important_features": null,
    "similarity_threshold": 0.05,
    "model_type": "xgboost",
    "gnn_type": "gcn",
    "hidden_dim": 64,
    "num_layers": 2,
    "dropout": 0.1,
    "batch_size": 32,
    "epochs": 100,
    "lr": 0.001,
    "weight_decay": 0.0001,
    "patience": 10,
    "seed": 42,
    "device": "cuda",
    "precomputed_similarity_path": "data/100K/similarity_output_merged_100K.pt"
}
2025-08-05 18:24:23,185 - INFO - Using device: cuda
2025-08-05 18:24:23,185 - INFO - Initialized I/O data processor for data/100K/sample_100K.csv
2025-08-05 18:24:23,185 - INFO - Loading data from data/100K/sample_100K.csv
2025-08-05 18:24:23,489 - INFO - Loaded data with shape (100000, 46)
2025-08-05 18:24:23,489 - INFO - Preprocessing data
2025-08-05 18:24:23,489 - INFO - Initialized feature similarity graph constructor for nprocs
2025-08-05 18:24:23,489 - INFO - Initialized feature similarity graph constructor for POSIX_OPENS
2025-08-05 18:24:23,489 - INFO - Initialized feature similarity graph constructor for LUSTRE_STRIPE_SIZE
2025-08-05 18:24:23,489 - INFO - Initialized feature similarity graph constructor for LUSTRE_STRIPE_WIDTH
2025-08-05 18:24:23,489 - INFO - Initialized feature similarity graph constructor for POSIX_FILENOS
2025-08-05 18:24:23,489 - INFO - Initialized feature similarity graph constructor for POSIX_MEM_ALIGNMENT
2025-08-05 18:24:23,489 - INFO - Initialized feature similarity graph constructor for POSIX_FILE_ALIGNMENT
2025-08-05 18:24:23,489 - INFO - Initialized feature similarity graph constructor for POSIX_READS
2025-08-05 18:24:23,489 - INFO - Initialized feature similarity graph constructor for POSIX_WRITES
2025-08-05 18:24:23,489 - INFO - Initialized feature similarity graph constructor for POSIX_SEEKS
2025-08-05 18:24:23,489 - INFO - Initialized feature similarity graph constructor for POSIX_STATS
2025-08-05 18:24:23,489 - INFO - Initialized feature similarity graph constructor for POSIX_BYTES_READ
2025-08-05 18:24:23,489 - INFO - Initialized feature similarity graph constructor for POSIX_BYTES_WRITTEN
2025-08-05 18:24:23,489 - INFO - Initialized feature similarity graph constructor for POSIX_CONSEC_READS
2025-08-05 18:24:23,489 - INFO - Initialized feature similarity graph constructor for POSIX_CONSEC_WRITES
2025-08-05 18:24:23,489 - INFO - Initialized feature similarity graph constructor for POSIX_SEQ_READS
2025-08-05 18:24:23,489 - INFO - Initialized feature similarity graph constructor for POSIX_SEQ_WRITES
2025-08-05 18:24:23,489 - INFO - Initialized feature similarity graph constructor for POSIX_RW_SWITCHES
2025-08-05 18:24:23,489 - INFO - Initialized feature similarity graph constructor for POSIX_MEM_NOT_ALIGNED
2025-08-05 18:24:23,489 - INFO - Initialized feature similarity graph constructor for POSIX_FILE_NOT_ALIGNED
2025-08-05 18:24:23,489 - INFO - Initialized feature similarity graph constructor for POSIX_SIZE_READ_0_100
2025-08-05 18:24:23,489 - INFO - Initialized feature similarity graph constructor for POSIX_SIZE_READ_100_1K
2025-08-05 18:24:23,489 - INFO - Initialized feature similarity graph constructor for POSIX_SIZE_READ_1K_10K
2025-08-05 18:24:23,489 - INFO - Initialized feature similarity graph constructor for POSIX_SIZE_READ_100K_1M
2025-08-05 18:24:23,489 - INFO - Initialized feature similarity graph constructor for POSIX_SIZE_WRITE_0_100
2025-08-05 18:24:23,489 - INFO - Initialized feature similarity graph constructor for POSIX_SIZE_WRITE_100_1K
2025-08-05 18:24:23,489 - INFO - Initialized feature similarity graph constructor for POSIX_SIZE_WRITE_1K_10K
2025-08-05 18:24:23,489 - INFO - Initialized feature similarity graph constructor for POSIX_SIZE_WRITE_10K_100K
2025-08-05 18:24:23,489 - INFO - Initialized feature similarity graph constructor for POSIX_SIZE_WRITE_100K_1M
2025-08-05 18:24:23,489 - INFO - Initialized feature similarity graph constructor for POSIX_STRIDE1_STRIDE
2025-08-05 18:24:23,489 - INFO - Initialized feature similarity graph constructor for POSIX_STRIDE2_STRIDE
2025-08-05 18:24:23,489 - INFO - Initialized feature similarity graph constructor for POSIX_STRIDE3_STRIDE
2025-08-05 18:24:23,489 - INFO - Initialized feature similarity graph constructor for POSIX_STRIDE4_STRIDE
2025-08-05 18:24:23,489 - INFO - Initialized feature similarity graph constructor for POSIX_STRIDE1_COUNT
2025-08-05 18:24:23,490 - INFO - Initialized feature similarity graph constructor for POSIX_STRIDE2_COUNT
2025-08-05 18:24:23,490 - INFO - Initialized feature similarity graph constructor for POSIX_STRIDE3_COUNT
2025-08-05 18:24:23,490 - INFO - Initialized feature similarity graph constructor for POSIX_STRIDE4_COUNT
2025-08-05 18:24:23,490 - INFO - Initialized feature similarity graph constructor for POSIX_ACCESS1_ACCESS
2025-08-05 18:24:23,490 - INFO - Initialized feature similarity graph constructor for POSIX_ACCESS2_ACCESS
2025-08-05 18:24:23,490 - INFO - Initialized feature similarity graph constructor for POSIX_ACCESS3_ACCESS
2025-08-05 18:24:23,490 - INFO - Initialized feature similarity graph constructor for POSIX_ACCESS4_ACCESS
2025-08-05 18:24:23,490 - INFO - Initialized feature similarity graph constructor for POSIX_ACCESS1_COUNT
2025-08-05 18:24:23,490 - INFO - Initialized feature similarity graph constructor for POSIX_ACCESS2_COUNT
2025-08-05 18:24:23,490 - INFO - Initialized feature similarity graph constructor for POSIX_ACCESS3_COUNT
2025-08-05 18:24:23,490 - INFO - Initialized feature similarity graph constructor for POSIX_ACCESS4_COUNT
2025-08-05 18:24:23,490 - INFO - Initialized multiplex graph constructor for 45 features
2025-08-05 18:24:23,490 - INFO - Creating combined PyG data
2025-08-05 18:24:23,490 - INFO - Loading precomputed similarity from data/100K/similarity_output_merged_100K.pt
2025-08-05 18:25:13,125 - INFO - Loading precomputed similarity from data/100K/similarity_output_merged_100K.pt
2025-08-05 18:25:57,592 - INFO - Splitting data into train, validation, and test sets
2025-08-05 18:25:57,652 - INFO - Train: 69999, Val: 15001, Test: 15000
2025-08-05 18:25:57,656 - INFO - Saving processed data to logs/training/all/Experiment10/xgboost/processed_data
2025-08-05 18:25:59,474 - INFO - Constructing multiplex graphs
2025-08-05 18:25:59,476 - INFO - Loading precomputed similarity from data/100K/similarity_output_merged_100K.pt
2025-08-05 18:26:39,180 - INFO - Creating combined PyG data
2025-08-05 18:26:39,180 - INFO - Loading precomputed similarity from data/100K/similarity_output_merged_100K.pt
2025-08-05 18:27:19,196 - INFO - Loading precomputed similarity from data/100K/similarity_output_merged_100K.pt
2025-08-05 18:28:10,555 - INFO - Saved processed data to logs/training/all/Experiment10/xgboost/processed_data
2025-08-05 18:28:10,565 - INFO - Initialized xgboost model
2025-08-05 18:28:13,145 - INFO - XGBoost model fitted with 45 features
2025-08-05 18:28:13,170 - INFO - Evaluation metrics: {'mse': 9.786496229935437e-05, 'rmse': 0.009892672151615779, 'mae': 0.0048816814087331295, 'r2': 0.9589194059371948}
2025-08-05 18:28:13,176 - INFO - Final metrics: {'mse': 9.786496229935437e-05, 'rmse': 0.009892672151615779, 'mae': 0.0048816814087331295, 'r2': 0.9589194059371948}
2025-08-05 18:28:13,176 - INFO - Model and results saved to logs/training/all/Experiment10/xgboost
2025-08-05 18:28:13,201 - INFO - Model saved to logs/training/all/Experiment10/xgboost/xgboost_model.joblib
2025-08-05 18:28:19,960 - INFO - Parsed arguments:
{
    "data_path": "data/100K/sample_100K.csv",
    "output_dir": "logs/training/all/Experiment10/mlp",
    "target_column": "tag",
    "important_features": null,
    "similarity_threshold": 0.05,
    "model_type": "mlp",
    "gnn_type": "gcn",
    "hidden_dim": 64,
    "num_layers": 2,
    "dropout": 0.1,
    "batch_size": 32,
    "epochs": 100,
    "lr": 0.001,
    "weight_decay": 0.0001,
    "patience": 10,
    "seed": 42,
    "device": "cuda",
    "precomputed_similarity_path": "data/100K/similarity_output_merged_100K.pt"
}
2025-08-05 18:28:19,968 - INFO - Using device: cuda
2025-08-05 18:28:19,968 - INFO - Initialized I/O data processor for data/100K/sample_100K.csv
2025-08-05 18:28:19,968 - INFO - Loading data from data/100K/sample_100K.csv
2025-08-05 18:28:20,271 - INFO - Loaded data with shape (100000, 46)
2025-08-05 18:28:20,272 - INFO - Preprocessing data
2025-08-05 18:28:20,272 - INFO - Initialized feature similarity graph constructor for nprocs
2025-08-05 18:28:20,272 - INFO - Initialized feature similarity graph constructor for POSIX_OPENS
2025-08-05 18:28:20,272 - INFO - Initialized feature similarity graph constructor for LUSTRE_STRIPE_SIZE
2025-08-05 18:28:20,272 - INFO - Initialized feature similarity graph constructor for LUSTRE_STRIPE_WIDTH
2025-08-05 18:28:20,272 - INFO - Initialized feature similarity graph constructor for POSIX_FILENOS
2025-08-05 18:28:20,272 - INFO - Initialized feature similarity graph constructor for POSIX_MEM_ALIGNMENT
2025-08-05 18:28:20,272 - INFO - Initialized feature similarity graph constructor for POSIX_FILE_ALIGNMENT
2025-08-05 18:28:20,272 - INFO - Initialized feature similarity graph constructor for POSIX_READS
2025-08-05 18:28:20,272 - INFO - Initialized feature similarity graph constructor for POSIX_WRITES
2025-08-05 18:28:20,272 - INFO - Initialized feature similarity graph constructor for POSIX_SEEKS
2025-08-05 18:28:20,272 - INFO - Initialized feature similarity graph constructor for POSIX_STATS
2025-08-05 18:28:20,272 - INFO - Initialized feature similarity graph constructor for POSIX_BYTES_READ
2025-08-05 18:28:20,272 - INFO - Initialized feature similarity graph constructor for POSIX_BYTES_WRITTEN
2025-08-05 18:28:20,272 - INFO - Initialized feature similarity graph constructor for POSIX_CONSEC_READS
2025-08-05 18:28:20,272 - INFO - Initialized feature similarity graph constructor for POSIX_CONSEC_WRITES
2025-08-05 18:28:20,272 - INFO - Initialized feature similarity graph constructor for POSIX_SEQ_READS
2025-08-05 18:28:20,272 - INFO - Initialized feature similarity graph constructor for POSIX_SEQ_WRITES
2025-08-05 18:28:20,272 - INFO - Initialized feature similarity graph constructor for POSIX_RW_SWITCHES
2025-08-05 18:28:20,272 - INFO - Initialized feature similarity graph constructor for POSIX_MEM_NOT_ALIGNED
2025-08-05 18:28:20,272 - INFO - Initialized feature similarity graph constructor for POSIX_FILE_NOT_ALIGNED
2025-08-05 18:28:20,272 - INFO - Initialized feature similarity graph constructor for POSIX_SIZE_READ_0_100
2025-08-05 18:28:20,272 - INFO - Initialized feature similarity graph constructor for POSIX_SIZE_READ_100_1K
2025-08-05 18:28:20,272 - INFO - Initialized feature similarity graph constructor for POSIX_SIZE_READ_1K_10K
2025-08-05 18:28:20,272 - INFO - Initialized feature similarity graph constructor for POSIX_SIZE_READ_100K_1M
2025-08-05 18:28:20,272 - INFO - Initialized feature similarity graph constructor for POSIX_SIZE_WRITE_0_100
2025-08-05 18:28:20,272 - INFO - Initialized feature similarity graph constructor for POSIX_SIZE_WRITE_100_1K
2025-08-05 18:28:20,272 - INFO - Initialized feature similarity graph constructor for POSIX_SIZE_WRITE_1K_10K
2025-08-05 18:28:20,272 - INFO - Initialized feature similarity graph constructor for POSIX_SIZE_WRITE_10K_100K
2025-08-05 18:28:20,272 - INFO - Initialized feature similarity graph constructor for POSIX_SIZE_WRITE_100K_1M
2025-08-05 18:28:20,272 - INFO - Initialized feature similarity graph constructor for POSIX_STRIDE1_STRIDE
2025-08-05 18:28:20,272 - INFO - Initialized feature similarity graph constructor for POSIX_STRIDE2_STRIDE
2025-08-05 18:28:20,272 - INFO - Initialized feature similarity graph constructor for POSIX_STRIDE3_STRIDE
2025-08-05 18:28:20,272 - INFO - Initialized feature similarity graph constructor for POSIX_STRIDE4_STRIDE
2025-08-05 18:28:20,272 - INFO - Initialized feature similarity graph constructor for POSIX_STRIDE1_COUNT
2025-08-05 18:28:20,272 - INFO - Initialized feature similarity graph constructor for POSIX_STRIDE2_COUNT
2025-08-05 18:28:20,272 - INFO - Initialized feature similarity graph constructor for POSIX_STRIDE3_COUNT
2025-08-05 18:28:20,272 - INFO - Initialized feature similarity graph constructor for POSIX_STRIDE4_COUNT
2025-08-05 18:28:20,272 - INFO - Initialized feature similarity graph constructor for POSIX_ACCESS1_ACCESS
2025-08-05 18:28:20,272 - INFO - Initialized feature similarity graph constructor for POSIX_ACCESS2_ACCESS
2025-08-05 18:28:20,272 - INFO - Initialized feature similarity graph constructor for POSIX_ACCESS3_ACCESS
2025-08-05 18:28:20,272 - INFO - Initialized feature similarity graph constructor for POSIX_ACCESS4_ACCESS
2025-08-05 18:28:20,272 - INFO - Initialized feature similarity graph constructor for POSIX_ACCESS1_COUNT
2025-08-05 18:28:20,272 - INFO - Initialized feature similarity graph constructor for POSIX_ACCESS2_COUNT
2025-08-05 18:28:20,272 - INFO - Initialized feature similarity graph constructor for POSIX_ACCESS3_COUNT
2025-08-05 18:28:20,272 - INFO - Initialized feature similarity graph constructor for POSIX_ACCESS4_COUNT
2025-08-05 18:28:20,272 - INFO - Initialized multiplex graph constructor for 45 features
2025-08-05 18:28:20,272 - INFO - Creating combined PyG data
2025-08-05 18:28:20,273 - INFO - Loading precomputed similarity from data/100K/similarity_output_merged_100K.pt
2025-08-05 18:29:10,077 - INFO - Loading precomputed similarity from data/100K/similarity_output_merged_100K.pt
2025-08-05 18:29:54,722 - INFO - Splitting data into train, validation, and test sets
2025-08-05 18:29:54,816 - INFO - Train: 69999, Val: 15001, Test: 15000
2025-08-05 18:29:54,821 - INFO - Saving processed data to logs/training/all/Experiment10/mlp/processed_data
2025-08-05 18:29:56,643 - INFO - Constructing multiplex graphs
2025-08-05 18:29:56,643 - INFO - Loading precomputed similarity from data/100K/similarity_output_merged_100K.pt
2025-08-05 18:30:36,681 - INFO - Creating combined PyG data
2025-08-05 18:30:36,681 - INFO - Loading precomputed similarity from data/100K/similarity_output_merged_100K.pt
2025-08-05 18:31:17,024 - INFO - Loading precomputed similarity from data/100K/similarity_output_merged_100K.pt
2025-08-05 18:32:08,623 - INFO - Saved processed data to logs/training/all/Experiment10/mlp/processed_data
2025-08-05 18:32:08,637 - INFO - Initialized mlp model
2025-08-05 18:32:27,162 - INFO - MLP model fitted with 45 features
2025-08-05 18:32:27,177 - INFO - Evaluation metrics: {'mse': 0.00016342374146915972, 'rmse': 0.012783729560232403, 'mae': 0.006873586215078831, 'r2': 0.9313998818397522}
2025-08-05 18:32:27,181 - INFO - Final metrics: {'mse': 0.00016342374146915972, 'rmse': 0.012783729560232403, 'mae': 0.006873586215078831, 'r2': 0.9313998818397522}
2025-08-05 18:32:27,181 - INFO - Model and results saved to logs/training/all/Experiment10/mlp
2025-08-05 18:32:27,187 - INFO - Model saved to logs/training/all/Experiment10/mlp/mlp_model.joblib
2025-08-05 18:32:34,179 - INFO - Parsed arguments:
{
    "data_path": "data/100K/sample_100K.csv",
    "output_dir": "logs/training/all/Experiment10/tabnet",
    "target_column": "tag",
    "important_features": null,
    "similarity_threshold": 0.05,
    "model_type": "tabnet",
    "gnn_type": "gcn",
    "hidden_dim": 64,
    "num_layers": 2,
    "dropout": 0.1,
    "batch_size": 32,
    "epochs": 100,
    "lr": 0.001,
    "weight_decay": 0.0001,
    "patience": 10,
    "seed": 42,
    "device": "cuda",
    "precomputed_similarity_path": "data/100K/similarity_output_merged_100K.pt"
}
2025-08-05 18:32:34,187 - INFO - Using device: cuda
2025-08-05 18:32:34,187 - INFO - Initialized I/O data processor for data/100K/sample_100K.csv
2025-08-05 18:32:34,187 - INFO - Loading data from data/100K/sample_100K.csv
2025-08-05 18:32:34,485 - INFO - Loaded data with shape (100000, 46)
2025-08-05 18:32:34,485 - INFO - Preprocessing data
2025-08-05 18:32:34,485 - INFO - Initialized feature similarity graph constructor for nprocs
2025-08-05 18:32:34,485 - INFO - Initialized feature similarity graph constructor for POSIX_OPENS
2025-08-05 18:32:34,485 - INFO - Initialized feature similarity graph constructor for LUSTRE_STRIPE_SIZE
2025-08-05 18:32:34,485 - INFO - Initialized feature similarity graph constructor for LUSTRE_STRIPE_WIDTH
2025-08-05 18:32:34,485 - INFO - Initialized feature similarity graph constructor for POSIX_FILENOS
2025-08-05 18:32:34,485 - INFO - Initialized feature similarity graph constructor for POSIX_MEM_ALIGNMENT
2025-08-05 18:32:34,485 - INFO - Initialized feature similarity graph constructor for POSIX_FILE_ALIGNMENT
2025-08-05 18:32:34,485 - INFO - Initialized feature similarity graph constructor for POSIX_READS
2025-08-05 18:32:34,485 - INFO - Initialized feature similarity graph constructor for POSIX_WRITES
2025-08-05 18:32:34,485 - INFO - Initialized feature similarity graph constructor for POSIX_SEEKS
2025-08-05 18:32:34,485 - INFO - Initialized feature similarity graph constructor for POSIX_STATS
2025-08-05 18:32:34,485 - INFO - Initialized feature similarity graph constructor for POSIX_BYTES_READ
2025-08-05 18:32:34,485 - INFO - Initialized feature similarity graph constructor for POSIX_BYTES_WRITTEN
2025-08-05 18:32:34,485 - INFO - Initialized feature similarity graph constructor for POSIX_CONSEC_READS
2025-08-05 18:32:34,485 - INFO - Initialized feature similarity graph constructor for POSIX_CONSEC_WRITES
2025-08-05 18:32:34,485 - INFO - Initialized feature similarity graph constructor for POSIX_SEQ_READS
2025-08-05 18:32:34,485 - INFO - Initialized feature similarity graph constructor for POSIX_SEQ_WRITES
2025-08-05 18:32:34,485 - INFO - Initialized feature similarity graph constructor for POSIX_RW_SWITCHES
2025-08-05 18:32:34,485 - INFO - Initialized feature similarity graph constructor for POSIX_MEM_NOT_ALIGNED
2025-08-05 18:32:34,485 - INFO - Initialized feature similarity graph constructor for POSIX_FILE_NOT_ALIGNED
2025-08-05 18:32:34,485 - INFO - Initialized feature similarity graph constructor for POSIX_SIZE_READ_0_100
2025-08-05 18:32:34,485 - INFO - Initialized feature similarity graph constructor for POSIX_SIZE_READ_100_1K
2025-08-05 18:32:34,486 - INFO - Initialized feature similarity graph constructor for POSIX_SIZE_READ_1K_10K
2025-08-05 18:32:34,486 - INFO - Initialized feature similarity graph constructor for POSIX_SIZE_READ_100K_1M
2025-08-05 18:32:34,486 - INFO - Initialized feature similarity graph constructor for POSIX_SIZE_WRITE_0_100
2025-08-05 18:32:34,486 - INFO - Initialized feature similarity graph constructor for POSIX_SIZE_WRITE_100_1K
2025-08-05 18:32:34,486 - INFO - Initialized feature similarity graph constructor for POSIX_SIZE_WRITE_1K_10K
2025-08-05 18:32:34,486 - INFO - Initialized feature similarity graph constructor for POSIX_SIZE_WRITE_10K_100K
2025-08-05 18:32:34,486 - INFO - Initialized feature similarity graph constructor for POSIX_SIZE_WRITE_100K_1M
2025-08-05 18:32:34,486 - INFO - Initialized feature similarity graph constructor for POSIX_STRIDE1_STRIDE
2025-08-05 18:32:34,486 - INFO - Initialized feature similarity graph constructor for POSIX_STRIDE2_STRIDE
2025-08-05 18:32:34,486 - INFO - Initialized feature similarity graph constructor for POSIX_STRIDE3_STRIDE
2025-08-05 18:32:34,486 - INFO - Initialized feature similarity graph constructor for POSIX_STRIDE4_STRIDE
2025-08-05 18:32:34,486 - INFO - Initialized feature similarity graph constructor for POSIX_STRIDE1_COUNT
2025-08-05 18:32:34,486 - INFO - Initialized feature similarity graph constructor for POSIX_STRIDE2_COUNT
2025-08-05 18:32:34,486 - INFO - Initialized feature similarity graph constructor for POSIX_STRIDE3_COUNT
2025-08-05 18:32:34,486 - INFO - Initialized feature similarity graph constructor for POSIX_STRIDE4_COUNT
2025-08-05 18:32:34,486 - INFO - Initialized feature similarity graph constructor for POSIX_ACCESS1_ACCESS
2025-08-05 18:32:34,486 - INFO - Initialized feature similarity graph constructor for POSIX_ACCESS2_ACCESS
2025-08-05 18:32:34,486 - INFO - Initialized feature similarity graph constructor for POSIX_ACCESS3_ACCESS
2025-08-05 18:32:34,486 - INFO - Initialized feature similarity graph constructor for POSIX_ACCESS4_ACCESS
2025-08-05 18:32:34,486 - INFO - Initialized feature similarity graph constructor for POSIX_ACCESS1_COUNT
2025-08-05 18:32:34,486 - INFO - Initialized feature similarity graph constructor for POSIX_ACCESS2_COUNT
2025-08-05 18:32:34,486 - INFO - Initialized feature similarity graph constructor for POSIX_ACCESS3_COUNT
2025-08-05 18:32:34,486 - INFO - Initialized feature similarity graph constructor for POSIX_ACCESS4_COUNT
2025-08-05 18:32:34,486 - INFO - Initialized multiplex graph constructor for 45 features
2025-08-05 18:32:34,486 - INFO - Creating combined PyG data
2025-08-05 18:32:34,486 - INFO - Loading precomputed similarity from data/100K/similarity_output_merged_100K.pt
2025-08-05 18:33:23,943 - INFO - Loading precomputed similarity from data/100K/similarity_output_merged_100K.pt
2025-08-05 18:34:08,311 - INFO - Splitting data into train, validation, and test sets
2025-08-05 18:34:08,410 - INFO - Train: 69999, Val: 15001, Test: 15000
2025-08-05 18:34:08,419 - INFO - Saving processed data to logs/training/all/Experiment10/tabnet/processed_data
2025-08-05 18:34:10,234 - INFO - Constructing multiplex graphs
2025-08-05 18:34:10,235 - INFO - Loading precomputed similarity from data/100K/similarity_output_merged_100K.pt
2025-08-05 18:34:48,270 - INFO - Creating combined PyG data
2025-08-05 18:34:48,270 - INFO - Loading precomputed similarity from data/100K/similarity_output_merged_100K.pt
2025-08-05 18:35:27,727 - INFO - Loading precomputed similarity from data/100K/similarity_output_merged_100K.pt
2025-08-05 18:36:18,648 - INFO - Saved processed data to logs/training/all/Experiment10/tabnet/processed_data
2025-08-05 18:36:18,662 - INFO - Initialized tabnet model
/u/mbanisharifdehkordi/.local/lib/python3.9/site-packages/pytorch_tabnet/abstract_model.py:82: UserWarning: Device used : cuda
  warnings.warn(f"Device used : {self.device}")
/u/mbanisharifdehkordi/.local/lib/python3.9/site-packages/pytorch_tabnet/abstract_model.py:687: UserWarning: No early stopping will be performed, last training weights will be used.
  warnings.warn(wrn_msg)
2025-08-05 18:38:56,928 - INFO - TabNet model fitted with 45 features
2025-08-05 18:38:57,146 - INFO - Evaluation metrics: {'mse': 0.0007138645160011947, 'rmse': 0.02671824313088708, 'mae': 0.020810380578041077, 'r2': 0.7003421783447266}
2025-08-05 18:38:57,153 - INFO - Final metrics: {'mse': 0.0007138645160011947, 'rmse': 0.02671824313088708, 'mae': 0.020810380578041077, 'r2': 0.7003421783447266}
2025-08-05 18:38:57,153 - INFO - Model and results saved to logs/training/all/Experiment10/tabnet
2025-08-05 18:38:57,197 - INFO - Model saved to logs/training/all/Experiment10/tabnet/tabnet_model.joblib
2025-08-05 18:39:03,943 - INFO - Parsed arguments:
{
    "data_path": "data/100K/sample_100K.csv",
    "output_dir": "logs/training/all/Experiment10/combined",
    "target_column": "tag",
    "important_features": null,
    "similarity_threshold": 0.05,
    "model_type": "combined",
    "gnn_type": "gcn",
    "hidden_dim": 64,
    "num_layers": 2,
    "dropout": 0.1,
    "batch_size": 32,
    "epochs": 100,
    "lr": 0.001,
    "weight_decay": 0.0001,
    "patience": 10,
    "seed": 42,
    "device": "cuda",
    "precomputed_similarity_path": "data/100K/similarity_output_merged_100K.pt"
}
2025-08-05 18:39:03,951 - INFO - Using device: cuda
2025-08-05 18:39:03,951 - INFO - Initialized I/O data processor for data/100K/sample_100K.csv
2025-08-05 18:39:03,951 - INFO - Loading data from data/100K/sample_100K.csv
2025-08-05 18:39:04,266 - INFO - Loaded data with shape (100000, 46)
2025-08-05 18:39:04,267 - INFO - Preprocessing data
2025-08-05 18:39:04,267 - INFO - Initialized feature similarity graph constructor for nprocs
2025-08-05 18:39:04,267 - INFO - Initialized feature similarity graph constructor for POSIX_OPENS
2025-08-05 18:39:04,267 - INFO - Initialized feature similarity graph constructor for LUSTRE_STRIPE_SIZE
2025-08-05 18:39:04,267 - INFO - Initialized feature similarity graph constructor for LUSTRE_STRIPE_WIDTH
2025-08-05 18:39:04,267 - INFO - Initialized feature similarity graph constructor for POSIX_FILENOS
2025-08-05 18:39:04,267 - INFO - Initialized feature similarity graph constructor for POSIX_MEM_ALIGNMENT
2025-08-05 18:39:04,267 - INFO - Initialized feature similarity graph constructor for POSIX_FILE_ALIGNMENT
2025-08-05 18:39:04,267 - INFO - Initialized feature similarity graph constructor for POSIX_READS
2025-08-05 18:39:04,267 - INFO - Initialized feature similarity graph constructor for POSIX_WRITES
2025-08-05 18:39:04,267 - INFO - Initialized feature similarity graph constructor for POSIX_SEEKS
2025-08-05 18:39:04,267 - INFO - Initialized feature similarity graph constructor for POSIX_STATS
2025-08-05 18:39:04,267 - INFO - Initialized feature similarity graph constructor for POSIX_BYTES_READ
2025-08-05 18:39:04,267 - INFO - Initialized feature similarity graph constructor for POSIX_BYTES_WRITTEN
2025-08-05 18:39:04,267 - INFO - Initialized feature similarity graph constructor for POSIX_CONSEC_READS
2025-08-05 18:39:04,267 - INFO - Initialized feature similarity graph constructor for POSIX_CONSEC_WRITES
2025-08-05 18:39:04,267 - INFO - Initialized feature similarity graph constructor for POSIX_SEQ_READS
2025-08-05 18:39:04,267 - INFO - Initialized feature similarity graph constructor for POSIX_SEQ_WRITES
2025-08-05 18:39:04,267 - INFO - Initialized feature similarity graph constructor for POSIX_RW_SWITCHES
2025-08-05 18:39:04,267 - INFO - Initialized feature similarity graph constructor for POSIX_MEM_NOT_ALIGNED
2025-08-05 18:39:04,267 - INFO - Initialized feature similarity graph constructor for POSIX_FILE_NOT_ALIGNED
2025-08-05 18:39:04,267 - INFO - Initialized feature similarity graph constructor for POSIX_SIZE_READ_0_100
2025-08-05 18:39:04,267 - INFO - Initialized feature similarity graph constructor for POSIX_SIZE_READ_100_1K
2025-08-05 18:39:04,267 - INFO - Initialized feature similarity graph constructor for POSIX_SIZE_READ_1K_10K
2025-08-05 18:39:04,267 - INFO - Initialized feature similarity graph constructor for POSIX_SIZE_READ_100K_1M
2025-08-05 18:39:04,267 - INFO - Initialized feature similarity graph constructor for POSIX_SIZE_WRITE_0_100
2025-08-05 18:39:04,267 - INFO - Initialized feature similarity graph constructor for POSIX_SIZE_WRITE_100_1K
2025-08-05 18:39:04,267 - INFO - Initialized feature similarity graph constructor for POSIX_SIZE_WRITE_1K_10K
2025-08-05 18:39:04,267 - INFO - Initialized feature similarity graph constructor for POSIX_SIZE_WRITE_10K_100K
2025-08-05 18:39:04,267 - INFO - Initialized feature similarity graph constructor for POSIX_SIZE_WRITE_100K_1M
2025-08-05 18:39:04,267 - INFO - Initialized feature similarity graph constructor for POSIX_STRIDE1_STRIDE
2025-08-05 18:39:04,267 - INFO - Initialized feature similarity graph constructor for POSIX_STRIDE2_STRIDE
2025-08-05 18:39:04,267 - INFO - Initialized feature similarity graph constructor for POSIX_STRIDE3_STRIDE
2025-08-05 18:39:04,267 - INFO - Initialized feature similarity graph constructor for POSIX_STRIDE4_STRIDE
2025-08-05 18:39:04,267 - INFO - Initialized feature similarity graph constructor for POSIX_STRIDE1_COUNT
2025-08-05 18:39:04,267 - INFO - Initialized feature similarity graph constructor for POSIX_STRIDE2_COUNT
2025-08-05 18:39:04,267 - INFO - Initialized feature similarity graph constructor for POSIX_STRIDE3_COUNT
2025-08-05 18:39:04,267 - INFO - Initialized feature similarity graph constructor for POSIX_STRIDE4_COUNT
2025-08-05 18:39:04,267 - INFO - Initialized feature similarity graph constructor for POSIX_ACCESS1_ACCESS
2025-08-05 18:39:04,267 - INFO - Initialized feature similarity graph constructor for POSIX_ACCESS2_ACCESS
2025-08-05 18:39:04,267 - INFO - Initialized feature similarity graph constructor for POSIX_ACCESS3_ACCESS
2025-08-05 18:39:04,267 - INFO - Initialized feature similarity graph constructor for POSIX_ACCESS4_ACCESS
2025-08-05 18:39:04,267 - INFO - Initialized feature similarity graph constructor for POSIX_ACCESS1_COUNT
2025-08-05 18:39:04,267 - INFO - Initialized feature similarity graph constructor for POSIX_ACCESS2_COUNT
2025-08-05 18:39:04,267 - INFO - Initialized feature similarity graph constructor for POSIX_ACCESS3_COUNT
2025-08-05 18:39:04,267 - INFO - Initialized feature similarity graph constructor for POSIX_ACCESS4_COUNT
2025-08-05 18:39:04,267 - INFO - Initialized multiplex graph constructor for 45 features
2025-08-05 18:39:04,267 - INFO - Creating combined PyG data
2025-08-05 18:39:04,268 - INFO - Loading precomputed similarity from data/100K/similarity_output_merged_100K.pt
2025-08-05 18:39:53,589 - INFO - Loading precomputed similarity from data/100K/similarity_output_merged_100K.pt
2025-08-05 18:40:37,737 - INFO - Splitting data into train, validation, and test sets
2025-08-05 18:40:37,835 - INFO - Train: 69999, Val: 15001, Test: 15000
2025-08-05 18:40:37,843 - INFO - Saving processed data to logs/training/all/Experiment10/combined/processed_data
2025-08-05 18:40:39,681 - INFO - Constructing multiplex graphs
2025-08-05 18:40:39,681 - INFO - Loading precomputed similarity from data/100K/similarity_output_merged_100K.pt
2025-08-05 18:41:18,496 - INFO - Creating combined PyG data
2025-08-05 18:41:18,496 - INFO - Loading precomputed similarity from data/100K/similarity_output_merged_100K.pt
2025-08-05 18:41:58,242 - INFO - Loading precomputed similarity from data/100K/similarity_output_merged_100K.pt
2025-08-05 18:42:49,487 - INFO - Saved processed data to logs/training/all/Experiment10/combined/processed_data
2025-08-05 18:42:49,870 - INFO - Initialized GCN model with 2 layers
2025-08-05 18:42:49,870 - INFO - Initialized TabGNN regressor with 1 graph types
2025-08-05 18:42:50,211 - INFO - Epoch 1/100: Train Loss: 0.0163, Val Loss: 0.0082, Test Loss: 0.0078
2025-08-05 18:42:50,370 - INFO - Epoch 2/100: Train Loss: 0.0083, Val Loss: 0.0050, Test Loss: 0.0050
2025-08-05 18:42:50,527 - INFO - Epoch 3/100: Train Loss: 0.0055, Val Loss: 0.0043, Test Loss: 0.0043
2025-08-05 18:42:50,684 - INFO - Epoch 4/100: Train Loss: 0.0047, Val Loss: 0.0041, Test Loss: 0.0040
2025-08-05 18:42:50,840 - INFO - Epoch 5/100: Train Loss: 0.0043, Val Loss: 0.0033, Test Loss: 0.0033
2025-08-05 18:42:50,996 - INFO - Epoch 6/100: Train Loss: 0.0036, Val Loss: 0.0026, Test Loss: 0.0026
2025-08-05 18:42:51,153 - INFO - Epoch 7/100: Train Loss: 0.0030, Val Loss: 0.0025, Test Loss: 0.0025
2025-08-05 18:42:51,309 - INFO - Epoch 8/100: Train Loss: 0.0031, Val Loss: 0.0024, Test Loss: 0.0024
2025-08-05 18:42:51,466 - INFO - Epoch 9/100: Train Loss: 0.0030, Val Loss: 0.0021, Test Loss: 0.0021
2025-08-05 18:42:51,623 - INFO - Epoch 10/100: Train Loss: 0.0025, Val Loss: 0.0017, Test Loss: 0.0017
2025-08-05 18:42:51,779 - INFO - Epoch 11/100: Train Loss: 0.0023, Val Loss: 0.0015, Test Loss: 0.0016
2025-08-05 18:42:51,935 - INFO - Epoch 12/100: Train Loss: 0.0020, Val Loss: 0.0015, Test Loss: 0.0015
2025-08-05 18:42:52,091 - INFO - Epoch 13/100: Train Loss: 0.0019, Val Loss: 0.0014, Test Loss: 0.0014
2025-08-05 18:42:52,248 - INFO - Epoch 14/100: Train Loss: 0.0017, Val Loss: 0.0013, Test Loss: 0.0012
2025-08-05 18:42:52,404 - INFO - Epoch 15/100: Train Loss: 0.0015, Val Loss: 0.0011, Test Loss: 0.0011
2025-08-05 18:42:52,560 - INFO - Epoch 16/100: Train Loss: 0.0015, Val Loss: 0.0009, Test Loss: 0.0009
2025-08-05 18:42:52,716 - INFO - Epoch 17/100: Train Loss: 0.0013, Val Loss: 0.0008, Test Loss: 0.0008
2025-08-05 18:42:52,873 - INFO - Epoch 18/100: Train Loss: 0.0013, Val Loss: 0.0008, Test Loss: 0.0009
2025-08-05 18:42:53,029 - INFO - Epoch 19/100: Train Loss: 0.0013, Val Loss: 0.0009, Test Loss: 0.0009
2025-08-05 18:42:53,185 - INFO - Epoch 20/100: Train Loss: 0.0014, Val Loss: 0.0009, Test Loss: 0.0009
2025-08-05 18:42:53,341 - INFO - Epoch 21/100: Train Loss: 0.0013, Val Loss: 0.0009, Test Loss: 0.0009
2025-08-05 18:42:53,497 - INFO - Epoch 22/100: Train Loss: 0.0013, Val Loss: 0.0009, Test Loss: 0.0009
2025-08-05 18:42:53,653 - INFO - Epoch 23/100: Train Loss: 0.0012, Val Loss: 0.0009, Test Loss: 0.0009
2025-08-05 18:42:53,810 - INFO - Epoch 24/100: Train Loss: 0.0012, Val Loss: 0.0009, Test Loss: 0.0009
2025-08-05 18:42:53,966 - INFO - Epoch 25/100: Train Loss: 0.0012, Val Loss: 0.0009, Test Loss: 0.0009
2025-08-05 18:42:54,122 - INFO - Epoch 26/100: Train Loss: 0.0012, Val Loss: 0.0008, Test Loss: 0.0008
2025-08-05 18:42:54,278 - INFO - Epoch 27/100: Train Loss: 0.0011, Val Loss: 0.0008, Test Loss: 0.0008
2025-08-05 18:42:54,434 - INFO - Epoch 28/100: Train Loss: 0.0011, Val Loss: 0.0008, Test Loss: 0.0008
2025-08-05 18:42:54,591 - INFO - Epoch 29/100: Train Loss: 0.0011, Val Loss: 0.0007, Test Loss: 0.0007
2025-08-05 18:42:54,747 - INFO - Epoch 30/100: Train Loss: 0.0011, Val Loss: 0.0007, Test Loss: 0.0007
2025-08-05 18:42:54,903 - INFO - Epoch 31/100: Train Loss: 0.0010, Val Loss: 0.0007, Test Loss: 0.0007
2025-08-05 18:42:55,060 - INFO - Epoch 32/100: Train Loss: 0.0010, Val Loss: 0.0007, Test Loss: 0.0007
2025-08-05 18:42:55,216 - INFO - Epoch 33/100: Train Loss: 0.0010, Val Loss: 0.0007, Test Loss: 0.0007
2025-08-05 18:42:55,372 - INFO - Epoch 34/100: Train Loss: 0.0010, Val Loss: 0.0007, Test Loss: 0.0007
2025-08-05 18:42:55,528 - INFO - Epoch 35/100: Train Loss: 0.0010, Val Loss: 0.0007, Test Loss: 0.0007
2025-08-05 18:42:55,684 - INFO - Epoch 36/100: Train Loss: 0.0010, Val Loss: 0.0007, Test Loss: 0.0007
2025-08-05 18:42:55,841 - INFO - Epoch 37/100: Train Loss: 0.0010, Val Loss: 0.0007, Test Loss: 0.0007
2025-08-05 18:42:55,997 - INFO - Epoch 38/100: Train Loss: 0.0010, Val Loss: 0.0007, Test Loss: 0.0007
2025-08-05 18:42:56,153 - INFO - Epoch 39/100: Train Loss: 0.0010, Val Loss: 0.0007, Test Loss: 0.0007
2025-08-05 18:42:56,310 - INFO - Epoch 40/100: Train Loss: 0.0009, Val Loss: 0.0007, Test Loss: 0.0007
2025-08-05 18:42:56,466 - INFO - Epoch 41/100: Train Loss: 0.0009, Val Loss: 0.0007, Test Loss: 0.0007
2025-08-05 18:42:56,622 - INFO - Epoch 42/100: Train Loss: 0.0009, Val Loss: 0.0007, Test Loss: 0.0007
2025-08-05 18:42:56,778 - INFO - Epoch 43/100: Train Loss: 0.0009, Val Loss: 0.0007, Test Loss: 0.0007
2025-08-05 18:42:56,934 - INFO - Epoch 44/100: Train Loss: 0.0009, Val Loss: 0.0007, Test Loss: 0.0007
2025-08-05 18:42:57,090 - INFO - Epoch 45/100: Train Loss: 0.0009, Val Loss: 0.0007, Test Loss: 0.0007
2025-08-05 18:42:57,246 - INFO - Epoch 46/100: Train Loss: 0.0009, Val Loss: 0.0007, Test Loss: 0.0007
2025-08-05 18:42:57,403 - INFO - Epoch 47/100: Train Loss: 0.0009, Val Loss: 0.0007, Test Loss: 0.0007
2025-08-05 18:42:57,559 - INFO - Epoch 48/100: Train Loss: 0.0009, Val Loss: 0.0007, Test Loss: 0.0007
2025-08-05 18:42:57,715 - INFO - Epoch 49/100: Train Loss: 0.0009, Val Loss: 0.0007, Test Loss: 0.0007
2025-08-05 18:42:57,871 - INFO - Epoch 50/100: Train Loss: 0.0009, Val Loss: 0.0007, Test Loss: 0.0007
2025-08-05 18:42:58,027 - INFO - Epoch 51/100: Train Loss: 0.0009, Val Loss: 0.0006, Test Loss: 0.0007
2025-08-05 18:42:58,183 - INFO - Epoch 52/100: Train Loss: 0.0009, Val Loss: 0.0006, Test Loss: 0.0007
2025-08-05 18:42:58,339 - INFO - Epoch 53/100: Train Loss: 0.0009, Val Loss: 0.0006, Test Loss: 0.0007
2025-08-05 18:42:58,496 - INFO - Epoch 54/100: Train Loss: 0.0009, Val Loss: 0.0006, Test Loss: 0.0006
2025-08-05 18:42:58,652 - INFO - Epoch 55/100: Train Loss: 0.0009, Val Loss: 0.0006, Test Loss: 0.0006
2025-08-05 18:42:58,809 - INFO - Epoch 56/100: Train Loss: 0.0009, Val Loss: 0.0006, Test Loss: 0.0006
2025-08-05 18:42:58,965 - INFO - Epoch 57/100: Train Loss: 0.0009, Val Loss: 0.0006, Test Loss: 0.0006
2025-08-05 18:42:59,121 - INFO - Epoch 58/100: Train Loss: 0.0008, Val Loss: 0.0006, Test Loss: 0.0006
2025-08-05 18:42:59,277 - INFO - Epoch 59/100: Train Loss: 0.0008, Val Loss: 0.0006, Test Loss: 0.0006
2025-08-05 18:42:59,433 - INFO - Epoch 60/100: Train Loss: 0.0008, Val Loss: 0.0006, Test Loss: 0.0006
2025-08-05 18:42:59,589 - INFO - Epoch 61/100: Train Loss: 0.0008, Val Loss: 0.0006, Test Loss: 0.0006
2025-08-05 18:42:59,746 - INFO - Epoch 62/100: Train Loss: 0.0008, Val Loss: 0.0006, Test Loss: 0.0006
2025-08-05 18:42:59,901 - INFO - Epoch 63/100: Train Loss: 0.0008, Val Loss: 0.0006, Test Loss: 0.0006
2025-08-05 18:43:00,058 - INFO - Epoch 64/100: Train Loss: 0.0008, Val Loss: 0.0006, Test Loss: 0.0006
2025-08-05 18:43:00,214 - INFO - Epoch 65/100: Train Loss: 0.0008, Val Loss: 0.0006, Test Loss: 0.0006
2025-08-05 18:43:00,371 - INFO - Epoch 66/100: Train Loss: 0.0008, Val Loss: 0.0006, Test Loss: 0.0006
2025-08-05 18:43:00,527 - INFO - Epoch 67/100: Train Loss: 0.0008, Val Loss: 0.0006, Test Loss: 0.0006
2025-08-05 18:43:00,683 - INFO - Epoch 68/100: Train Loss: 0.0008, Val Loss: 0.0006, Test Loss: 0.0006
2025-08-05 18:43:00,839 - INFO - Epoch 69/100: Train Loss: 0.0008, Val Loss: 0.0006, Test Loss: 0.0006
2025-08-05 18:43:00,995 - INFO - Epoch 70/100: Train Loss: 0.0008, Val Loss: 0.0006, Test Loss: 0.0006
2025-08-05 18:43:01,152 - INFO - Epoch 71/100: Train Loss: 0.0008, Val Loss: 0.0006, Test Loss: 0.0006
2025-08-05 18:43:01,308 - INFO - Epoch 72/100: Train Loss: 0.0008, Val Loss: 0.0006, Test Loss: 0.0006
2025-08-05 18:43:01,464 - INFO - Epoch 73/100: Train Loss: 0.0008, Val Loss: 0.0006, Test Loss: 0.0006
2025-08-05 18:43:01,621 - INFO - Epoch 74/100: Train Loss: 0.0008, Val Loss: 0.0006, Test Loss: 0.0006
2025-08-05 18:43:01,777 - INFO - Epoch 75/100: Train Loss: 0.0008, Val Loss: 0.0006, Test Loss: 0.0006
2025-08-05 18:43:01,933 - INFO - Epoch 76/100: Train Loss: 0.0008, Val Loss: 0.0006, Test Loss: 0.0006
2025-08-05 18:43:02,089 - INFO - Epoch 77/100: Train Loss: 0.0008, Val Loss: 0.0006, Test Loss: 0.0006
2025-08-05 18:43:02,246 - INFO - Epoch 78/100: Train Loss: 0.0008, Val Loss: 0.0006, Test Loss: 0.0006
2025-08-05 18:43:02,402 - INFO - Epoch 79/100: Train Loss: 0.0008, Val Loss: 0.0005, Test Loss: 0.0006
2025-08-05 18:43:02,558 - INFO - Epoch 80/100: Train Loss: 0.0008, Val Loss: 0.0005, Test Loss: 0.0006
2025-08-05 18:43:02,714 - INFO - Epoch 81/100: Train Loss: 0.0008, Val Loss: 0.0005, Test Loss: 0.0006
2025-08-05 18:43:02,870 - INFO - Epoch 82/100: Train Loss: 0.0008, Val Loss: 0.0005, Test Loss: 0.0006
2025-08-05 18:43:03,027 - INFO - Epoch 83/100: Train Loss: 0.0007, Val Loss: 0.0005, Test Loss: 0.0006
2025-08-05 18:43:03,183 - INFO - Epoch 84/100: Train Loss: 0.0007, Val Loss: 0.0005, Test Loss: 0.0006
2025-08-05 18:43:03,339 - INFO - Epoch 85/100: Train Loss: 0.0007, Val Loss: 0.0005, Test Loss: 0.0005
2025-08-05 18:43:03,495 - INFO - Epoch 86/100: Train Loss: 0.0007, Val Loss: 0.0005, Test Loss: 0.0005
2025-08-05 18:43:03,651 - INFO - Epoch 87/100: Train Loss: 0.0007, Val Loss: 0.0005, Test Loss: 0.0005
2025-08-05 18:43:03,808 - INFO - Epoch 88/100: Train Loss: 0.0007, Val Loss: 0.0005, Test Loss: 0.0005
2025-08-05 18:43:03,964 - INFO - Epoch 89/100: Train Loss: 0.0007, Val Loss: 0.0005, Test Loss: 0.0005
2025-08-05 18:43:04,120 - INFO - Epoch 90/100: Train Loss: 0.0007, Val Loss: 0.0005, Test Loss: 0.0005
2025-08-05 18:43:04,276 - INFO - Epoch 91/100: Train Loss: 0.0007, Val Loss: 0.0005, Test Loss: 0.0005
2025-08-05 18:43:04,433 - INFO - Epoch 92/100: Train Loss: 0.0007, Val Loss: 0.0005, Test Loss: 0.0005
2025-08-05 18:43:04,589 - INFO - Epoch 93/100: Train Loss: 0.0007, Val Loss: 0.0005, Test Loss: 0.0005
2025-08-05 18:43:04,745 - INFO - Epoch 94/100: Train Loss: 0.0007, Val Loss: 0.0005, Test Loss: 0.0005
2025-08-05 18:43:04,901 - INFO - Epoch 95/100: Train Loss: 0.0007, Val Loss: 0.0005, Test Loss: 0.0005
2025-08-05 18:43:05,058 - INFO - Epoch 96/100: Train Loss: 0.0007, Val Loss: 0.0005, Test Loss: 0.0005
2025-08-05 18:43:05,214 - INFO - Epoch 97/100: Train Loss: 0.0007, Val Loss: 0.0005, Test Loss: 0.0005
2025-08-05 18:43:05,370 - INFO - Epoch 98/100: Train Loss: 0.0007, Val Loss: 0.0005, Test Loss: 0.0005
2025-08-05 18:43:05,526 - INFO - Epoch 99/100: Train Loss: 0.0007, Val Loss: 0.0005, Test Loss: 0.0005
2025-08-05 18:43:05,683 - INFO - Epoch 100/100: Train Loss: 0.0007, Val Loss: 0.0005, Test Loss: 0.0005
2025-08-05 18:43:05,683 - INFO - Initialized lightgbm model
2025-08-05 18:43:05,683 - INFO - Initialized TabGNN tabular model with lightgbm base model
/u/mbanisharifdehkordi/.conda/envs/gnn4_env/lib/python3.9/site-packages/sklearn/utils/deprecation.py:151: FutureWarning: 'force_all_finite' was renamed to 'ensure_all_finite' in 1.6 and will be removed in 1.8.
  warnings.warn(
2025-08-05 18:43:14,117 - INFO - LightGBM model fitted with 109 features
2025-08-05 18:43:14,117 - INFO - TabGNN tabular model fitted with 109 features
/u/mbanisharifdehkordi/.conda/envs/gnn4_env/lib/python3.9/site-packages/sklearn/utils/deprecation.py:151: FutureWarning: 'force_all_finite' was renamed to 'ensure_all_finite' in 1.6 and will be removed in 1.8.
  warnings.warn(
2025-08-05 18:43:14,297 - INFO - Evaluation metrics: {'mse': 5.1004793472713114e-05, 'rmse': 0.0071417640308759234, 'mae': 0.0038533379344904087, 'r2': 0.9787788019505703}
2025-08-05 18:43:14,301 - INFO - Final metrics: {'mse': 5.1004793472713114e-05, 'rmse': 0.0071417640308759234, 'mae': 0.0038533379344904087, 'r2': 0.9787788019505703}
2025-08-05 18:43:14,301 - INFO - Model and results saved to logs/training/all/Experiment10/combined
2025-08-05 18:43:14,306 - INFO - Model checkpoint saved to logs/training/all/Experiment10/combined/tabgnn_part.pt
2025-08-05 18:43:14,335 - INFO - Model saved to logs/training/all/Experiment10/combined/tabular_part.joblib
2025-08-05 18:43:14,335 - INFO - TabGNN tabular model saved to logs/training/all/Experiment10/combined/tabgnn_part.pt and logs/training/all/Experiment10/combined/tabular_part.joblib
2025-08-05 18:43:16,662 - INFO - Loaded metrics for catboost: {'mse': 0.00011812680738033972, 'rmse': 0.010868615706719036, 'mae': 0.005651529015162931, 'r2': 0.9504140944041799}
2025-08-05 18:43:16,663 - INFO - Loaded metrics for combined: {'mse': 5.1004793472713114e-05, 'rmse': 0.0071417640308759234, 'mae': 0.0038533379344904087, 'r2': 0.9787788019505703}
2025-08-05 18:43:16,663 - INFO - Loaded metrics for lightgbm: {'mse': 0.00010251345309648767, 'rmse': 0.010124892744937483, 'mae': 0.005038886044565447, 'r2': 0.9569680877670957}
2025-08-05 18:43:16,665 - INFO - Loaded metrics for mlp: {'mse': 0.00016342374146915972, 'rmse': 0.012783729560232403, 'mae': 0.006873586215078831, 'r2': 0.9313998818397522}
2025-08-05 18:43:16,666 - INFO - Loaded metrics for tabgnn: {'mse': 0.0005023336852900684, 'rmse': 0.0224128018170435, 'mae': 0.013538459315896034, 'r2': 0.7891361713409424}
2025-08-05 18:43:16,667 - INFO - Loaded metrics for tabnet: {'mse': 0.0007138645160011947, 'rmse': 0.02671824313088708, 'mae': 0.020810380578041077, 'r2': 0.7003421783447266}
2025-08-05 18:43:16,668 - INFO - Loaded metrics for xgboost: {'mse': 9.786496229935437e-05, 'rmse': 0.009892672151615779, 'mae': 0.0048816814087331295, 'r2': 0.9589194059371948}
2025-08-05 18:43:16,698 - INFO - Comparison report saved to logs/training/comparison_report_Experiment10.json
2025-08-05 18:43:16,698 - INFO - Markdown summary saved to logs/training/comparison_report_Experiment10.md
2025-08-05 18:43:16,811 - INFO - Saved RMSE plot to logs/training/model_comparison_Experiment10_rmse.png
2025-08-05 18:43:16,907 - INFO - Saved MAE plot to logs/training/model_comparison_Experiment10_mae.png
2025-08-05 18:43:16,994 - INFO - Saved R2 plot to logs/training/model_comparison_Experiment10_r2.png
2025-08-05 18:43:16,994 - INFO - Best model: combined
2025-08-05 18:43:16,994 - INFO - Best metrics: {'mse': 5.1004793472713114e-05, 'rmse': 0.0071417640308759234, 'mae': 0.0038533379344904087, 'r2': 0.9787788019505703, 'improvement': 29.463311752641967}
